#
# There is insufficient memory for the Java Runtime Environment to continue.
# Native memory allocation (malloc) failed to allocate 32744 bytes. Error detail: Chunk::new
# Possible reasons:
#   The system is out of physical RAM or swap space
#   This process is running with CompressedOops enabled, and the Java Heap may be blocking the growth of the native heap
# Possible solutions:
#   Reduce memory load on the system
#   Increase physical memory or swap space
#   Check if swap backing store is full
#   Decrease Java heap size (-Xmx/-Xms)
#   Decrease number of Java threads
#   Decrease Java thread stack sizes (-Xss)
#   Set larger code cache with -XX:ReservedCodeCacheSize=
#   JVM is running with Unscaled Compressed Oops mode in which the Java heap is
#     placed in the first 4GB address space. The Java Heap base address is the
#     maximum limit for the native heap growth. Please use -XX:HeapBaseMinAddress
#     to set the Java Heap base and to place the Java Heap above 4GB virtual address.
# This output file may be truncated or incomplete.
#
#  Out of Memory Error (arena.cpp:168), pid=41840, tid=42332
#
# JRE version: OpenJDK Runtime Environment Temurin-21.0.12.1+1 (21.0.12.1+1) (build 21.0.12.1+1-LTS)
# Java VM: OpenJDK 64-Bit Server VM Temurin-21.0.12.1+1 (21.0.12.1+1-LTS, mixed mode, sharing, tiered, compressed oops, compressed class ptrs, g1 gc, windows-amd64)
# No core dump will be written. Minidumps are not enabled by default on client versions of Windows
#

---------------  S U M M A R Y ------------

Command Line: --add-opens=java.base/java.lang=ALL-UNNAMED --add-opens=java.base/java.lang.invoke=ALL-UNNAMED --add-opens=java.base/java.util=ALL-UNNAMED --add-opens=java.prefs/java.util.prefs=ALL-UNNAMED --add-exports=jdk.compiler/com.sun.tools.javac.api=ALL-UNNAMED --add-exports=jdk.compiler/com.sun.tools.javac.util=ALL-UNNAMED --add-opens=java.base/java.nio.charset=ALL-UNNAMED --add-opens=java.base/java.net=ALL-UNNAMED --add-opens=java.base/java.util.concurrent=ALL-UNNAMED --add-opens=java.base/java.util.concurrent.atomic=ALL-UNNAMED --add-opens=java.xml/javax.xml.namespace=ALL-UNNAMED --add-opens=java.base/java.time=ALL-UNNAMED -XX:MaxMetaspaceSize=384m -XX:+HeapDumpOnOutOfMemoryError -Xms256m -Xmx512m -Dfile.encoding=UTF-8 -Duser.country=JP -Duser.language=ja -Duser.variant -javaagent:C:\Users\momos\.gradle\wrapper\dists\gradle-9.6.1-bin\4ticwg1pgcbps2hj28r8so764\gradle-9.6.1\lib\agents\gradle-instrumentation-agent-9.6.1.jar org.gradle.launcher.daemon.bootstrap.GradleDaemon 9.6.1

Host: AMD Ryzen 7 5700X 8-Core Processor             , 16 cores, 31G,  Windows 11 , 64 bit Build 26100 (10.0.26100.9168)
Time: Thu Sep 10 22:23:18 2026 elapsed time: 43.231898 seconds (0d 0h 0m 43s)

---------------  T H R E A D  ---------------

Current thread (0x00000121280e2b40):  JavaThread "C1 CompilerThread0" daemon [_thread_in_vm, id=42332, stack(0x00000004a2200000,0x00000004a2300000) (1024K)]


Current CompileTask:
C1:43232 8490       3       org.gradle.internal.serialize.InputStreamBackedDecoder::readByte (13 bytes)

Stack: [0x00000004a2200000,0x00000004a2300000]
Native frames: (J=compiled Java code, j=interpreted, Vv=VM code, C=native code)
V  [jvm.dll+0x6d83e9]
V  [jvm.dll+0x8b5736]
V  [jvm.dll+0x8b7cee]
V  [jvm.dll+0x8b83d3]
V  [jvm.dll+0x284596]
V  [jvm.dll+0xc685d]
V  [jvm.dll+0xc6da1]
V  [jvm.dll+0x1fe54b]
V  [jvm.dll+0x1e9b23]
V  [jvm.dll+0x25b947]
V  [jvm.dll+0x25a03a]
V  [jvm.dll+0x3f8aae]
V  [jvm.dll+0x8600cd]
V  [jvm.dll+0x6d6c1d]
C  [ucrtbase.dll+0x2cd30]
C  [KERNEL32.DLL+0x2ccb7]
C  [ntdll.dll+0xaad6c]


---------------  P R O C E S S  ---------------

Threads class SMR info:
_java_thread_list=0x0000012128145040, length=55, elements={
0x0000012111c5f350, 0x00000121280cdab0, 0x00000121280d1340, 0x00000121280d5270,
0x00000121280d5cd0, 0x00000121280d7f80, 0x00000121280da860, 0x00000121280dc2d0,
0x00000121280e2b40, 0x0000012128352320, 0x000001212830a830, 0x0000012143188010,
0x00000121287b0510, 0x00000121285f8080, 0x000001212842c660, 0x00000121286cbdf0,
0x00000121285d4df0, 0x00000121285d40d0, 0x00000121285d4760, 0x00000121285d5480,
0x0000012144b86d50, 0x0000012144b85310, 0x0000012144b859a0, 0x0000012144b83f60,
0x0000012144b866c0, 0x0000012144b873e0, 0x0000012144b86030, 0x0000012144b87a70,
0x0000012144b845f0, 0x0000012144b88100, 0x0000012144b84c80, 0x0000012144b8b580,
0x0000012144b8a1d0, 0x0000012144b88790, 0x0000012144b8a860, 0x0000012144b8aef0,
0x00000121285d6830, 0x00000121285d6ec0, 0x00000121285d7550, 0x00000121442f2810,
0x00000121442f2ea0, 0x00000121442f3530, 0x00000121442f2180, 0x00000121442f0dd0,
0x00000121442f00b0, 0x00000121442f3bc0, 0x00000121442f1460, 0x00000121442f0740,
0x00000121442f4250, 0x00000121442f48e0, 0x00000121442f4f70, 0x00000121442f5600,
0x00000121442f6320, 0x0000012128a862b0, 0x0000012128a839d0
}

Java Threads: ( => current thread )
  0x0000012111c5f350 JavaThread "main"                              [_thread_blocked, id=42100, stack(0x00000004a1300000,0x00000004a1400000) (1024K)]
  0x00000121280cdab0 JavaThread "Reference Handler"          daemon [_thread_blocked, id=42304, stack(0x00000004a1b00000,0x00000004a1c00000) (1024K)]
  0x00000121280d1340 JavaThread "Finalizer"                  daemon [_thread_blocked, id=42308, stack(0x00000004a1c00000,0x00000004a1d00000) (1024K)]
  0x00000121280d5270 JavaThread "Signal Dispatcher"          daemon [_thread_blocked, id=42312, stack(0x00000004a1d00000,0x00000004a1e00000) (1024K)]
  0x00000121280d5cd0 JavaThread "Attach Listener"            daemon [_thread_blocked, id=42316, stack(0x00000004a1e00000,0x00000004a1f00000) (1024K)]
  0x00000121280d7f80 JavaThread "Service Thread"             daemon [_thread_blocked, id=42320, stack(0x00000004a1f00000,0x00000004a2000000) (1024K)]
  0x00000121280da860 JavaThread "Monitor Deflation Thread"   daemon [_thread_blocked, id=42324, stack(0x00000004a2000000,0x00000004a2100000) (1024K)]
  0x00000121280dc2d0 JavaThread "C2 CompilerThread0"         daemon [_thread_blocked, id=42328, stack(0x00000004a2100000,0x00000004a2200000) (1024K)]
=>0x00000121280e2b40 JavaThread "C1 CompilerThread0"         daemon [_thread_in_vm, id=42332, stack(0x00000004a2200000,0x00000004a2300000) (1024K)]
  0x0000012128352320 JavaThread "Common-Cleaner"             daemon [_thread_blocked, id=42420, stack(0x00000004a2600000,0x00000004a2700000) (1024K)]
  0x000001212830a830 JavaThread "Notification Thread"        daemon [_thread_blocked, id=42472, stack(0x00000004a2700000,0x00000004a2800000) (1024K)]
  0x0000012143188010 JavaThread "Daemon health stats"               [_thread_blocked, id=31440, stack(0x00000004a2800000,0x00000004a2900000) (1024K)]
  0x00000121287b0510 JavaThread "Incoming local TCP Connector on port 62533"        [_thread_in_native, id=43828, stack(0x00000004a2900000,0x00000004a2a00000) (1024K)]
  0x00000121285f8080 JavaThread "Daemon periodic checks"            [_thread_in_native, id=43884, stack(0x00000004a2c00000,0x00000004a2d00000) (1024K)]
  0x000001212842c660 JavaThread "Daemon"                            [_thread_blocked, id=44016, stack(0x00000004a3200000,0x00000004a3300000) (1024K)]
  0x00000121286cbdf0 JavaThread "Daemon worker"                     [_thread_blocked, id=44076, stack(0x00000004a2a00000,0x00000004a2b00000) (1024K)]
  0x00000121285d4df0 JavaThread "Cache worker for journal cache (C:\Users\momos\.gradle\caches\journal-1)"        [_thread_blocked, id=44416, stack(0x00000004a3600000,0x00000004a3700000) (1024K)]
  0x00000121285d40d0 JavaThread "File lock request listener"        [_thread_in_native, id=44612, stack(0x00000004a3700000,0x00000004a3800000) (1024K)]
  0x00000121285d4760 JavaThread "File lock release action executor"        [_thread_blocked, id=44784, stack(0x00000004a3900000,0x00000004a3a00000) (1024K)]
  0x00000121285d5480 JavaThread "Cache worker for file hash cache (C:\Users\momos\.gradle\caches\9.6.1\fileHashes)"        [_thread_blocked, id=44832, stack(0x00000004a3a00000,0x00000004a3b00000) (1024K)]
  0x0000012144b86d50 JavaThread "File watcher server"        daemon [_thread_in_native, id=45192, stack(0x00000004a4600000,0x00000004a4700000) (1024K)]
  0x0000012144b85310 JavaThread "File watcher consumer"      daemon [_thread_blocked, id=45200, stack(0x00000004a4700000,0x00000004a4800000) (1024K)]
  0x0000012144b859a0 JavaThread "Cache worker for file content cache (C:\Users\momos\.gradle\caches\9.6.1\fileContent)"        [_thread_blocked, id=45372, stack(0x00000004a4800000,0x00000004a4900000) (1024K)]
  0x0000012144b83f60 JavaThread "VFS cleanup"                       [_thread_blocked, id=39836, stack(0x00000004a2400000,0x00000004a2500000) (1024K)]
  0x0000012144b866c0 JavaThread "Handler for socket connection from /127.0.0.1:62533 to /127.0.0.1:62550"        [_thread_in_native, id=43424, stack(0x00000004a2500000,0x00000004a2600000) (1024K)]
  0x0000012144b873e0 JavaThread "Cancel handler"                    [_thread_blocked, id=44936, stack(0x00000004a2b00000,0x00000004a2c00000) (1024K)]
  0x0000012144b86030 JavaThread "Asynchronous log dispatcher for DefaultDaemonConnection: socket connection from /127.0.0.1:62533 to /127.0.0.1:62550"        [_thread_blocked, id=43224, stack(0x00000004a3300000,0x00000004a3400000) (1024K)]
  0x0000012144b87a70 JavaThread "Stdin handler"                     [_thread_blocked, id=32616, stack(0x00000004a3400000,0x00000004a3500000) (1024K)]
  0x0000012144b845f0 JavaThread "Daemon client event forwarder"        [_thread_blocked, id=32620, stack(0x00000004a3500000,0x00000004a3600000) (1024K)]
  0x0000012144b88100 JavaThread "Cache worker for file hash cache (C:\Users\momos\Downloads\mouse\.gradle\9.6.1\fileHashes)"        [_thread_blocked, id=44148, stack(0x00000004a4500000,0x00000004a4600000) (1024K)]
  0x0000012144b84c80 JavaThread "Cache worker for Build Output Cleanup Cache (C:\Users\momos\Downloads\mouse\.gradle\buildOutputCleanup)"        [_thread_blocked, id=43468, stack(0x00000004a4900000,0x00000004a4a00000) (1024K)]
  0x0000012144b8b580 JavaThread "Cache worker for checksums cache (C:\Users\momos\Downloads\mouse\.gradle\9.6.1\checksums)"        [_thread_blocked, id=45156, stack(0x00000004a4a00000,0x00000004a4b00000) (1024K)]
  0x0000012144b8a1d0 JavaThread "Cache worker for cache directory md-supplier (C:\Users\momos\.gradle\caches\9.6.1\md-supplier)"        [_thread_blocked, id=45708, stack(0x00000004a4b00000,0x00000004a4c00000) (1024K)]
  0x0000012144b88790 JavaThread "Cache worker for cache directory md-rule (C:\Users\momos\.gradle\caches\9.6.1\md-rule)"        [_thread_blocked, id=45420, stack(0x00000004a4c00000,0x00000004a4d00000) (1024K)]
  0x0000012144b8a860 JavaThread "Build operations"                  [_thread_blocked, id=39220, stack(0x00000004a4e00000,0x00000004a4f00000) (1024K)]
  0x0000012144b8aef0 JavaThread "Build operations Thread 2"         [_thread_blocked, id=44140, stack(0x00000004a4f00000,0x00000004a5000000) (1024K)]
  0x00000121285d6830 JavaThread "Build operations Thread 3"         [_thread_blocked, id=30104, stack(0x00000004a5000000,0x00000004a5100000) (1024K)]
  0x00000121285d6ec0 JavaThread "Build operations Thread 4"         [_thread_blocked, id=42416, stack(0x00000004a5100000,0x00000004a5200000) (1024K)]
  0x00000121285d7550 JavaThread "Build operations Thread 5"         [_thread_blocked, id=41936, stack(0x00000004a5200000,0x00000004a5300000) (1024K)]
  0x00000121442f2810 JavaThread "Build operations Thread 6"         [_thread_blocked, id=32516, stack(0x00000004a5300000,0x00000004a5400000) (1024K)]
  0x00000121442f2ea0 JavaThread "Build operations Thread 7"         [_thread_blocked, id=2984, stack(0x00000004a5400000,0x00000004a5500000) (1024K)]
  0x00000121442f3530 JavaThread "Build operations Thread 8"         [_thread_blocked, id=44972, stack(0x00000004a5500000,0x00000004a5600000) (1024K)]
  0x00000121442f2180 JavaThread "Build operations Thread 9"         [_thread_blocked, id=46512, stack(0x00000004a5600000,0x00000004a5700000) (1024K)]
  0x00000121442f0dd0 JavaThread "Build operations Thread 10"        [_thread_blocked, id=45608, stack(0x00000004a5700000,0x00000004a5800000) (1024K)]
  0x00000121442f00b0 JavaThread "Build operations Thread 11"        [_thread_blocked, id=14860, stack(0x00000004a5800000,0x00000004a5900000) (1024K)]
  0x00000121442f3bc0 JavaThread "Build operations Thread 12"        [_thread_blocked, id=30908, stack(0x00000004a5900000,0x00000004a5a00000) (1024K)]
  0x00000121442f1460 JavaThread "Build operations Thread 13"        [_thread_blocked, id=44944, stack(0x00000004a5a00000,0x00000004a5b00000) (1024K)]
  0x00000121442f0740 JavaThread "Build operations Thread 14"        [_thread_blocked, id=39444, stack(0x00000004a5b00000,0x00000004a5c00000) (1024K)]
  0x00000121442f4250 JavaThread "Build operations Thread 15"        [_thread_blocked, id=9580, stack(0x00000004a5c00000,0x00000004a5d00000) (1024K)]
  0x00000121442f48e0 JavaThread "Build operations Thread 16"        [_thread_blocked, id=47720, stack(0x00000004a2300000,0x00000004a2400000) (1024K)]
  0x00000121442f4f70 JavaThread "Memory manager"                    [_thread_blocked, id=49080, stack(0x00000004a5e00000,0x00000004a5f00000) (1024K)]
  0x00000121442f5600 JavaThread "build event listener"              [_thread_blocked, id=32536, stack(0x00000004a4400000,0x00000004a4500000) (1024K)]
  0x00000121442f6320 JavaThread "build event listener"              [_thread_blocked, id=48608, stack(0x00000004a6200000,0x00000004a6300000) (1024K)]
  0x0000012128a862b0 JavaThread "C1 CompilerThread1"         daemon [_thread_blocked, id=48020, stack(0x00000004a3800000,0x00000004a3900000) (1024K)]
  0x0000012128a839d0 JavaThread "C1 CompilerThread2"         daemon [_thread_blocked, id=47476, stack(0x00000004a4d00000,0x00000004a4e00000) (1024K)]
Total: 55

Other Threads:
  0x00000121280ac390 VMThread "VM Thread"                           [id=42188, stack(0x00000004a1a00000,0x00000004a1b00000) (1024K)] _threads_hazard_ptr=0x0000012128145040
  0x000001212809e150 WatcherThread "VM Periodic Task Thread"        [id=42180, stack(0x00000004a1900000,0x00000004a1a00000) (1024K)]
  0x0000012111c8bca0 WorkerThread "GC Thread#0"                     [id=42160, stack(0x00000004a1400000,0x00000004a1500000) (1024K)]
  0x00000121424220c0 WorkerThread "GC Thread#1"                     [id=42800, stack(0x00000004a2d00000,0x00000004a2e00000) (1024K)]
  0x0000012142422470 WorkerThread "GC Thread#2"                     [id=42804, stack(0x00000004a2e00000,0x00000004a2f00000) (1024K)]
  0x00000121422990d0 WorkerThread "GC Thread#3"                     [id=42808, stack(0x00000004a2f00000,0x00000004a3000000) (1024K)]
  0x0000012142299480 WorkerThread "GC Thread#4"                     [id=42812, stack(0x00000004a3000000,0x00000004a3100000) (1024K)]
  0x0000012142299830 WorkerThread "GC Thread#5"                     [id=42816, stack(0x00000004a3100000,0x00000004a3200000) (1024K)]
  0x000001214629dd40 WorkerThread "GC Thread#6"                     [id=44820, stack(0x00000004a3b00000,0x00000004a3c00000) (1024K)]
  0x000001214629a5f0 WorkerThread "GC Thread#7"                     [id=39712, stack(0x00000004a3c00000,0x00000004a3d00000) (1024K)]
  0x000001214629bc10 WorkerThread "GC Thread#8"                     [id=41460, stack(0x00000004a3d00000,0x00000004a3e00000) (1024K)]
  0x000001214629a9a0 WorkerThread "GC Thread#9"                     [id=14264, stack(0x00000004a3e00000,0x00000004a3f00000) (1024K)]
  0x000001214629ce80 WorkerThread "GC Thread#10"                    [id=32908, stack(0x00000004a3f00000,0x00000004a4000000) (1024K)]
  0x000001214629d230 WorkerThread "GC Thread#11"                    [id=44356, stack(0x00000004a4000000,0x00000004a4100000) (1024K)]
  0x000001214629b4b0 WorkerThread "GC Thread#12"                    [id=36932, stack(0x00000004a4100000,0x00000004a4200000) (1024K)]
  0x0000012111c91bb0 ConcurrentGCThread "G1 Main Marker"            [id=42164, stack(0x00000004a1500000,0x00000004a1600000) (1024K)]
  0x0000012111c935e0 WorkerThread "G1 Conc#0"                       [id=42168, stack(0x00000004a1600000,0x00000004a1700000) (1024K)]
  0x000001214629bfc0 WorkerThread "G1 Conc#1"                       [id=43812, stack(0x00000004a4200000,0x00000004a4300000) (1024K)]
  0x000001214629ad50 WorkerThread "G1 Conc#2"                       [id=17280, stack(0x00000004a4300000,0x00000004a4400000) (1024K)]
  0x0000012127f6d240 ConcurrentGCThread "G1 Refine#0"               [id=42172, stack(0x00000004a1700000,0x00000004a1800000) (1024K)]
  0x0000012127f6dbd0 ConcurrentGCThread "G1 Service"                [id=42176, stack(0x00000004a1800000,0x00000004a1900000) (1024K)]
Total: 21

Threads with active compile tasks:
C2 CompilerThread0  44066 8485       4       org.gradle.internal.reflect.ClassInspector::inspectClass (179 bytes)
C1 CompilerThread0  44066 8490       3       org.gradle.internal.serialize.InputStreamBackedDecoder::readByte (13 bytes)
C1 CompilerThread1  44066 8489       3       java.net.InetAddress$InetAddressHolder::<init> (5 bytes)
C1 CompilerThread2  44066 8488       3       java.net.InetAddress::<init> (21 bytes)
Total: 4

VM state: synchronizing (normal execution)

VM Mutex/Monitor currently owned by a thread:  ([mutex/lock_event])
[0x00007ffe6738f5b0] Threads_lock - owner thread: 0x00000121280ac390

Heap address: 0x00000000e0000000, size: 512 MB, Compressed Oops mode: 32-bit

CDS archive(s) mapped at: [0x0000012129000000-0x0000012129ba0000-0x0000012129ba0000), size 12189696, SharedBaseAddress: 0x0000012129000000, ArchiveRelocationMode: 1.
Compressed class space mapped at: 0x000001212a000000-0x000001213e000000, reserved size: 335544320
Narrow klass base: 0x0000012129000000, Narrow klass shift: 0, Narrow klass range: 0x100000000

GC Precious Log:
 CardTable entry size: 512
 Card Set container configuration: InlinePtr #cards 5 size 8 Array Of Cards #cards 12 size 40 Howl #buckets 4 coarsen threshold 1843 Howl Bitmap #cards 512 size 80 coarsen threshold 460 Card regions per heap region 1 cards per card region 2048
 CPUs: 16 total, 16 available
 Memory: 32696M
 Large Page Support: Disabled
 NUMA Support: Disabled
 Compressed Oops: Enabled (32-bit)
 Heap Region Size: 1M
 Heap Min Capacity: 256M
 Heap Initial Capacity: 256M
 Heap Max Capacity: 512M
 Pre-touch: Disabled
 Parallel Workers: 13
 Concurrent Workers: 3
 Concurrent Refinement Workers: 13
 Periodic GC: Disabled

Heap:
 garbage-first heap   total 262144K, used 156123K [0x00000000e0000000, 0x0000000100000000)
  region size 1024K, 113 young (115712K), 5 survivors (5120K)
 Metaspace       used 69154K, committed 71296K, reserved 393216K
  class space    used 10153K, committed 11200K, reserved 327680K

Heap Regions: E=young(eden), S=young(survivor), O=old, HS=humongous(starts), HC=humongous(continues), CS=collection set, F=free, TAMS=top-at-mark-start, PB=parsable bottom
|   0|0x00000000e0000000, 0x00000000e0100000, 0x00000000e0100000|100%|HS|  |TAMS 0x00000000e0000000| PB 0x00000000e0000000| Complete 
|   1|0x00000000e0100000, 0x00000000e0200000, 0x00000000e0200000|100%|HC|  |TAMS 0x00000000e0100000| PB 0x00000000e0100000| Complete 
|   2|0x00000000e0200000, 0x00000000e0300000, 0x00000000e0300000|100%|HC|  |TAMS 0x00000000e0200000| PB 0x00000000e0200000| Complete 
|   3|0x00000000e0300000, 0x00000000e0400000, 0x00000000e0400000|100%|HC|  |TAMS 0x00000000e0300000| PB 0x00000000e0300000| Complete 
|   4|0x00000000e0400000, 0x00000000e0500000, 0x00000000e0500000|100%| O|  |TAMS 0x00000000e0400000| PB 0x00000000e0400000| Untracked 
|   5|0x00000000e0500000, 0x00000000e0600000, 0x00000000e0600000|100%| O|  |TAMS 0x00000000e0500000| PB 0x00000000e0500000| Untracked 
|   6|0x00000000e0600000, 0x00000000e0700000, 0x00000000e0700000|100%| O|  |TAMS 0x00000000e0600000| PB 0x00000000e0600000| Untracked 
|   7|0x00000000e0700000, 0x00000000e0800000, 0x00000000e0800000|100%| O|  |TAMS 0x00000000e0700000| PB 0x00000000e0700000| Untracked 
|   8|0x00000000e0800000, 0x00000000e0900000, 0x00000000e0900000|100%| O|  |TAMS 0x00000000e0800000| PB 0x00000000e0800000| Untracked 
|   9|0x00000000e0900000, 0x00000000e0a00000, 0x00000000e0a00000|100%| O|  |TAMS 0x00000000e0900000| PB 0x00000000e0900000| Untracked 
|  10|0x00000000e0a00000, 0x00000000e0b00000, 0x00000000e0b00000|100%| O|  |TAMS 0x00000000e0a00000| PB 0x00000000e0a00000| Untracked 
|  11|0x00000000e0b00000, 0x00000000e0c00000, 0x00000000e0c00000|100%| O|  |TAMS 0x00000000e0b00000| PB 0x00000000e0b00000| Untracked 
|  12|0x00000000e0c00000, 0x00000000e0d00000, 0x00000000e0d00000|100%|HS|  |TAMS 0x00000000e0c00000| PB 0x00000000e0c00000| Complete 
|  13|0x00000000e0d00000, 0x00000000e0e00000, 0x00000000e0e00000|100%| O|  |TAMS 0x00000000e0d00000| PB 0x00000000e0d00000| Untracked 
|  14|0x00000000e0e00000, 0x00000000e0f00000, 0x00000000e0f00000|100%| O|  |TAMS 0x00000000e0e00000| PB 0x00000000e0e00000| Untracked 
|  15|0x00000000e0f00000, 0x00000000e1000000, 0x00000000e1000000|100%| O|  |TAMS 0x00000000e0f00000| PB 0x00000000e0f00000| Untracked 
|  16|0x00000000e1000000, 0x00000000e1100000, 0x00000000e1100000|100%| O|  |TAMS 0x00000000e1000000| PB 0x00000000e1000000| Untracked 
|  17|0x00000000e1100000, 0x00000000e1200000, 0x00000000e1200000|100%| O|  |TAMS 0x00000000e1100000| PB 0x00000000e1100000| Untracked 
|  18|0x00000000e1200000, 0x00000000e1300000, 0x00000000e1300000|100%| O|  |TAMS 0x00000000e1200000| PB 0x00000000e1200000| Untracked 
|  19|0x00000000e1300000, 0x00000000e1400000, 0x00000000e1400000|100%| O|  |TAMS 0x00000000e1300000| PB 0x00000000e1300000| Untracked 
|  20|0x00000000e1400000, 0x00000000e1500000, 0x00000000e1500000|100%| O|  |TAMS 0x00000000e1400000| PB 0x00000000e1400000| Untracked 
|  21|0x00000000e1500000, 0x00000000e1600000, 0x00000000e1600000|100%| O|  |TAMS 0x00000000e1500000| PB 0x00000000e1500000| Untracked 
|  22|0x00000000e1600000, 0x00000000e1700000, 0x00000000e1700000|100%| O|  |TAMS 0x00000000e1600000| PB 0x00000000e1600000| Untracked 
|  23|0x00000000e1700000, 0x00000000e1800000, 0x00000000e1800000|100%| O|  |TAMS 0x00000000e1700000| PB 0x00000000e1700000| Untracked 
|  24|0x00000000e1800000, 0x00000000e1900000, 0x00000000e1900000|100%| O|Cm|TAMS 0x00000000e1800000| PB 0x00000000e1800000| Complete 
|  25|0x00000000e1900000, 0x00000000e1a00000, 0x00000000e1a00000|100%| O|  |TAMS 0x00000000e1900000| PB 0x00000000e1900000| Untracked 
|  26|0x00000000e1a00000, 0x00000000e1b00000, 0x00000000e1b00000|100%|HS|  |TAMS 0x00000000e1a00000| PB 0x00000000e1a00000| Complete 
|  27|0x00000000e1b00000, 0x00000000e1c00000, 0x00000000e1c00000|100%|HC|  |TAMS 0x00000000e1b00000| PB 0x00000000e1b00000| Complete 
|  28|0x00000000e1c00000, 0x00000000e1d00000, 0x00000000e1d00000|100%|HS|  |TAMS 0x00000000e1c00000| PB 0x00000000e1c00000| Complete 
|  29|0x00000000e1d00000, 0x00000000e1e00000, 0x00000000e1e00000|100%|HC|  |TAMS 0x00000000e1d00000| PB 0x00000000e1d00000| Complete 
|  30|0x00000000e1e00000, 0x00000000e1f00000, 0x00000000e1f00000|100%| O|  |TAMS 0x00000000e1e00000| PB 0x00000000e1e00000| Untracked 
|  31|0x00000000e1f00000, 0x00000000e2000000, 0x00000000e2000000|100%| O|  |TAMS 0x00000000e1f00000| PB 0x00000000e1f00000| Untracked 
|  32|0x00000000e2000000, 0x00000000e2100000, 0x00000000e2100000|100%| O|  |TAMS 0x00000000e2000000| PB 0x00000000e2000000| Untracked 
|  33|0x00000000e2100000, 0x00000000e2200000, 0x00000000e2200000|100%| O|  |TAMS 0x00000000e2100000| PB 0x00000000e2100000| Untracked 
|  34|0x00000000e2200000, 0x00000000e2300000, 0x00000000e2300000|100%| O|  |TAMS 0x00000000e2200000| PB 0x00000000e2200000| Untracked 
|  35|0x00000000e2300000, 0x00000000e2400000, 0x00000000e2400000|100%| O|  |TAMS 0x00000000e2300000| PB 0x00000000e2300000| Untracked 
|  36|0x00000000e2400000, 0x00000000e2500000, 0x00000000e2500000|100%| O|  |TAMS 0x00000000e2400000| PB 0x00000000e2400000| Untracked 
|  37|0x00000000e2500000, 0x00000000e2600000, 0x00000000e2600000|100%| O|  |TAMS 0x00000000e2500000| PB 0x00000000e2500000| Untracked 
|  38|0x00000000e2600000, 0x00000000e2700000, 0x00000000e2700000|100%| O|  |TAMS 0x00000000e2600000| PB 0x00000000e2600000| Untracked 
|  39|0x00000000e2700000, 0x00000000e2800000, 0x00000000e2800000|100%| O|  |TAMS 0x00000000e2700000| PB 0x00000000e2700000| Untracked 
|  40|0x00000000e2800000, 0x00000000e28d24f8, 0x00000000e2900000| 82%| O|  |TAMS 0x00000000e2800000| PB 0x00000000e2800000| Untracked 
|  41|0x00000000e2900000, 0x00000000e2900000, 0x00000000e2a00000|  0%| F|  |TAMS 0x00000000e2900000| PB 0x00000000e2900000| Untracked 
|  42|0x00000000e2a00000, 0x00000000e2a00000, 0x00000000e2b00000|  0%| F|  |TAMS 0x00000000e2a00000| PB 0x00000000e2a00000| Untracked 
|  43|0x00000000e2b00000, 0x00000000e2b00000, 0x00000000e2c00000|  0%| F|  |TAMS 0x00000000e2b00000| PB 0x00000000e2b00000| Untracked 
|  44|0x00000000e2c00000, 0x00000000e2c00000, 0x00000000e2d00000|  0%| F|  |TAMS 0x00000000e2c00000| PB 0x00000000e2c00000| Untracked 
|  45|0x00000000e2d00000, 0x00000000e2d00000, 0x00000000e2e00000|  0%| F|  |TAMS 0x00000000e2d00000| PB 0x00000000e2d00000| Untracked 
|  46|0x00000000e2e00000, 0x00000000e2e00000, 0x00000000e2f00000|  0%| F|  |TAMS 0x00000000e2e00000| PB 0x00000000e2e00000| Untracked 
|  47|0x00000000e2f00000, 0x00000000e2f00000, 0x00000000e3000000|  0%| F|  |TAMS 0x00000000e2f00000| PB 0x00000000e2f00000| Untracked 
|  48|0x00000000e3000000, 0x00000000e3000000, 0x00000000e3100000|  0%| F|  |TAMS 0x00000000e3000000| PB 0x00000000e3000000| Untracked 
|  49|0x00000000e3100000, 0x00000000e3100000, 0x00000000e3200000|  0%| F|  |TAMS 0x00000000e3100000| PB 0x00000000e3100000| Untracked 
|  50|0x00000000e3200000, 0x00000000e3200000, 0x00000000e3300000|  0%| F|  |TAMS 0x00000000e3200000| PB 0x00000000e3200000| Untracked 
|  51|0x00000000e3300000, 0x00000000e3300000, 0x00000000e3400000|  0%| F|  |TAMS 0x00000000e3300000| PB 0x00000000e3300000| Untracked 
|  52|0x00000000e3400000, 0x00000000e3400000, 0x00000000e3500000|  0%| F|  |TAMS 0x00000000e3400000| PB 0x00000000e3400000| Untracked 
|  53|0x00000000e3500000, 0x00000000e3500000, 0x00000000e3600000|  0%| F|  |TAMS 0x00000000e3500000| PB 0x00000000e3500000| Untracked 
|  54|0x00000000e3600000, 0x00000000e3600000, 0x00000000e3700000|  0%| F|  |TAMS 0x00000000e3600000| PB 0x00000000e3600000| Untracked 
|  55|0x00000000e3700000, 0x00000000e3700000, 0x00000000e3800000|  0%| F|  |TAMS 0x00000000e3700000| PB 0x00000000e3700000| Untracked 
|  56|0x00000000e3800000, 0x00000000e3800000, 0x00000000e3900000|  0%| F|  |TAMS 0x00000000e3800000| PB 0x00000000e3800000| Untracked 
|  57|0x00000000e3900000, 0x00000000e3900000, 0x00000000e3a00000|  0%| F|  |TAMS 0x00000000e3900000| PB 0x00000000e3900000| Untracked 
|  58|0x00000000e3a00000, 0x00000000e3a00000, 0x00000000e3b00000|  0%| F|  |TAMS 0x00000000e3a00000| PB 0x00000000e3a00000| Untracked 
|  59|0x00000000e3b00000, 0x00000000e3b00000, 0x00000000e3c00000|  0%| F|  |TAMS 0x00000000e3b00000| PB 0x00000000e3b00000| Untracked 
|  60|0x00000000e3c00000, 0x00000000e3c00000, 0x00000000e3d00000|  0%| F|  |TAMS 0x00000000e3c00000| PB 0x00000000e3c00000| Untracked 
|  61|0x00000000e3d00000, 0x00000000e3d00000, 0x00000000e3e00000|  0%| F|  |TAMS 0x00000000e3d00000| PB 0x00000000e3d00000| Untracked 
|  62|0x00000000e3e00000, 0x00000000e3e00000, 0x00000000e3f00000|  0%| F|  |TAMS 0x00000000e3e00000| PB 0x00000000e3e00000| Untracked 
|  63|0x00000000e3f00000, 0x00000000e3f00000, 0x00000000e4000000|  0%| F|  |TAMS 0x00000000e3f00000| PB 0x00000000e3f00000| Untracked 
|  64|0x00000000e4000000, 0x00000000e4000000, 0x00000000e4100000|  0%| F|  |TAMS 0x00000000e4000000| PB 0x00000000e4000000| Untracked 
|  65|0x00000000e4100000, 0x00000000e4100000, 0x00000000e4200000|  0%| F|  |TAMS 0x00000000e4100000| PB 0x00000000e4100000| Untracked 
|  66|0x00000000e4200000, 0x00000000e4200000, 0x00000000e4300000|  0%| F|  |TAMS 0x00000000e4200000| PB 0x00000000e4200000| Untracked 
|  67|0x00000000e4300000, 0x00000000e4300000, 0x00000000e4400000|  0%| F|  |TAMS 0x00000000e4300000| PB 0x00000000e4300000| Untracked 
|  68|0x00000000e4400000, 0x00000000e4400000, 0x00000000e4500000|  0%| F|  |TAMS 0x00000000e4400000| PB 0x00000000e4400000| Untracked 
|  69|0x00000000e4500000, 0x00000000e4500000, 0x00000000e4600000|  0%| F|  |TAMS 0x00000000e4500000| PB 0x00000000e4500000| Untracked 
|  70|0x00000000e4600000, 0x00000000e4600000, 0x00000000e4700000|  0%| F|  |TAMS 0x00000000e4600000| PB 0x00000000e4600000| Untracked 
|  71|0x00000000e4700000, 0x00000000e4700000, 0x00000000e4800000|  0%| F|  |TAMS 0x00000000e4700000| PB 0x00000000e4700000| Untracked 
|  72|0x00000000e4800000, 0x00000000e4800000, 0x00000000e4900000|  0%| F|  |TAMS 0x00000000e4800000| PB 0x00000000e4800000| Untracked 
|  73|0x00000000e4900000, 0x00000000e4900000, 0x00000000e4a00000|  0%| F|  |TAMS 0x00000000e4900000| PB 0x00000000e4900000| Untracked 
|  74|0x00000000e4a00000, 0x00000000e4a00000, 0x00000000e4b00000|  0%| F|  |TAMS 0x00000000e4a00000| PB 0x00000000e4a00000| Untracked 
|  75|0x00000000e4b00000, 0x00000000e4b00000, 0x00000000e4c00000|  0%| F|  |TAMS 0x00000000e4b00000| PB 0x00000000e4b00000| Untracked 
|  76|0x00000000e4c00000, 0x00000000e4c00000, 0x00000000e4d00000|  0%| F|  |TAMS 0x00000000e4c00000| PB 0x00000000e4c00000| Untracked 
|  77|0x00000000e4d00000, 0x00000000e4d00000, 0x00000000e4e00000|  0%| F|  |TAMS 0x00000000e4d00000| PB 0x00000000e4d00000| Untracked 
|  78|0x00000000e4e00000, 0x00000000e4e00000, 0x00000000e4f00000|  0%| F|  |TAMS 0x00000000e4e00000| PB 0x00000000e4e00000| Untracked 
|  79|0x00000000e4f00000, 0x00000000e4f00000, 0x00000000e5000000|  0%| F|  |TAMS 0x00000000e4f00000| PB 0x00000000e4f00000| Untracked 
|  80|0x00000000e5000000, 0x00000000e5000000, 0x00000000e5100000|  0%| F|  |TAMS 0x00000000e5000000| PB 0x00000000e5000000| Untracked 
|  81|0x00000000e5100000, 0x00000000e5100000, 0x00000000e5200000|  0%| F|  |TAMS 0x00000000e5100000| PB 0x00000000e5100000| Untracked 
|  82|0x00000000e5200000, 0x00000000e5200000, 0x00000000e5300000|  0%| F|  |TAMS 0x00000000e5200000| PB 0x00000000e5200000| Untracked 
|  83|0x00000000e5300000, 0x00000000e5300000, 0x00000000e5400000|  0%| F|  |TAMS 0x00000000e5300000| PB 0x00000000e5300000| Untracked 
|  84|0x00000000e5400000, 0x00000000e5400000, 0x00000000e5500000|  0%| F|  |TAMS 0x00000000e5400000| PB 0x00000000e5400000| Untracked 
|  85|0x00000000e5500000, 0x00000000e5500000, 0x00000000e5600000|  0%| F|  |TAMS 0x00000000e5500000| PB 0x00000000e5500000| Untracked 
|  86|0x00000000e5600000, 0x00000000e5600000, 0x00000000e5700000|  0%| F|  |TAMS 0x00000000e5600000| PB 0x00000000e5600000| Untracked 
|  87|0x00000000e5700000, 0x00000000e5700000, 0x00000000e5800000|  0%| F|  |TAMS 0x00000000e5700000| PB 0x00000000e5700000| Untracked 
|  88|0x00000000e5800000, 0x00000000e5800000, 0x00000000e5900000|  0%| F|  |TAMS 0x00000000e5800000| PB 0x00000000e5800000| Untracked 
|  89|0x00000000e5900000, 0x00000000e5900000, 0x00000000e5a00000|  0%| F|  |TAMS 0x00000000e5900000| PB 0x00000000e5900000| Untracked 
|  90|0x00000000e5a00000, 0x00000000e5a00000, 0x00000000e5b00000|  0%| F|  |TAMS 0x00000000e5a00000| PB 0x00000000e5a00000| Untracked 
|  91|0x00000000e5b00000, 0x00000000e5b00000, 0x00000000e5c00000|  0%| F|  |TAMS 0x00000000e5b00000| PB 0x00000000e5b00000| Untracked 
|  92|0x00000000e5c00000, 0x00000000e5c00000, 0x00000000e5d00000|  0%| F|  |TAMS 0x00000000e5c00000| PB 0x00000000e5c00000| Untracked 
|  93|0x00000000e5d00000, 0x00000000e5d00000, 0x00000000e5e00000|  0%| F|  |TAMS 0x00000000e5d00000| PB 0x00000000e5d00000| Untracked 
|  94|0x00000000e5e00000, 0x00000000e5e00000, 0x00000000e5f00000|  0%| F|  |TAMS 0x00000000e5e00000| PB 0x00000000e5e00000| Untracked 
|  95|0x00000000e5f00000, 0x00000000e5f00000, 0x00000000e6000000|  0%| F|  |TAMS 0x00000000e5f00000| PB 0x00000000e5f00000| Untracked 
|  96|0x00000000e6000000, 0x00000000e6000000, 0x00000000e6100000|  0%| F|  |TAMS 0x00000000e6000000| PB 0x00000000e6000000| Untracked 
|  97|0x00000000e6100000, 0x00000000e6100000, 0x00000000e6200000|  0%| F|  |TAMS 0x00000000e6100000| PB 0x00000000e6100000| Untracked 
|  98|0x00000000e6200000, 0x00000000e6200000, 0x00000000e6300000|  0%| F|  |TAMS 0x00000000e6200000| PB 0x00000000e6200000| Untracked 
|  99|0x00000000e6300000, 0x00000000e6300000, 0x00000000e6400000|  0%| F|  |TAMS 0x00000000e6300000| PB 0x00000000e6300000| Untracked 
| 100|0x00000000e6400000, 0x00000000e6400000, 0x00000000e6500000|  0%| F|  |TAMS 0x00000000e6400000| PB 0x00000000e6400000| Untracked 
| 101|0x00000000e6500000, 0x00000000e6500000, 0x00000000e6600000|  0%| F|  |TAMS 0x00000000e6500000| PB 0x00000000e6500000| Untracked 
| 102|0x00000000e6600000, 0x00000000e6600000, 0x00000000e6700000|  0%| F|  |TAMS 0x00000000e6600000| PB 0x00000000e6600000| Untracked 
| 103|0x00000000e6700000, 0x00000000e6700000, 0x00000000e6800000|  0%| F|  |TAMS 0x00000000e6700000| PB 0x00000000e6700000| Untracked 
| 104|0x00000000e6800000, 0x00000000e6800000, 0x00000000e6900000|  0%| F|  |TAMS 0x00000000e6800000| PB 0x00000000e6800000| Untracked 
| 105|0x00000000e6900000, 0x00000000e6900000, 0x00000000e6a00000|  0%| F|  |TAMS 0x00000000e6900000| PB 0x00000000e6900000| Untracked 
| 106|0x00000000e6a00000, 0x00000000e6a00000, 0x00000000e6b00000|  0%| F|  |TAMS 0x00000000e6a00000| PB 0x00000000e6a00000| Untracked 
| 107|0x00000000e6b00000, 0x00000000e6b00000, 0x00000000e6c00000|  0%| F|  |TAMS 0x00000000e6b00000| PB 0x00000000e6b00000| Untracked 
| 108|0x00000000e6c00000, 0x00000000e6c00000, 0x00000000e6d00000|  0%| F|  |TAMS 0x00000000e6c00000| PB 0x00000000e6c00000| Untracked 
| 109|0x00000000e6d00000, 0x00000000e6d00000, 0x00000000e6e00000|  0%| F|  |TAMS 0x00000000e6d00000| PB 0x00000000e6d00000| Untracked 
| 110|0x00000000e6e00000, 0x00000000e6e00000, 0x00000000e6f00000|  0%| F|  |TAMS 0x00000000e6e00000| PB 0x00000000e6e00000| Untracked 
| 111|0x00000000e6f00000, 0x00000000e6f00000, 0x00000000e7000000|  0%| F|  |TAMS 0x00000000e6f00000| PB 0x00000000e6f00000| Untracked 
| 112|0x00000000e7000000, 0x00000000e7000000, 0x00000000e7100000|  0%| F|  |TAMS 0x00000000e7000000| PB 0x00000000e7000000| Untracked 
| 113|0x00000000e7100000, 0x00000000e7100000, 0x00000000e7200000|  0%| F|  |TAMS 0x00000000e7100000| PB 0x00000000e7100000| Untracked 
| 114|0x00000000e7200000, 0x00000000e7200000, 0x00000000e7300000|  0%| F|  |TAMS 0x00000000e7200000| PB 0x00000000e7200000| Untracked 
| 115|0x00000000e7300000, 0x00000000e7300000, 0x00000000e7400000|  0%| F|  |TAMS 0x00000000e7300000| PB 0x00000000e7300000| Untracked 
| 116|0x00000000e7400000, 0x00000000e7400000, 0x00000000e7500000|  0%| F|  |TAMS 0x00000000e7400000| PB 0x00000000e7400000| Untracked 
| 117|0x00000000e7500000, 0x00000000e7500000, 0x00000000e7600000|  0%| F|  |TAMS 0x00000000e7500000| PB 0x00000000e7500000| Untracked 
| 118|0x00000000e7600000, 0x00000000e7600000, 0x00000000e7700000|  0%| F|  |TAMS 0x00000000e7600000| PB 0x00000000e7600000| Untracked 
| 119|0x00000000e7700000, 0x00000000e7700000, 0x00000000e7800000|  0%| F|  |TAMS 0x00000000e7700000| PB 0x00000000e7700000| Untracked 
| 120|0x00000000e7800000, 0x00000000e7800000, 0x00000000e7900000|  0%| F|  |TAMS 0x00000000e7800000| PB 0x00000000e7800000| Untracked 
| 121|0x00000000e7900000, 0x00000000e7900000, 0x00000000e7a00000|  0%| F|  |TAMS 0x00000000e7900000| PB 0x00000000e7900000| Untracked 
| 122|0x00000000e7a00000, 0x00000000e7a00000, 0x00000000e7b00000|  0%| F|  |TAMS 0x00000000e7a00000| PB 0x00000000e7a00000| Untracked 
| 123|0x00000000e7b00000, 0x00000000e7b00000, 0x00000000e7c00000|  0%| F|  |TAMS 0x00000000e7b00000| PB 0x00000000e7b00000| Untracked 
| 124|0x00000000e7c00000, 0x00000000e7c00000, 0x00000000e7d00000|  0%| F|  |TAMS 0x00000000e7c00000| PB 0x00000000e7c00000| Untracked 
| 125|0x00000000e7d00000, 0x00000000e7d00000, 0x00000000e7e00000|  0%| F|  |TAMS 0x00000000e7d00000| PB 0x00000000e7d00000| Untracked 
| 126|0x00000000e7e00000, 0x00000000e7e00000, 0x00000000e7f00000|  0%| F|  |TAMS 0x00000000e7e00000| PB 0x00000000e7e00000| Untracked 
| 127|0x00000000e7f00000, 0x00000000e7f00000, 0x00000000e8000000|  0%| F|  |TAMS 0x00000000e7f00000| PB 0x00000000e7f00000| Untracked 
| 128|0x00000000e8000000, 0x00000000e8000000, 0x00000000e8100000|  0%| F|  |TAMS 0x00000000e8000000| PB 0x00000000e8000000| Untracked 
| 129|0x00000000e8100000, 0x00000000e8100000, 0x00000000e8200000|  0%| F|  |TAMS 0x00000000e8100000| PB 0x00000000e8100000| Untracked 
| 130|0x00000000e8200000, 0x00000000e8200000, 0x00000000e8300000|  0%| F|  |TAMS 0x00000000e8200000| PB 0x00000000e8200000| Untracked 
| 131|0x00000000e8300000, 0x00000000e8300000, 0x00000000e8400000|  0%| F|  |TAMS 0x00000000e8300000| PB 0x00000000e8300000| Untracked 
| 132|0x00000000e8400000, 0x00000000e8400000, 0x00000000e8500000|  0%| F|  |TAMS 0x00000000e8400000| PB 0x00000000e8400000| Untracked 
| 133|0x00000000e8500000, 0x00000000e8500000, 0x00000000e8600000|  0%| F|  |TAMS 0x00000000e8500000| PB 0x00000000e8500000| Untracked 
| 134|0x00000000e8600000, 0x00000000e8600000, 0x00000000e8700000|  0%| F|  |TAMS 0x00000000e8600000| PB 0x00000000e8600000| Untracked 
| 135|0x00000000e8700000, 0x00000000e8700000, 0x00000000e8800000|  0%| F|  |TAMS 0x00000000e8700000| PB 0x00000000e8700000| Untracked 
| 136|0x00000000e8800000, 0x00000000e8800000, 0x00000000e8900000|  0%| F|  |TAMS 0x00000000e8800000| PB 0x00000000e8800000| Untracked 
| 137|0x00000000e8900000, 0x00000000e8900000, 0x00000000e8a00000|  0%| F|  |TAMS 0x00000000e8900000| PB 0x00000000e8900000| Untracked 
| 138|0x00000000e8a00000, 0x00000000e8a00000, 0x00000000e8b00000|  0%| F|  |TAMS 0x00000000e8a00000| PB 0x00000000e8a00000| Untracked 
| 139|0x00000000e8b00000, 0x00000000e8b00000, 0x00000000e8c00000|  0%| F|  |TAMS 0x00000000e8b00000| PB 0x00000000e8b00000| Untracked 
| 140|0x00000000e8c00000, 0x00000000e8c00000, 0x00000000e8d00000|  0%| F|  |TAMS 0x00000000e8c00000| PB 0x00000000e8c00000| Untracked 
| 141|0x00000000e8d00000, 0x00000000e8d00000, 0x00000000e8e00000|  0%| F|  |TAMS 0x00000000e8d00000| PB 0x00000000e8d00000| Untracked 
| 142|0x00000000e8e00000, 0x00000000e8e00000, 0x00000000e8f00000|  0%| F|  |TAMS 0x00000000e8e00000| PB 0x00000000e8e00000| Untracked 
| 143|0x00000000e8f00000, 0x00000000e8fa9700, 0x00000000e9000000| 66%| E|  |TAMS 0x00000000e8f00000| PB 0x00000000e8f00000| Complete 
| 144|0x00000000e9000000, 0x00000000e9100000, 0x00000000e9100000|100%| E|CS|TAMS 0x00000000e9000000| PB 0x00000000e9000000| Complete 
| 145|0x00000000e9100000, 0x00000000e9200000, 0x00000000e9200000|100%| E|CS|TAMS 0x00000000e9100000| PB 0x00000000e9100000| Complete 
| 146|0x00000000e9200000, 0x00000000e9300000, 0x00000000e9300000|100%| E|CS|TAMS 0x00000000e9200000| PB 0x00000000e9200000| Complete 
| 147|0x00000000e9300000, 0x00000000e9400000, 0x00000000e9400000|100%| E|CS|TAMS 0x00000000e9300000| PB 0x00000000e9300000| Complete 
| 148|0x00000000e9400000, 0x00000000e9500000, 0x00000000e9500000|100%| E|CS|TAMS 0x00000000e9400000| PB 0x00000000e9400000| Complete 
| 149|0x00000000e9500000, 0x00000000e9600000, 0x00000000e9600000|100%| E|CS|TAMS 0x00000000e9500000| PB 0x00000000e9500000| Complete 
| 150|0x00000000e9600000, 0x00000000e9700000, 0x00000000e9700000|100%| E|CS|TAMS 0x00000000e9600000| PB 0x00000000e9600000| Complete 
| 151|0x00000000e9700000, 0x00000000e9800000, 0x00000000e9800000|100%| E|CS|TAMS 0x00000000e9700000| PB 0x00000000e9700000| Complete 
| 152|0x00000000e9800000, 0x00000000e9900000, 0x00000000e9900000|100%| E|CS|TAMS 0x00000000e9800000| PB 0x00000000e9800000| Complete 
| 153|0x00000000e9900000, 0x00000000e9a00000, 0x00000000e9a00000|100%| E|CS|TAMS 0x00000000e9900000| PB 0x00000000e9900000| Complete 
| 154|0x00000000e9a00000, 0x00000000e9b00000, 0x00000000e9b00000|100%| E|CS|TAMS 0x00000000e9a00000| PB 0x00000000e9a00000| Complete 
| 155|0x00000000e9b00000, 0x00000000e9c00000, 0x00000000e9c00000|100%| E|CS|TAMS 0x00000000e9b00000| PB 0x00000000e9b00000| Complete 
| 156|0x00000000e9c00000, 0x00000000e9d00000, 0x00000000e9d00000|100%| E|CS|TAMS 0x00000000e9c00000| PB 0x00000000e9c00000| Complete 
| 157|0x00000000e9d00000, 0x00000000e9e00000, 0x00000000e9e00000|100%| E|CS|TAMS 0x00000000e9d00000| PB 0x00000000e9d00000| Complete 
| 158|0x00000000e9e00000, 0x00000000e9f00000, 0x00000000e9f00000|100%| E|CS|TAMS 0x00000000e9e00000| PB 0x00000000e9e00000| Complete 
| 159|0x00000000e9f00000, 0x00000000ea000000, 0x00000000ea000000|100%| E|CS|TAMS 0x00000000e9f00000| PB 0x00000000e9f00000| Complete 
| 160|0x00000000ea000000, 0x00000000ea100000, 0x00000000ea100000|100%| E|CS|TAMS 0x00000000ea000000| PB 0x00000000ea000000| Complete 
| 161|0x00000000ea100000, 0x00000000ea200000, 0x00000000ea200000|100%| E|CS|TAMS 0x00000000ea100000| PB 0x00000000ea100000| Complete 
| 162|0x00000000ea200000, 0x00000000ea300000, 0x00000000ea300000|100%| E|CS|TAMS 0x00000000ea200000| PB 0x00000000ea200000| Complete 
| 163|0x00000000ea300000, 0x00000000ea400000, 0x00000000ea400000|100%| E|CS|TAMS 0x00000000ea300000| PB 0x00000000ea300000| Complete 
| 164|0x00000000ea400000, 0x00000000ea500000, 0x00000000ea500000|100%| E|CS|TAMS 0x00000000ea400000| PB 0x00000000ea400000| Complete 
| 165|0x00000000ea500000, 0x00000000ea600000, 0x00000000ea600000|100%| E|CS|TAMS 0x00000000ea500000| PB 0x00000000ea500000| Complete 
| 166|0x00000000ea600000, 0x00000000ea700000, 0x00000000ea700000|100%| E|CS|TAMS 0x00000000ea600000| PB 0x00000000ea600000| Complete 
| 167|0x00000000ea700000, 0x00000000ea800000, 0x00000000ea800000|100%| E|CS|TAMS 0x00000000ea700000| PB 0x00000000ea700000| Complete 
| 168|0x00000000ea800000, 0x00000000ea900000, 0x00000000ea900000|100%| E|CS|TAMS 0x00000000ea800000| PB 0x00000000ea800000| Complete 
| 169|0x00000000ea900000, 0x00000000eaa00000, 0x00000000eaa00000|100%| E|CS|TAMS 0x00000000ea900000| PB 0x00000000ea900000| Complete 
| 170|0x00000000eaa00000, 0x00000000eab00000, 0x00000000eab00000|100%| E|CS|TAMS 0x00000000eaa00000| PB 0x00000000eaa00000| Complete 
| 171|0x00000000eab00000, 0x00000000eac00000, 0x00000000eac00000|100%| E|CS|TAMS 0x00000000eab00000| PB 0x00000000eab00000| Complete 
| 172|0x00000000eac00000, 0x00000000ead00000, 0x00000000ead00000|100%| E|CS|TAMS 0x00000000eac00000| PB 0x00000000eac00000| Complete 
| 173|0x00000000ead00000, 0x00000000eae00000, 0x00000000eae00000|100%| E|CS|TAMS 0x00000000ead00000| PB 0x00000000ead00000| Complete 
| 174|0x00000000eae00000, 0x00000000eaf00000, 0x00000000eaf00000|100%| E|CS|TAMS 0x00000000eae00000| PB 0x00000000eae00000| Complete 
| 175|0x00000000eaf00000, 0x00000000eb000000, 0x00000000eb000000|100%| E|CS|TAMS 0x00000000eaf00000| PB 0x00000000eaf00000| Complete 
| 176|0x00000000eb000000, 0x00000000eb100000, 0x00000000eb100000|100%| E|CS|TAMS 0x00000000eb000000| PB 0x00000000eb000000| Complete 
| 177|0x00000000eb100000, 0x00000000eb200000, 0x00000000eb200000|100%| E|CS|TAMS 0x00000000eb100000| PB 0x00000000eb100000| Complete 
| 178|0x00000000eb200000, 0x00000000eb300000, 0x00000000eb300000|100%| E|CS|TAMS 0x00000000eb200000| PB 0x00000000eb200000| Complete 
| 179|0x00000000eb300000, 0x00000000eb400000, 0x00000000eb400000|100%| E|CS|TAMS 0x00000000eb300000| PB 0x00000000eb300000| Complete 
| 180|0x00000000eb400000, 0x00000000eb500000, 0x00000000eb500000|100%| E|CS|TAMS 0x00000000eb400000| PB 0x00000000eb400000| Complete 
| 181|0x00000000eb500000, 0x00000000eb600000, 0x00000000eb600000|100%| E|CS|TAMS 0x00000000eb500000| PB 0x00000000eb500000| Complete 
| 182|0x00000000eb600000, 0x00000000eb700000, 0x00000000eb700000|100%| E|CS|TAMS 0x00000000eb600000| PB 0x00000000eb600000| Complete 
| 183|0x00000000eb700000, 0x00000000eb800000, 0x00000000eb800000|100%| E|CS|TAMS 0x00000000eb700000| PB 0x00000000eb700000| Complete 
| 184|0x00000000eb800000, 0x00000000eb900000, 0x00000000eb900000|100%| E|CS|TAMS 0x00000000eb800000| PB 0x00000000eb800000| Complete 
| 185|0x00000000eb900000, 0x00000000eba00000, 0x00000000eba00000|100%| E|CS|TAMS 0x00000000eb900000| PB 0x00000000eb900000| Complete 
| 186|0x00000000eba00000, 0x00000000ebb00000, 0x00000000ebb00000|100%| E|CS|TAMS 0x00000000eba00000| PB 0x00000000eba00000| Complete 
| 187|0x00000000ebb00000, 0x00000000ebc00000, 0x00000000ebc00000|100%| E|CS|TAMS 0x00000000ebb00000| PB 0x00000000ebb00000| Complete 
| 188|0x00000000ebc00000, 0x00000000ebd00000, 0x00000000ebd00000|100%| E|CS|TAMS 0x00000000ebc00000| PB 0x00000000ebc00000| Complete 
| 189|0x00000000ebd00000, 0x00000000ebe00000, 0x00000000ebe00000|100%| E|CS|TAMS 0x00000000ebd00000| PB 0x00000000ebd00000| Complete 
| 190|0x00000000ebe00000, 0x00000000ebf00000, 0x00000000ebf00000|100%| E|CS|TAMS 0x00000000ebe00000| PB 0x00000000ebe00000| Complete 
| 191|0x00000000ebf00000, 0x00000000ec000000, 0x00000000ec000000|100%| E|CS|TAMS 0x00000000ebf00000| PB 0x00000000ebf00000| Complete 
| 192|0x00000000ec000000, 0x00000000ec100000, 0x00000000ec100000|100%| E|CS|TAMS 0x00000000ec000000| PB 0x00000000ec000000| Complete 
| 193|0x00000000ec100000, 0x00000000ec200000, 0x00000000ec200000|100%| E|CS|TAMS 0x00000000ec100000| PB 0x00000000ec100000| Complete 
| 194|0x00000000ec200000, 0x00000000ec300000, 0x00000000ec300000|100%| E|CS|TAMS 0x00000000ec200000| PB 0x00000000ec200000| Complete 
| 195|0x00000000ec300000, 0x00000000ec400000, 0x00000000ec400000|100%| E|CS|TAMS 0x00000000ec300000| PB 0x00000000ec300000| Complete 
| 196|0x00000000ec400000, 0x00000000ec500000, 0x00000000ec500000|100%| E|CS|TAMS 0x00000000ec400000| PB 0x00000000ec400000| Complete 
| 197|0x00000000ec500000, 0x00000000ec600000, 0x00000000ec600000|100%| E|CS|TAMS 0x00000000ec500000| PB 0x00000000ec500000| Complete 
| 198|0x00000000ec600000, 0x00000000ec700000, 0x00000000ec700000|100%| E|CS|TAMS 0x00000000ec600000| PB 0x00000000ec600000| Complete 
| 199|0x00000000ec700000, 0x00000000ec800000, 0x00000000ec800000|100%| E|CS|TAMS 0x00000000ec700000| PB 0x00000000ec700000| Complete 
| 200|0x00000000ec800000, 0x00000000ec900000, 0x00000000ec900000|100%| E|CS|TAMS 0x00000000ec800000| PB 0x00000000ec800000| Complete 
| 201|0x00000000ec900000, 0x00000000eca00000, 0x00000000eca00000|100%| E|CS|TAMS 0x00000000ec900000| PB 0x00000000ec900000| Complete 
| 202|0x00000000eca00000, 0x00000000ecb00000, 0x00000000ecb00000|100%| E|CS|TAMS 0x00000000eca00000| PB 0x00000000eca00000| Complete 
| 203|0x00000000ecb00000, 0x00000000ecc00000, 0x00000000ecc00000|100%| E|CS|TAMS 0x00000000ecb00000| PB 0x00000000ecb00000| Complete 
| 204|0x00000000ecc00000, 0x00000000ecd00000, 0x00000000ecd00000|100%| E|CS|TAMS 0x00000000ecc00000| PB 0x00000000ecc00000| Complete 
| 205|0x00000000ecd00000, 0x00000000ece00000, 0x00000000ece00000|100%| E|CS|TAMS 0x00000000ecd00000| PB 0x00000000ecd00000| Complete 
| 206|0x00000000ece00000, 0x00000000ecf00000, 0x00000000ecf00000|100%| E|CS|TAMS 0x00000000ece00000| PB 0x00000000ece00000| Complete 
| 207|0x00000000ecf00000, 0x00000000ed000000, 0x00000000ed000000|100%| E|CS|TAMS 0x00000000ecf00000| PB 0x00000000ecf00000| Complete 
| 208|0x00000000ed000000, 0x00000000ed100000, 0x00000000ed100000|100%| E|CS|TAMS 0x00000000ed000000| PB 0x00000000ed000000| Complete 
| 209|0x00000000ed100000, 0x00000000ed200000, 0x00000000ed200000|100%| E|CS|TAMS 0x00000000ed100000| PB 0x00000000ed100000| Complete 
| 210|0x00000000ed200000, 0x00000000ed300000, 0x00000000ed300000|100%| E|CS|TAMS 0x00000000ed200000| PB 0x00000000ed200000| Complete 
| 211|0x00000000ed300000, 0x00000000ed400000, 0x00000000ed400000|100%| E|CS|TAMS 0x00000000ed300000| PB 0x00000000ed300000| Complete 
| 212|0x00000000ed400000, 0x00000000ed500000, 0x00000000ed500000|100%| E|CS|TAMS 0x00000000ed400000| PB 0x00000000ed400000| Complete 
| 213|0x00000000ed500000, 0x00000000ed600000, 0x00000000ed600000|100%| E|CS|TAMS 0x00000000ed500000| PB 0x00000000ed500000| Complete 
| 214|0x00000000ed600000, 0x00000000ed700000, 0x00000000ed700000|100%| E|CS|TAMS 0x00000000ed600000| PB 0x00000000ed600000| Complete 
| 215|0x00000000ed700000, 0x00000000ed800000, 0x00000000ed800000|100%| E|CS|TAMS 0x00000000ed700000| PB 0x00000000ed700000| Complete 
| 216|0x00000000ed800000, 0x00000000ed900000, 0x00000000ed900000|100%| E|CS|TAMS 0x00000000ed800000| PB 0x00000000ed800000| Complete 
| 217|0x00000000ed900000, 0x00000000eda00000, 0x00000000eda00000|100%| E|CS|TAMS 0x00000000ed900000| PB 0x00000000ed900000| Complete 
| 218|0x00000000eda00000, 0x00000000edb00000, 0x00000000edb00000|100%| E|CS|TAMS 0x00000000eda00000| PB 0x00000000eda00000| Complete 
| 219|0x00000000edb00000, 0x00000000edc00000, 0x00000000edc00000|100%| E|CS|TAMS 0x00000000edb00000| PB 0x00000000edb00000| Complete 
| 220|0x00000000edc00000, 0x00000000edd00000, 0x00000000edd00000|100%| E|CS|TAMS 0x00000000edc00000| PB 0x00000000edc00000| Complete 
| 221|0x00000000edd00000, 0x00000000ede00000, 0x00000000ede00000|100%| E|CS|TAMS 0x00000000edd00000| PB 0x00000000edd00000| Complete 
| 222|0x00000000ede00000, 0x00000000edf00000, 0x00000000edf00000|100%| E|CS|TAMS 0x00000000ede00000| PB 0x00000000ede00000| Complete 
| 223|0x00000000edf00000, 0x00000000ee000000, 0x00000000ee000000|100%| E|CS|TAMS 0x00000000edf00000| PB 0x00000000edf00000| Complete 
| 224|0x00000000ee000000, 0x00000000ee100000, 0x00000000ee100000|100%| E|CS|TAMS 0x00000000ee000000| PB 0x00000000ee000000| Complete 
| 225|0x00000000ee100000, 0x00000000ee200000, 0x00000000ee200000|100%| E|CS|TAMS 0x00000000ee100000| PB 0x00000000ee100000| Complete 
| 226|0x00000000ee200000, 0x00000000ee300000, 0x00000000ee300000|100%| E|CS|TAMS 0x00000000ee200000| PB 0x00000000ee200000| Complete 
| 227|0x00000000ee300000, 0x00000000ee400000, 0x00000000ee400000|100%| E|CS|TAMS 0x00000000ee300000| PB 0x00000000ee300000| Complete 
| 228|0x00000000ee400000, 0x00000000ee500000, 0x00000000ee500000|100%| E|CS|TAMS 0x00000000ee400000| PB 0x00000000ee400000| Complete 
| 229|0x00000000ee500000, 0x00000000ee600000, 0x00000000ee600000|100%| E|CS|TAMS 0x00000000ee500000| PB 0x00000000ee500000| Complete 
| 230|0x00000000ee600000, 0x00000000ee700000, 0x00000000ee700000|100%| E|CS|TAMS 0x00000000ee600000| PB 0x00000000ee600000| Complete 
| 231|0x00000000ee700000, 0x00000000ee800000, 0x00000000ee800000|100%| E|CS|TAMS 0x00000000ee700000| PB 0x00000000ee700000| Complete 
| 232|0x00000000ee800000, 0x00000000ee900000, 0x00000000ee900000|100%| E|CS|TAMS 0x00000000ee800000| PB 0x00000000ee800000| Complete 
| 233|0x00000000ee900000, 0x00000000eea00000, 0x00000000eea00000|100%| E|CS|TAMS 0x00000000ee900000| PB 0x00000000ee900000| Complete 
| 234|0x00000000eea00000, 0x00000000eeb00000, 0x00000000eeb00000|100%| E|CS|TAMS 0x00000000eea00000| PB 0x00000000eea00000| Complete 
| 235|0x00000000eeb00000, 0x00000000eec00000, 0x00000000eec00000|100%| E|CS|TAMS 0x00000000eeb00000| PB 0x00000000eeb00000| Complete 
| 236|0x00000000eec00000, 0x00000000eed00000, 0x00000000eed00000|100%| E|CS|TAMS 0x00000000eec00000| PB 0x00000000eec00000| Complete 
| 237|0x00000000eed00000, 0x00000000eee00000, 0x00000000eee00000|100%| E|CS|TAMS 0x00000000eed00000| PB 0x00000000eed00000| Complete 
| 238|0x00000000eee00000, 0x00000000eef00000, 0x00000000eef00000|100%| E|CS|TAMS 0x00000000eee00000| PB 0x00000000eee00000| Complete 
| 239|0x00000000eef00000, 0x00000000ef000000, 0x00000000ef000000|100%| E|CS|TAMS 0x00000000eef00000| PB 0x00000000eef00000| Complete 
| 240|0x00000000ef000000, 0x00000000ef100000, 0x00000000ef100000|100%| E|CS|TAMS 0x00000000ef000000| PB 0x00000000ef000000| Complete 
| 241|0x00000000ef100000, 0x00000000ef200000, 0x00000000ef200000|100%| E|CS|TAMS 0x00000000ef100000| PB 0x00000000ef100000| Complete 
| 242|0x00000000ef200000, 0x00000000ef300000, 0x00000000ef300000|100%| E|CS|TAMS 0x00000000ef200000| PB 0x00000000ef200000| Complete 
| 243|0x00000000ef300000, 0x00000000ef400000, 0x00000000ef400000|100%| E|CS|TAMS 0x00000000ef300000| PB 0x00000000ef300000| Complete 
| 244|0x00000000ef400000, 0x00000000ef500000, 0x00000000ef500000|100%| E|CS|TAMS 0x00000000ef400000| PB 0x00000000ef400000| Complete 
| 245|0x00000000ef500000, 0x00000000ef600000, 0x00000000ef600000|100%| E|CS|TAMS 0x00000000ef500000| PB 0x00000000ef500000| Complete 
| 246|0x00000000ef600000, 0x00000000ef700000, 0x00000000ef700000|100%| E|CS|TAMS 0x00000000ef600000| PB 0x00000000ef600000| Complete 
| 247|0x00000000ef700000, 0x00000000ef800000, 0x00000000ef800000|100%| E|CS|TAMS 0x00000000ef700000| PB 0x00000000ef700000| Complete 
| 248|0x00000000ef800000, 0x00000000ef8a4740, 0x00000000ef900000| 64%| S|CS|TAMS 0x00000000ef800000| PB 0x00000000ef800000| Complete 
| 249|0x00000000ef900000, 0x00000000efa00000, 0x00000000efa00000|100%| S|CS|TAMS 0x00000000ef900000| PB 0x00000000ef900000| Complete 
| 250|0x00000000efa00000, 0x00000000efb00000, 0x00000000efb00000|100%| S|CS|TAMS 0x00000000efa00000| PB 0x00000000efa00000| Complete 
| 251|0x00000000efb00000, 0x00000000efc00000, 0x00000000efc00000|100%| S|CS|TAMS 0x00000000efb00000| PB 0x00000000efb00000| Complete 
| 252|0x00000000efc00000, 0x00000000efd00000, 0x00000000efd00000|100%| S|CS|TAMS 0x00000000efc00000| PB 0x00000000efc00000| Complete 
| 253|0x00000000efd00000, 0x00000000efe00000, 0x00000000efe00000|100%| E|CS|TAMS 0x00000000efd00000| PB 0x00000000efd00000| Complete 
| 254|0x00000000efe00000, 0x00000000eff00000, 0x00000000eff00000|100%| E|CS|TAMS 0x00000000efe00000| PB 0x00000000efe00000| Complete 
| 255|0x00000000eff00000, 0x00000000f0000000, 0x00000000f0000000|100%| E|CS|TAMS 0x00000000eff00000| PB 0x00000000eff00000| Complete 

Card table byte_map: [0x00000121247e0000,0x00000121248e0000] _byte_map_base: 0x00000121240e0000

Marking Bits: (CMBitMap*) 0x0000012111c8c2c0
 Bits: [0x00000121248e0000, 0x00000121250e0000)

Polling page: 0x000001210fb90000

Metaspace:

Usage:
  Non-class:     57.62 MB used.
      Class:      9.92 MB used.
       Both:     67.53 MB used.

Virtual space:
  Non-class space:       64.00 MB reserved,      58.69 MB ( 92%) committed,  1 nodes.
      Class space:      320.00 MB reserved,      10.94 MB (  3%) committed,  1 nodes.
             Both:      384.00 MB reserved,      69.62 MB ( 18%) committed. 

Chunk freelists:
   Non-Class:  4.47 MB
       Class:  4.91 MB
        Both:  9.38 MB

MaxMetaspaceSize: 384.00 MB
CompressedClassSpaceSize: 320.00 MB
Initial GC threshold: 21.00 MB
Current GC threshold: 100.94 MB
CDS: on
 - commit_granule_bytes: 65536.
 - commit_granule_words: 8192.
 - virtual_space_node_default_size: 8388608.
 - enlarge_chunks_in_place: 1.
 - use_allocation_guard: 0.


Internal statistics:

num_allocs_failed_limit: 18.
num_arena_births: 3890.
num_arena_deaths: 0.
num_vsnodes_births: 2.
num_vsnodes_deaths: 0.
num_space_committed: 1114.
num_space_uncommitted: 0.
num_chunks_returned_to_freelist: 18.
num_chunks_taken_from_freelist: 7261.
num_chunk_merges: 18.
num_chunk_splits: 4703.
num_chunks_enlarged: 2849.
num_inconsistent_stats: 0.

CodeHeap 'non-profiled nmethods': size=119168Kb used=4317Kb max_used=4317Kb free=114851Kb
 bounds [0x000001211ca00000, 0x000001211ce40000, 0x0000012123e60000]
CodeHeap 'profiled nmethods': size=119104Kb used=14978Kb max_used=14978Kb free=104125Kb
 bounds [0x0000012114e60000, 0x0000012115d10000, 0x000001211c2b0000]
CodeHeap 'non-nmethods': size=7488Kb used=3071Kb max_used=3679Kb free=4416Kb
 bounds [0x000001211c2b0000, 0x000001211c660000, 0x000001211ca00000]
CodeCache: size=245760Kb, used=22366Kb, max_used=22974Kb, free=223392Kb
 total_blobs=8610, nmethods=7796, adapters=715, full_count=0
Compilation: enabled, stopped_count=0, restarted_count=0

Compilation events (20 events):
Event: 39.814 Thread 0x00000121280dc2d0 8480       4       com.google.common.collect.NaturalOrdering::compare (13 bytes)
Event: 39.814 Thread 0x00000121280e2b40 nmethod 8479 0x0000012115cf9710 code [0x0000012115cf99c0, 0x0000012115cfa738]
Event: 39.814 Thread 0x00000121280e2b40 8482       1       org.gradle.internal.reflect.annotations.impl.DefaultTypeAnnotationMetadataStore::access$300 (5 bytes)
Event: 39.814 Thread 0x00000121280e2b40 nmethod 8482 0x000001211ce35b10 code [0x000001211ce35ca0, 0x000001211ce35d50]
Event: 39.814 Thread 0x00000121280e2b40 8483       1       org.gradle.internal.execution.model.annotations.ModifierAnnotationCategory::getDisplayName (5 bytes)
Event: 39.814 Thread 0x00000121280e2b40 nmethod 8483 0x000001211ce35e10 code [0x000001211ce35fa0, 0x000001211ce36068]
Event: 39.815 Thread 0x0000012128a839d0 nmethod 8478 0x0000012115cfab90 code [0x0000012115cfb200, 0x0000012115cfeaa0]
Event: 39.816 Thread 0x00000121280dc2d0 nmethod 8480 0x000001211ce36110 code [0x000001211ce362e0, 0x000001211ce36898]
Event: 39.816 Thread 0x00000121280dc2d0 8484       4       com.google.common.collect.RegularImmutableMap::get (13 bytes)
Event: 39.818 Thread 0x00000121280dc2d0 nmethod 8484 0x000001211ce36b10 code [0x000001211ce36cc0, 0x000001211ce36ef8]
Event: 39.818 Thread 0x00000121280dc2d0 8481       4       java.lang.CharacterDataLatin1::isUpperCase (16 bytes)
Event: 39.818 Thread 0x00000121280dc2d0 nmethod 8481 0x000001211ce37090 code [0x000001211ce37220, 0x000001211ce372f8]
Event: 39.996 Thread 0x00000121280dc2d0 8485       4       org.gradle.internal.reflect.ClassInspector::inspectClass (179 bytes)
Event: 39.997 Thread 0x0000012128a839d0 8486       3       java.lang.invoke.LambdaForm$BasicType::basicType (8 bytes)
Event: 39.998 Thread 0x0000012128a839d0 nmethod 8486 0x0000012115cffb90 code [0x0000012115cffd60, 0x0000012115cfffa0]
Event: 39.998 Thread 0x0000012128a839d0 8487       3       org.gradle.api.internal.collections.CollectionFilter::filter (39 bytes)
Event: 39.998 Thread 0x0000012128a839d0 nmethod 8487 0x0000012115d00110 code [0x0000012115d00320, 0x0000012115d00808]
Event: 40.120 Thread 0x0000012128a839d0 8488       3       java.net.InetAddress::<init> (21 bytes)
Event: 40.120 Thread 0x0000012128a862b0 8489       3       java.net.InetAddress$InetAddressHolder::<init> (5 bytes)
Event: 40.120 Thread 0x00000121280e2b40 8490       3       org.gradle.internal.serialize.InputStreamBackedDecoder::readByte (13 bytes)

GC Heap History (18 events):
Event: 1.183 GC heap before
{Heap before GC invocations=0 (full 0):
 garbage-first heap   total 262144K, used 26624K [0x00000000e0000000, 0x0000000100000000)
  region size 1024K, 23 young (23552K), 0 survivors (0K)
 Metaspace       used 2532K, committed 2688K, reserved 393216K
  class space    used 291K, committed 384K, reserved 327680K
}
Event: 1.190 GC heap after
{Heap after GC invocations=1 (full 0):
 garbage-first heap   total 262144K, used 11610K [0x00000000e0000000, 0x0000000100000000)
  region size 1024K, 3 young (3072K), 3 survivors (3072K)
 Metaspace       used 2532K, committed 2688K, reserved 393216K
  class space    used 291K, committed 384K, reserved 327680K
}
Event: 1.960 GC heap before
{Heap before GC invocations=1 (full 0):
 garbage-first heap   total 262144K, used 40282K [0x00000000e0000000, 0x0000000100000000)
  region size 1024K, 31 young (31744K), 3 survivors (3072K)
 Metaspace       used 4716K, committed 4928K, reserved 393216K
  class space    used 600K, committed 704K, reserved 327680K
}
Event: 1.963 GC heap after
{Heap after GC invocations=2 (full 0):
 garbage-first heap   total 262144K, used 13277K [0x00000000e0000000, 0x0000000100000000)
  region size 1024K, 2 young (2048K), 2 survivors (2048K)
 Metaspace       used 4716K, committed 4928K, reserved 393216K
  class space    used 600K, committed 704K, reserved 327680K
}
Event: 9.709 GC heap before
{Heap before GC invocations=2 (full 0):
 garbage-first heap   total 262144K, used 130013K [0x00000000e0000000, 0x0000000100000000)
  region size 1024K, 115 young (117760K), 2 survivors (2048K)
 Metaspace       used 20858K, committed 21504K, reserved 393216K
  class space    used 2983K, committed 3328K, reserved 327680K
}
Event: 9.779 GC heap after
{Heap after GC invocations=3 (full 0):
 garbage-first heap   total 262144K, used 24672K [0x00000000e0000000, 0x0000000100000000)
  region size 1024K, 12 young (12288K), 12 survivors (12288K)
 Metaspace       used 20858K, committed 21504K, reserved 393216K
  class space    used 2983K, committed 3328K, reserved 327680K
}
Event: 14.342 GC heap before
{Heap before GC invocations=4 (full 0):
 garbage-first heap   total 262144K, used 126048K [0x00000000e0000000, 0x0000000100000000)
  region size 1024K, 111 young (113664K), 12 survivors (12288K)
 Metaspace       used 34580K, committed 35968K, reserved 393216K
  class space    used 5045K, committed 5696K, reserved 327680K
}
Event: 14.349 GC heap after
{Heap after GC invocations=5 (full 0):
 garbage-first heap   total 262144K, used 30363K [0x00000000e0000000, 0x0000000100000000)
  region size 1024K, 6 young (6144K), 6 survivors (6144K)
 Metaspace       used 34580K, committed 35968K, reserved 393216K
  class space    used 5045K, committed 5696K, reserved 327680K
}
Event: 14.394 GC heap before
{Heap before GC invocations=5 (full 0):
 garbage-first heap   total 262144K, used 32411K [0x00000000e0000000, 0x0000000100000000)
  region size 1024K, 9 young (9216K), 6 survivors (6144K)
 Metaspace       used 34957K, committed 36288K, reserved 393216K
  class space    used 5107K, committed 5760K, reserved 327680K
}
Event: 14.397 GC heap after
{Heap after GC invocations=6 (full 0):
 garbage-first heap   total 262144K, used 30125K [0x00000000e0000000, 0x0000000100000000)
  region size 1024K, 6 young (6144K), 6 survivors (6144K)
 Metaspace       used 34957K, committed 36288K, reserved 393216K
  class space    used 5107K, committed 5760K, reserved 327680K
}
Event: 14.422 GC heap before
{Heap before GC invocations=6 (full 0):
 garbage-first heap   total 262144K, used 31149K [0x00000000e0000000, 0x0000000100000000)
  region size 1024K, 9 young (9216K), 6 survivors (6144K)
 Metaspace       used 35284K, committed 36608K, reserved 393216K
  class space    used 5114K, committed 5760K, reserved 327680K
}
Event: 14.425 GC heap after
{Heap after GC invocations=7 (full 0):
 garbage-first heap   total 262144K, used 30585K [0x00000000e0000000, 0x0000000100000000)
  region size 1024K, 7 young (7168K), 7 survivors (7168K)
 Metaspace       used 35284K, committed 36608K, reserved 393216K
  class space    used 5114K, committed 5760K, reserved 327680K
}
Event: 29.355 GC heap before
{Heap before GC invocations=8 (full 0):
 garbage-first heap   total 262144K, used 180089K [0x00000000e0000000, 0x0000000100000000)
  region size 1024K, 153 young (156672K), 7 survivors (7168K)
 Metaspace       used 50631K, committed 52544K, reserved 393216K
  class space    used 7446K, committed 8384K, reserved 327680K
}
Event: 29.362 GC heap after
{Heap after GC invocations=9 (full 0):
 garbage-first heap   total 262144K, used 38185K [0x00000000e0000000, 0x0000000100000000)
  region size 1024K, 14 young (14336K), 14 survivors (14336K)
 Metaspace       used 50631K, committed 52544K, reserved 393216K
  class space    used 7446K, committed 8384K, reserved 327680K
}
Event: 31.203 GC heap before
{Heap before GC invocations=9 (full 0):
 garbage-first heap   total 262144K, used 122153K [0x00000000e0000000, 0x0000000100000000)
  region size 1024K, 93 young (95232K), 14 survivors (14336K)
 Metaspace       used 59378K, committed 61376K, reserved 393216K
  class space    used 8782K, committed 9792K, reserved 327680K
}
Event: 31.211 GC heap after
{Heap after GC invocations=10 (full 0):
 garbage-first heap   total 262144K, used 45266K [0x00000000e0000000, 0x0000000100000000)
  region size 1024K, 12 young (12288K), 12 survivors (12288K)
 Metaspace       used 59378K, committed 61376K, reserved 393216K
  class space    used 8782K, committed 9792K, reserved 327680K
}
Event: 31.252 GC heap before
{Heap before GC invocations=10 (full 0):
 garbage-first heap   total 262144K, used 47314K [0x00000000e0000000, 0x0000000100000000)
  region size 1024K, 15 young (15360K), 12 survivors (12288K)
 Metaspace       used 59648K, committed 61696K, reserved 393216K
  class space    used 8825K, committed 9856K, reserved 327680K
}
Event: 31.258 GC heap after
{Heap after GC invocations=11 (full 0):
 garbage-first heap   total 262144K, used 46555K [0x00000000e0000000, 0x0000000100000000)
  region size 1024K, 5 young (5120K), 5 survivors (5120K)
 Metaspace       used 59648K, committed 61696K, reserved 393216K
  class space    used 8825K, committed 9856K, reserved 327680K
}

Dll operation events (20 events):
Event: 0.264 Attempting to load shared library C:\Users\momos\.vscode\extensions\redhat.java-1.56.0-win32-x64\jre\21.0.12.1-win32-x86_64\bin\nio.dll
Event: 0.264 Loaded shared library C:\Users\momos\.vscode\extensions\redhat.java-1.56.0-win32-x64\jre\21.0.12.1-win32-x86_64\bin\nio.dll
Event: 0.268 Attempting to load shared library C:\Users\momos\.vscode\extensions\redhat.java-1.56.0-win32-x64\jre\21.0.12.1-win32-x86_64\bin\zip.dll
Event: 0.268 Loaded shared library C:\Users\momos\.vscode\extensions\redhat.java-1.56.0-win32-x64\jre\21.0.12.1-win32-x86_64\bin\zip.dll
Event: 0.650 Attempting to load shared library C:\Users\momos\.vscode\extensions\redhat.java-1.56.0-win32-x64\jre\21.0.12.1-win32-x86_64\bin\jimage.dll
Event: 0.650 Loaded shared library C:\Users\momos\.vscode\extensions\redhat.java-1.56.0-win32-x64\jre\21.0.12.1-win32-x86_64\bin\jimage.dll
Event: 1.053 Attempting to load shared library C:\Users\momos\.vscode\extensions\redhat.java-1.56.0-win32-x64\jre\21.0.12.1-win32-x86_64\bin\verify.dll
Event: 1.054 Loaded shared library C:\Users\momos\.vscode\extensions\redhat.java-1.56.0-win32-x64\jre\21.0.12.1-win32-x86_64\bin\verify.dll
Event: 1.131 Attempting to load shared library C:\Users\momos\.gradle\native\660c5614fbf4a5f2a75b1949f50a0caf5cd603558e7d8a26e50b933a0cfb79d1\windows-amd64\native-platform.dll
Event: 1.134 Loaded shared library C:\Users\momos\.gradle\native\660c5614fbf4a5f2a75b1949f50a0caf5cd603558e7d8a26e50b933a0cfb79d1\windows-amd64\native-platform.dll
Event: 1.146 Attempting to load shared library C:\Users\momos\.gradle\native\0.2.8\x86_64-windows-gnu\gradle-fileevents.dll
Event: 1.147 Loaded shared library C:\Users\momos\.gradle\native\0.2.8\x86_64-windows-gnu\gradle-fileevents.dll
Event: 4.060 Attempting to load shared library C:\Users\momos\.vscode\extensions\redhat.java-1.56.0-win32-x64\jre\21.0.12.1-win32-x86_64\bin\management.dll
Event: 4.061 Loaded shared library C:\Users\momos\.vscode\extensions\redhat.java-1.56.0-win32-x64\jre\21.0.12.1-win32-x86_64\bin\management.dll
Event: 4.067 Attempting to load shared library C:\Users\momos\.vscode\extensions\redhat.java-1.56.0-win32-x64\jre\21.0.12.1-win32-x86_64\bin\management_ext.dll
Event: 4.068 Loaded shared library C:\Users\momos\.vscode\extensions\redhat.java-1.56.0-win32-x64\jre\21.0.12.1-win32-x86_64\bin\management_ext.dll
Event: 5.702 Attempting to load shared library C:\Users\momos\.vscode\extensions\redhat.java-1.56.0-win32-x64\jre\21.0.12.1-win32-x86_64\bin\extnet.dll
Event: 5.703 Loaded shared library C:\Users\momos\.vscode\extensions\redhat.java-1.56.0-win32-x64\jre\21.0.12.1-win32-x86_64\bin\extnet.dll
Event: 6.561 Attempting to load shared library C:\Users\momos\.vscode\extensions\redhat.java-1.56.0-win32-x64\jre\21.0.12.1-win32-x86_64\bin\sunmscapi.dll
Event: 6.566 Loaded shared library C:\Users\momos\.vscode\extensions\redhat.java-1.56.0-win32-x64\jre\21.0.12.1-win32-x86_64\bin\sunmscapi.dll

Deoptimization events (20 events):
Event: 32.463 Thread 0x00000121286cbdf0 DEOPT PACKING pc=0x000001211cc2ca2c sp=0x00000004a2af7cc0
Event: 32.463 Thread 0x00000121286cbdf0 DEOPT UNPACKING pc=0x000001211c304422 sp=0x00000004a2af7c50 mode 2
Event: 32.476 Thread 0x00000121286cbdf0 Uncommon trap: trap_request=0xffffff45 fr.pc=0x000001211cdbcd2c relative=0x000000000000016c
Event: 32.476 Thread 0x00000121286cbdf0 Uncommon trap: reason=unstable_if action=reinterpret pc=0x000001211cdbcd2c method=kotlin.reflect.jvm.internal.impl.protobuf.CodedInputStream.readRawVarint32()I @ 69 c2
Event: 32.476 Thread 0x00000121286cbdf0 DEOPT PACKING pc=0x000001211cdbcd2c sp=0x00000004a2af67e0
Event: 32.476 Thread 0x00000121286cbdf0 DEOPT UNPACKING pc=0x000001211c304422 sp=0x00000004a2af6768 mode 2
Event: 34.513 Thread 0x00000121285d5480 DEOPT PACKING pc=0x0000012115073ddb sp=0x00000004a3afe640
Event: 34.514 Thread 0x00000121285d5480 DEOPT UNPACKING pc=0x000001211c304bc2 sp=0x00000004a3afdac8 mode 0
Event: 34.577 Thread 0x00000121286cbdf0 Uncommon trap: trap_request=0xffffffde fr.pc=0x000001211cc46720 relative=0x0000000000004da0
Event: 34.577 Thread 0x00000121286cbdf0 Uncommon trap: reason=class_check action=maybe_recompile pc=0x000001211cc46720 method=java.net.URLClassLoader.defineClass(Ljava/lang/String;Ljdk/internal/loader/Resource;)Ljava/lang/Class; @ 34 c2
Event: 34.577 Thread 0x00000121286cbdf0 DEOPT PACKING pc=0x000001211cc46720 sp=0x00000004a2af7010
Event: 34.577 Thread 0x00000121286cbdf0 DEOPT UNPACKING pc=0x000001211c304422 sp=0x00000004a2af6e08 mode 2
Event: 34.579 Thread 0x00000121286cbdf0 Uncommon trap: trap_request=0xffffffde fr.pc=0x000001211cc46720 relative=0x0000000000004da0
Event: 34.579 Thread 0x00000121286cbdf0 Uncommon trap: reason=class_check action=maybe_recompile pc=0x000001211cc46720 method=java.net.URLClassLoader.defineClass(Ljava/lang/String;Ljdk/internal/loader/Resource;)Ljava/lang/Class; @ 34 c2
Event: 34.579 Thread 0x00000121286cbdf0 DEOPT PACKING pc=0x000001211cc46720 sp=0x00000004a2af7140
Event: 34.579 Thread 0x00000121286cbdf0 DEOPT UNPACKING pc=0x000001211c304422 sp=0x00000004a2af6f38 mode 2
Event: 34.581 Thread 0x00000121286cbdf0 Uncommon trap: trap_request=0xffffffde fr.pc=0x000001211cc46720 relative=0x0000000000004da0
Event: 34.581 Thread 0x00000121286cbdf0 Uncommon trap: reason=class_check action=maybe_recompile pc=0x000001211cc46720 method=java.net.URLClassLoader.defineClass(Ljava/lang/String;Ljdk/internal/loader/Resource;)Ljava/lang/Class; @ 34 c2
Event: 34.581 Thread 0x00000121286cbdf0 DEOPT PACKING pc=0x000001211cc46720 sp=0x00000004a2af7140
Event: 34.581 Thread 0x00000121286cbdf0 DEOPT UNPACKING pc=0x000001211c304422 sp=0x00000004a2af6f38 mode 2

Classes loaded (20 events):
Event: 32.270 Loading class com/sun/beans/finder/MethodFinder
Event: 32.271 Loading class com/sun/beans/finder/AbstractFinder
Event: 32.271 Loading class com/sun/beans/finder/AbstractFinder done
Event: 32.271 Loading class com/sun/beans/finder/MethodFinder done
Event: 32.271 Loading class com/sun/beans/finder/MethodFinder$1
Event: 32.271 Loading class com/sun/beans/finder/MethodFinder$1 done
Event: 32.271 Loading class com/sun/beans/finder/FinderUtils
Event: 32.271 Loading class com/sun/beans/finder/FinderUtils done
Event: 34.694 Loading class java/lang/AbstractMethodError
Event: 34.694 Loading class java/lang/AbstractMethodError done
Event: 35.517 Loading class java/lang/foreign/MemorySegment
Event: 35.518 Loading class java/lang/foreign/MemorySegment done
Event: 36.193 Loading class java/util/stream/ReduceOps$5
Event: 36.193 Loading class java/util/stream/ReduceOps$5 done
Event: 36.193 Loading class java/util/stream/ReduceOps$CountingSink$OfRef
Event: 36.193 Loading class java/util/stream/ReduceOps$CountingSink
Event: 36.193 Loading class java/util/stream/ReduceOps$CountingSink done
Event: 36.194 Loading class java/util/stream/ReduceOps$CountingSink$OfRef done
Event: 36.445 Loading class java/util/LinkedList$LLSpliterator
Event: 36.445 Loading class java/util/LinkedList$LLSpliterator done

Classes unloaded (0 events):
No events

Classes redefined (0 events):
No events

Internal exceptions (20 events):
Event: 31.634 Thread 0x00000121286cbdf0 Exception <a 'java/lang/NoSuchMethodError'{0x00000000ee792008}: static Lorg/jetbrains/kotlin/gradle/plugin/statistics/MetricContainer;.<clinit>()V> (0x00000000ee792008) 
thrown [s\src\hotspot\share\prims\jni.cpp, line 1111]
Event: 32.265 Thread 0x00000121286cbdf0 Exception <a 'java/lang/ClassNotFoundException'{0x00000000eb692418}: groovy/lang/Closure$1BeanInfo> (0x00000000eb692418) 
thrown [s\src\hotspot\share\classfile\systemDictionary.cpp, line 313]
Event: 32.265 Thread 0x00000121286cbdf0 Exception <a 'java/lang/ClassNotFoundException'{0x00000000eb6a5cc8}: groovy/lang/ClosureBeanInfo> (0x00000000eb6a5cc8) 
thrown [s\src\hotspot\share\classfile\systemDictionary.cpp, line 313]
Event: 32.266 Thread 0x00000121286cbdf0 Exception <a 'java/lang/ClassNotFoundException'{0x00000000eb6b9540}: groovy/lang/ClosureCustomizer> (0x00000000eb6b9540) 
thrown [s\src\hotspot\share\classfile\systemDictionary.cpp, line 313]
Event: 32.270 Thread 0x00000121286cbdf0 Exception <a 'java/lang/ClassNotFoundException'{0x00000000eb6f3f38}: groovy/lang/Closure$1Customizer> (0x00000000eb6f3f38) 
thrown [s\src\hotspot\share\classfile\systemDictionary.cpp, line 313]
Event: 32.276 Thread 0x00000121286cbdf0 Exception <a 'java/lang/ClassNotFoundException'{0x00000000eb536a60}: org/jetbrains/kotlin/gradle/targets/js/npm/DefaultNpmDependencyExtensionBeanInfo> (0x00000000eb536a60) 
thrown [s\src\hotspot\share\classfile\systemDictionary.cpp, line 313]
Event: 32.277 Thread 0x00000121286cbdf0 Exception <a 'java/lang/ClassNotFoundException'{0x00000000eb53f020}: org/jetbrains/kotlin/gradle/targets/js/npm/DefaultNpmDependencyExtensionCustomizer> (0x00000000eb53f020) 
thrown [s\src\hotspot\share\classfile\systemDictionary.cpp, line 313]
Event: 32.282 Thread 0x00000121286cbdf0 Exception <a 'java/lang/ClassNotFoundException'{0x00000000eb5a7c18}: org/jetbrains/kotlin/gradle/targets/js/npm/NpmDependencyExtensionKt$defaultNpmDependencyDelegate$1BeanInfo> (0x00000000eb5a7c18) 
thrown [s\src\hotspot\share\classfile\systemDictionary.cpp, line 313]
Event: 32.282 Thread 0x00000121286cbdf0 Exception <a 'java/lang/ClassNotFoundException'{0x00000000eb5b0218}: org/jetbrains/kotlin/gradle/targets/js/npm/NpmDependencyExtensionDelegateBeanInfo> (0x00000000eb5b0218) 
thrown [s\src\hotspot\share\classfile\systemDictionary.cpp, line 313]
Event: 32.283 Thread 0x00000121286cbdf0 Exception <a 'java/lang/ClassNotFoundException'{0x00000000eb5b87e8}: org/jetbrains/kotlin/gradle/targets/js/npm/NpmDependencyExtensionDelegateCustomizer> (0x00000000eb5b87e8) 
thrown [s\src\hotspot\share\classfile\systemDictionary.cpp, line 313]
Event: 32.286 Thread 0x00000121286cbdf0 Exception <a 'java/lang/ClassNotFoundException'{0x00000000eb5e74d0}: org/jetbrains/kotlin/gradle/targets/js/npm/NpmDependencyExtensionKt$defaultNpmDependencyDelegate$1Customizer> (0x00000000eb5e74d0) 
thrown [s\src\hotspot\share\classfile\systemDictionary.cpp, line 313]
Event: 32.295 Thread 0x00000121286cbdf0 Exception <a 'java/lang/ClassNotFoundException'{0x00000000eb416fe8}: org/jetbrains/kotlin/gradle/targets/js/npm/DefaultDevNpmDependencyExtensionBeanInfo> (0x00000000eb416fe8) 
thrown [s\src\hotspot\share\classfile\systemDictionary.cpp, line 313]
Event: 32.295 Thread 0x00000121286cbdf0 Exception <a 'java/lang/ClassNotFoundException'{0x00000000eb41f5c0}: org/jetbrains/kotlin/gradle/targets/js/npm/DefaultDevNpmDependencyExtensionCustomizer> (0x00000000eb41f5c0) 
thrown [s\src\hotspot\share\classfile\systemDictionary.cpp, line 313]
Event: 32.314 Thread 0x00000121286cbdf0 Exception <a 'java/lang/ClassNotFoundException'{0x00000000eb45a510}: org/jetbrains/kotlin/gradle/targets/js/npm/DefaultPeerNpmDependencyExtensionBeanInfo> (0x00000000eb45a510) 
thrown [s\src\hotspot\share\classfile\systemDictionary.cpp, line 313]
Event: 32.314 Thread 0x00000121286cbdf0 Exception <a 'java/lang/ClassNotFoundException'{0x00000000eb462af8}: org/jetbrains/kotlin/gradle/targets/js/npm/DefaultPeerNpmDependencyExtensionCustomizer> (0x00000000eb462af8) 
thrown [s\src\hotspot\share\classfile\systemDictionary.cpp, line 313]
Event: 32.319 Thread 0x00000121286cbdf0 Exception <a 'java/lang/ClassNotFoundException'{0x00000000eb49d5c8}: org/jetbrains/kotlin/gradle/targets/js/npm/DefaultPeerNpmDependencyExtension$delegate$1BeanInfo> (0x00000000eb49d5c8) 
thrown [s\src\hotspot\share\classfile\systemDictionary.cpp, line 313]
Event: 32.319 Thread 0x00000121286cbdf0 Exception <a 'java/lang/ClassNotFoundException'{0x00000000eb4a5cb8}: org/jetbrains/kotlin/gradle/targets/js/npm/DefaultPeerNpmDependencyExtension$delegate$1Customizer> (0x00000000eb4a5cb8) 
thrown [s\src\hotspot\share\classfile\systemDictionary.cpp, line 313]
Event: 32.415 Thread 0x00000121286cbdf0 Exception <a 'java/lang/NoSuchMethodError'{0x00000000eadd5520}: 'long java.lang.invoke.DirectMethodHandle$Holder.invokeStatic(java.lang.Object, java.lang.Object)'> (0x00000000eadd5520) 
thrown [s\src\hotspot\share\interpreter\linkResolver.cpp, line 773]
Event: 34.584 Thread 0x00000121286cbdf0 Exception <a 'java/lang/NoSuchMethodError'{0x00000000ea1a3000}: 'void java.lang.invoke.DirectMethodHandle$Holder.invokeInterface(java.lang.Object, java.lang.Object, java.lang.Object, java.lang.Object)'> (0x00000000ea1a3000) 
thrown [s\src\hotspot\share\interpreter\linkResolver.cpp, line 773]
Event: 35.213 Thread 0x00000121286cbdf0 Exception <a 'java/lang/NoSuchMethodError'{0x00000000e9acd6a0}: 'java.lang.Object java.lang.invoke.DirectMethodHandle$Holder.invokeStatic(java.lang.Object, int, java.lang.Object)'> (0x00000000e9acd6a0) 
thrown [s\src\hotspot\share\interpreter\linkResolver.cpp, line 773]

ZGC Phase Switch (0 events):
No events

VM Operations (20 events):
Event: 31.745 Executing safepoint VM operation: ICBufferFull done
Event: 31.800 Executing non-safepoint VM operation: HandshakeAllThreads (Deoptimize)
Event: 31.800 Executing non-safepoint VM operation: HandshakeAllThreads (Deoptimize) done
Event: 32.404 Executing safepoint VM operation: ICBufferFull
Event: 32.404 Executing safepoint VM operation: ICBufferFull done
Event: 33.404 Executing safepoint VM operation: Cleanup
Event: 33.404 Executing safepoint VM operation: Cleanup done
Event: 34.419 Executing safepoint VM operation: Cleanup
Event: 34.419 Executing safepoint VM operation: Cleanup done
Event: 35.429 Executing safepoint VM operation: Cleanup
Event: 35.430 Executing safepoint VM operation: Cleanup done
Event: 36.439 Executing safepoint VM operation: Cleanup
Event: 36.439 Executing safepoint VM operation: Cleanup done
Event: 37.448 Executing safepoint VM operation: Cleanup
Event: 37.448 Executing safepoint VM operation: Cleanup done
Event: 38.454 Executing safepoint VM operation: Cleanup
Event: 38.454 Executing safepoint VM operation: Cleanup done
Event: 39.461 Executing safepoint VM operation: Cleanup
Event: 39.461 Executing safepoint VM operation: Cleanup done
Event: 40.470 Executing safepoint VM operation: Cleanup

Memory protections (0 events):
No events

Nmethod flushes (20 events):
Event: 31.277 Thread 0x00000121280ac390 flushing  nmethod 0x000001211517d790
Event: 31.277 Thread 0x00000121280ac390 flushing  nmethod 0x000001211517e010
Event: 31.277 Thread 0x00000121280ac390 flushing  nmethod 0x00000121151acc10
Event: 31.277 Thread 0x00000121280ac390 flushing  nmethod 0x0000012115220490
Event: 31.277 Thread 0x00000121280ac390 flushing  nmethod 0x0000012115224a90
Event: 31.277 Thread 0x00000121280ac390 flushing  nmethod 0x0000012115226190
Event: 31.277 Thread 0x00000121280ac390 flushing  nmethod 0x0000012115274f10
Event: 31.277 Thread 0x00000121280ac390 flushing  nmethod 0x0000012115385090
Event: 31.277 Thread 0x00000121280ac390 flushing  nmethod 0x0000012115385f10
Event: 31.277 Thread 0x00000121280ac390 flushing  nmethod 0x0000012114eb4390
Event: 31.277 Thread 0x00000121280ac390 flushing  nmethod 0x0000012115392c10
Event: 31.277 Thread 0x00000121280ac390 flushing  nmethod 0x0000012115393110
Event: 31.277 Thread 0x00000121280ac390 flushing  nmethod 0x0000012115393610
Event: 31.277 Thread 0x00000121280ac390 flushing  nmethod 0x0000012115394310
Event: 31.277 Thread 0x00000121280ac390 flushing  nmethod 0x0000012115395490
Event: 31.277 Thread 0x00000121280ac390 flushing  nmethod 0x00000121154c8710
Event: 31.277 Thread 0x00000121280ac390 flushing  nmethod 0x00000121154ccb10
Event: 31.277 Thread 0x00000121280ac390 flushing  nmethod 0x000001211551b910
Event: 31.277 Thread 0x00000121280ac390 flushing  nmethod 0x0000012115680f10
Event: 31.277 Thread 0x00000121280ac390 flushing  nmethod 0x00000121156d8090

Events (20 events):
Event: 29.867 Thread 0x00000121280dc2d0 Thread added: 0x000001214268c1f0
Event: 30.365 Thread 0x000001214268c1f0 Thread exited: 0x000001214268c1f0
Event: 30.365 Thread 0x000001214268ead0 Thread exited: 0x000001214268ead0
Event: 31.162 Thread 0x00000121286cbdf0 Thread added: 0x00000121442f5600
Event: 31.225 Thread 0x00000121280e2b40 Thread added: 0x000001214268c1f0
Event: 31.370 Thread 0x000001214268e400 Thread added: 0x000001214268cf90
Event: 31.371 Thread 0x000001214268b450 Thread added: 0x0000012128a83300
Event: 31.662 Thread 0x00000121286cbdf0 Thread added: 0x00000121442f6320
Event: 33.992 Thread 0x0000012128a83300 Thread exited: 0x0000012128a83300
Event: 34.159 Thread 0x000001214268cf90 Thread exited: 0x000001214268cf90
Event: 34.269 Thread 0x000001214268c1f0 Thread exited: 0x000001214268c1f0
Event: 35.227 Thread 0x000001214268d660 Thread exited: 0x000001214268d660
Event: 35.227 Thread 0x000001214268b450 Thread exited: 0x000001214268b450
Event: 35.516 Thread 0x000001214268e400 Thread exited: 0x000001214268e400
Event: 36.184 Thread 0x00000121280e2b40 Thread added: 0x0000012128a86980
Event: 36.184 Thread 0x00000121280e2b40 Thread added: 0x0000012128a862b0
Event: 37.623 Thread 0x0000012128a862b0 Thread exited: 0x0000012128a862b0
Event: 37.624 Thread 0x0000012128a86980 Thread exited: 0x0000012128a86980
Event: 37.650 Thread 0x00000121280e2b40 Thread added: 0x0000012128a862b0
Event: 37.680 Thread 0x00000121280e2b40 Thread added: 0x0000012128a839d0


Dynamic libraries:
0x00007ff60e470000 - 0x00007ff60e47e000 	C:\Users\momos\.vscode\extensions\redhat.java-1.56.0-win32-x64\jre\21.0.12.1-win32-x86_64\bin\java.exe
0x00007fff4e2c0000 - 0x00007fff4e526000 	C:\Windows\SYSTEM32\ntdll.dll
0x00007fff4c2c0000 - 0x00007fff4c389000 	C:\Windows\System32\KERNEL32.DLL
0x00007fff4b9a0000 - 0x00007fff4bd9f000 	C:\Windows\System32\KERNELBASE.dll
0x00007fff4b4d0000 - 0x00007fff4b61c000 	C:\Windows\System32\ucrtbase.dll
0x00007fff2a3a0000 - 0x00007fff2a3b8000 	C:\Users\momos\.vscode\extensions\redhat.java-1.56.0-win32-x64\jre\21.0.12.1-win32-x86_64\bin\jli.dll
0x00007fff4c020000 - 0x00007fff4c1e6000 	C:\Windows\System32\USER32.dll
0x00007fff4b7b0000 - 0x00007fff4b7d7000 	C:\Windows\System32\win32u.dll
0x00007fff4c560000 - 0x00007fff4c58b000 	C:\Windows\System32\GDI32.dll
0x00007fff4b870000 - 0x00007fff4b999000 	C:\Windows\System32\gdi32full.dll
0x00007fff4bdb0000 - 0x00007fff4be53000 	C:\Windows\System32\msvcp_win.dll
0x00007fff30c80000 - 0x00007fff30c9e000 	C:\Users\momos\.vscode\extensions\redhat.java-1.56.0-win32-x64\jre\21.0.12.1-win32-x86_64\bin\VCRUNTIME140.dll
0x00007fff2e060000 - 0x00007fff2e2f1000 	C:\Windows\WinSxS\amd64_microsoft.windows.common-controls_6595b64144ccf1df_6.0.26100.8972_none_3e0da176e32f9d4b\COMCTL32.dll
0x00007fff4cf50000 - 0x00007fff4cff9000 	C:\Windows\System32\msvcrt.dll
0x00007fff4cdc0000 - 0x00007fff4cdf2000 	C:\Windows\System32\IMM32.DLL
0x00007fff323f0000 - 0x00007fff323fc000 	C:\Users\momos\.vscode\extensions\redhat.java-1.56.0-win32-x64\jre\21.0.12.1-win32-x86_64\bin\vcruntime140_1.dll
0x00007ffec7920000 - 0x00007ffec79ad000 	C:\Users\momos\.vscode\extensions\redhat.java-1.56.0-win32-x64\jre\21.0.12.1-win32-x86_64\bin\msvcp140.dll
0x00007ffe666d0000 - 0x00007ffe67472000 	C:\Users\momos\.vscode\extensions\redhat.java-1.56.0-win32-x64\jre\21.0.12.1-win32-x86_64\bin\server\jvm.dll
0x00007fff4c1f0000 - 0x00007fff4c2ac000 	C:\Windows\System32\ADVAPI32.dll
0x00007fff4d000000 - 0x00007fff4d0aa000 	C:\Windows\System32\sechost.dll
0x00007fff4c390000 - 0x00007fff4c4a8000 	C:\Windows\System32\RPCRT4.dll
0x00007fff4dff0000 - 0x00007fff4e072000 	C:\Windows\System32\WS2_32.dll
0x00007fff4b170000 - 0x00007fff4b1ce000 	C:\Windows\SYSTEM32\POWRPROF.dll
0x00007fff3d670000 - 0x00007fff3d6a6000 	C:\Windows\SYSTEM32\WINMM.dll
0x00007fff443d0000 - 0x00007fff443db000 	C:\Windows\SYSTEM32\VERSION.dll
0x00007fff4b150000 - 0x00007fff4b165000 	C:\Windows\SYSTEM32\UMPDC.dll
0x00007fff4a180000 - 0x00007fff4a19b000 	C:\Windows\SYSTEM32\kernel.appcore.dll
0x00007fff2a7f0000 - 0x00007fff2a7fa000 	C:\Users\momos\.vscode\extensions\redhat.java-1.56.0-win32-x64\jre\21.0.12.1-win32-x86_64\bin\jimage.dll
0x00007fff33a80000 - 0x00007fff33cc2000 	C:\Windows\SYSTEM32\DBGHELP.DLL
0x00007fff4c5a0000 - 0x00007fff4c925000 	C:\Windows\System32\combase.dll
0x00007fff4ce00000 - 0x00007fff4ced9000 	C:\Windows\System32\OLEAUT32.dll
0x00007fff2efd0000 - 0x00007fff2f00b000 	C:\Windows\SYSTEM32\dbgcore.DLL
0x00007fff4b6f0000 - 0x00007fff4b79c000 	C:\Windows\System32\bcryptPrimitives.dll
0x00007fff18f80000 - 0x00007fff18f8f000 	C:\Users\momos\.vscode\extensions\redhat.java-1.56.0-win32-x64\jre\21.0.12.1-win32-x86_64\bin\instrument.dll
0x00007fff25990000 - 0x00007fff259b0000 	C:\Users\momos\.vscode\extensions\redhat.java-1.56.0-win32-x64\jre\21.0.12.1-win32-x86_64\bin\java.dll
0x00007fff4d0b0000 - 0x00007fff4d838000 	C:\Windows\System32\SHELL32.dll
0x00007fff48f60000 - 0x00007fff497fb000 	C:\Windows\SYSTEM32\windows.storage.dll
0x00007fff4cae0000 - 0x00007fff4cbd9000 	C:\Windows\System32\SHCORE.dll
0x00007fff4cee0000 - 0x00007fff4cf46000 	C:\Windows\System32\shlwapi.dll
0x00007fff4b3f0000 - 0x00007fff4b419000 	C:\Windows\SYSTEM32\profapi.dll
0x00007fff201b0000 - 0x00007fff201c8000 	C:\Users\momos\.vscode\extensions\redhat.java-1.56.0-win32-x64\jre\21.0.12.1-win32-x86_64\bin\zip.dll
0x00007fff2a630000 - 0x00007fff2a640000 	C:\Users\momos\.vscode\extensions\redhat.java-1.56.0-win32-x64\jre\21.0.12.1-win32-x86_64\bin\net.dll
0x00007fff43910000 - 0x00007fff43a38000 	C:\Windows\SYSTEM32\WINHTTP.dll
0x00007fff4a720000 - 0x00007fff4a78c000 	C:\Windows\system32\mswsock.dll
0x00007fff1f850000 - 0x00007fff1f866000 	C:\Users\momos\.vscode\extensions\redhat.java-1.56.0-win32-x64\jre\21.0.12.1-win32-x86_64\bin\nio.dll
0x00007fff2a4e0000 - 0x00007fff2a4f0000 	C:\Users\momos\.vscode\extensions\redhat.java-1.56.0-win32-x64\jre\21.0.12.1-win32-x86_64\bin\verify.dll
0x00007fff1b950000 - 0x00007fff1b977000 	C:\Users\momos\.gradle\native\660c5614fbf4a5f2a75b1949f50a0caf5cd603558e7d8a26e50b933a0cfb79d1\windows-amd64\native-platform.dll
0x00007ffeba1e0000 - 0x00007ffeba257000 	C:\Users\momos\.gradle\native\0.2.8\x86_64-windows-gnu\gradle-fileevents.dll
0x00007fff2a330000 - 0x00007fff2a33a000 	C:\Users\momos\.vscode\extensions\redhat.java-1.56.0-win32-x64\jre\21.0.12.1-win32-x86_64\bin\management.dll
0x00007fff256a0000 - 0x00007fff256ac000 	C:\Users\momos\.vscode\extensions\redhat.java-1.56.0-win32-x64\jre\21.0.12.1-win32-x86_64\bin\management_ext.dll
0x00007fff4c590000 - 0x00007fff4c598000 	C:\Windows\System32\PSAPI.DLL
0x00007fff49b30000 - 0x00007fff49b63000 	C:\Windows\SYSTEM32\IPHLPAPI.DLL
0x00007fff4cad0000 - 0x00007fff4cada000 	C:\Windows\System32\NSI.dll
0x00007fff21770000 - 0x00007fff21779000 	C:\Users\momos\.vscode\extensions\redhat.java-1.56.0-win32-x64\jre\21.0.12.1-win32-x86_64\bin\extnet.dll
0x00007fff4aa60000 - 0x00007fff4aa7b000 	C:\Windows\SYSTEM32\CRYPTSP.dll
0x00007fff4a0e0000 - 0x00007fff4a119000 	C:\Windows\system32\rsaenh.dll
0x00007fff4a7e0000 - 0x00007fff4a812000 	C:\Windows\SYSTEM32\USERENV.dll
0x00007fff4b3c0000 - 0x00007fff4b3ea000 	C:\Windows\SYSTEM32\bcrypt.dll
0x00007fff4aa80000 - 0x00007fff4aa8c000 	C:\Windows\SYSTEM32\CRYPTBASE.dll
0x00007ffefd120000 - 0x00007ffefd12e000 	C:\Users\momos\.vscode\extensions\redhat.java-1.56.0-win32-x64\jre\21.0.12.1-win32-x86_64\bin\sunmscapi.dll
0x00007fff4be60000 - 0x00007fff4bfde000 	C:\Windows\System32\CRYPT32.dll
0x00007fff4aca0000 - 0x00007fff4acd0000 	C:\Windows\SYSTEM32\ncrypt.dll
0x00007fff4ac50000 - 0x00007fff4ac8f000 	C:\Windows\SYSTEM32\NTASN1.dll
0x00007ffef3a10000 - 0x00007ffef3a18000 	C:\Windows\system32\wshunix.dll

JVMTI agents:
C:\Users\momos\.gradle\wrapper\dists\gradle-9.6.1-bin\4ticwg1pgcbps2hj28r8so764\gradle-9.6.1\lib\agents\gradle-instrumentation-agent-9.6.1.jar path:C:\Users\momos\.vscode\extensions\redhat.java-1.56.0-win32-x64\jre\21.0.12.1-win32-x86_64\bin\instrument.dll, loaded, initialized, instrumentlib options:none

dbghelp: loaded successfully - version: 4.0.5 - missing functions: none
symbol engine: initialized successfully - sym options: 0x614 - pdb path: .;C:\Users\momos\.vscode\extensions\redhat.java-1.56.0-win32-x64\jre\21.0.12.1-win32-x86_64\bin;C:\Windows\SYSTEM32;C:\Windows\WinSxS\amd64_microsoft.windows.common-controls_6595b64144ccf1df_6.0.26100.8972_none_3e0da176e32f9d4b;C:\Users\momos\.vscode\extensions\redhat.java-1.56.0-win32-x64\jre\21.0.12.1-win32-x86_64\bin\server;C:\Users\momos\.gradle\native\660c5614fbf4a5f2a75b1949f50a0caf5cd603558e7d8a26e50b933a0cfb79d1\windows-amd64;C:\Users\momos\.gradle\native\0.2.8\x86_64-windows-gnu

VM Arguments:
jvm_args: --add-opens=java.base/java.lang=ALL-UNNAMED --add-opens=java.base/java.lang.invoke=ALL-UNNAMED --add-opens=java.base/java.util=ALL-UNNAMED --add-opens=java.prefs/java.util.prefs=ALL-UNNAMED --add-exports=jdk.compiler/com.sun.tools.javac.api=ALL-UNNAMED --add-exports=jdk.compiler/com.sun.tools.javac.util=ALL-UNNAMED --add-opens=java.base/java.nio.charset=ALL-UNNAMED --add-opens=java.base/java.net=ALL-UNNAMED --add-opens=java.base/java.util.concurrent=ALL-UNNAMED --add-opens=java.base/java.util.concurrent.atomic=ALL-UNNAMED --add-opens=java.xml/javax.xml.namespace=ALL-UNNAMED --add-opens=java.base/java.time=ALL-UNNAMED -XX:MaxMetaspaceSize=384m -XX:+HeapDumpOnOutOfMemoryError -Xms256m -Xmx512m -Dfile.encoding=UTF-8 -Duser.country=JP -Duser.language=ja -Duser.variant -javaagent:C:\Users\momos\.gradle\wrapper\dists\gradle-9.6.1-bin\4ticwg1pgcbps2hj28r8so764\gradle-9.6.1\lib\agents\gradle-instrumentation-agent-9.6.1.jar 
java_command: org.gradle.launcher.daemon.bootstrap.GradleDaemon 9.6.1
java_class_path (initial): C:\Users\momos\.gradle\wrapper\dists\gradle-9.6.1-bin\4ticwg1pgcbps2hj28r8so764\gradle-9.6.1\lib\gradle-daemon-main-9.6.1.jar
Launcher Type: SUN_STANDARD

[Global flags]
     intx CICompilerCount                          = 12                                        {product} {ergonomic}
   size_t CompressedClassSpaceSize                 = 335544320                                 {product} {ergonomic}
     uint ConcGCThreads                            = 3                                         {product} {ergonomic}
     uint G1ConcRefinementThreads                  = 13                                        {product} {ergonomic}
   size_t G1HeapRegionSize                         = 1048576                                   {product} {ergonomic}
    uintx GCDrainStackTargetSize                   = 64                                        {product} {ergonomic}
     bool HeapDumpOnOutOfMemoryError               = true                                   {manageable} {command line}
   size_t InitialHeapSize                          = 268435456                                 {product} {command line}
   size_t MarkStackSize                            = 4194304                                   {product} {ergonomic}
   size_t MaxHeapSize                              = 536870912                                 {product} {command line}
   size_t MaxMetaspaceSize                         = 402653184                                 {product} {command line}
   size_t MaxNewSize                               = 321912832                                 {product} {ergonomic}
   size_t MinHeapDeltaBytes                        = 1048576                                   {product} {ergonomic}
   size_t MinHeapSize                              = 268435456                                 {product} {command line}
    uintx NonNMethodCodeHeapSize                   = 7602480                                {pd product} {ergonomic}
    uintx NonProfiledCodeHeapSize                  = 122027880                              {pd product} {ergonomic}
    uintx ProfiledCodeHeapSize                     = 122027880                              {pd product} {ergonomic}
    uintx ReservedCodeCacheSize                    = 251658240                              {pd product} {ergonomic}
     bool SegmentedCodeCache                       = true                                      {product} {ergonomic}
   size_t SoftMaxHeapSize                          = 536870912                              {manageable} {ergonomic}
     bool UseCompressedOops                        = true                           {product lp64_product} {ergonomic}
     bool UseG1GC                                  = true                                      {product} {ergonomic}
     bool UseLargePagesIndividualAllocation        = false                                  {pd product} {ergonomic}

Logging:
Log output configuration:
 #0: stdout all=warning uptime,level,tags foldmultilines=false
 #1: stderr all=off uptime,level,tags foldmultilines=false

Release file:
JAVA_VERSION="21.0.12.1" 
MODULES="java.base java.compiler java.datatransfer java.xml java.prefs java.desktop java.instrument java.logging java.management java.security.sasl java.naming java.rmi java.management.rmi java.net.http java.scripting java.security.jgss java.transaction.xa java.sql java.sql.rowset java.xml.crypto java.se java.smartcardio jdk.accessibility jdk.internal.jvmstat jdk.attach jdk.charsets jdk.internal.opt jdk.zipfs jdk.compiler jdk.crypto.ec jdk.crypto.cryptoki jdk.crypto.mscapi jdk.dynalink jdk.internal.ed jdk.editpad jdk.hotspot.agent jdk.httpserver jdk.internal.le jdk.internal.vm.ci jdk.internal.vm.compiler jdk.internal.vm.compiler.management jdk.jartool jdk.javadoc jdk.jcmd jdk.management jdk.management.agent jdk.jconsole jdk.jdeps jdk.jdwp.agent jdk.jdi jdk.jfr jdk.jshell jdk.jsobject jdk.jstatd jdk.localedata jdk.management.jfr jdk.naming.dns jdk.naming.rmi jdk.net jdk.nio.mapmode jdk.random jdk.sctp jdk.security.auth jdk.security.jgss jdk.unsupported jdk.unsupported.desktop jdk.xml.dom" 

Environment Variables:
JAVA_HOME=C:\Program Files\Eclipse Adoptium\jdk-21.0.12.8-hotspot\
PATH=C:\Program Files\Eclipse Adoptium\jdk-21.0.12.8-hotspot\bin;C:\Program Files (x86)\Common Files\Oracle\Java\javapath;C:\Program Files (x86)\Common Files\Oracle\Java\java8path;C:\Windows\system32;C:\Windows;C:\Windows\System32\Wbem;C:\Windows\System32\WindowsPowerShell\v1.0\;C:\Windows\System32\OpenSSH\;C:\Program Files (x86)\NVIDIA Corporation\PhysX\Common;C:\Program Files\dotnet\;C:\Program Files\nodejs\;C:\Program Files\NVIDIA Corporation\NVIDIA App\NvDLISR;C:\Program Files\Git\cmd;C:\Gradle\gradle-9.6.1\bin;C:\Users\momos\AppData\Local\Microsoft\WindowsApps;C:\Users\momos\AppData\Local\Programs\Microsoft VS Code\bin;C:\Users\momos\AppData\Roaming\npm;C:\Program Files\OpenSSL-Win64\bin;
USERNAME=momos
OS=Windows_NT
PROCESSOR_IDENTIFIER=AMD64 Family 25 Model 33 Stepping 2, AuthenticAMD
TMP=C:\Users\momos\AppData\Local\Temp
TEMP=C:\Users\momos\AppData\Local\Temp




Periodic native trim disabled

---------------  S Y S T E M  ---------------

OS:
 Windows 11 , 64 bit Build 26100 (10.0.26100.9168)
OS uptime: 0 days 1:49 hours
Hyper-V role detected

CPU: total 16 (initial active 16) (16 cores per cpu, 2 threads per core) family 25 model 33 stepping 2 microcode 0xa201210, cx8, cmov, fxsr, ht, mmx, 3dnowpref, sse, sse2, sse3, ssse3, sse4a, sse4.1, sse4.2, popcnt, lzcnt, tsc, tscinvbit, avx, avx2, aes, clmul, bmi1, bmi2, adx, sha, fma, vzeroupper, clflush, clflushopt, hv, rdtscp, rdpid, f16c, cet_ss
Processor Information for the first 16 processors :
  Max Mhz: 3401, Current Mhz: 3401, Mhz Limit: 3401

Memory: 4k page, system-wide physical 32696M (444M free)
TotalPageFile size 68764M (AvailPageFile size 5M)
current process WorkingSet (physical memory assigned to process): 411M, peak: 423M
current process commit charge ("private bytes"): 515M, peak: 526M

vm_info: OpenJDK 64-Bit Server VM (21.0.12.1+1-LTS) for windows-amd64 JRE (21.0.12.1+1-LTS), built on 2026-08-18T00:00:00Z by "admin" with MS VC++ 17.12 (VS2022)

END.
