#
# There is insufficient memory for the Java Runtime Environment to continue.
# Native memory allocation (malloc) failed to allocate 32744 bytes. Error detail: Chunk::new
# Possible reasons:
#   The system is out of physical RAM or swap space
#   This process is running with CompressedOops enabled, and the Java Heap may be blocking the growth of the native heap
# Possible solutions:
#   Reduce memory load on the system
#   Increase physical memory or swap space
#   Check if swap backing store is full
#   Decrease Java heap size (-Xmx/-Xms)
#   Decrease number of Java threads
#   Decrease Java thread stack sizes (-Xss)
#   Set larger code cache with -XX:ReservedCodeCacheSize=
#   JVM is running with Unscaled Compressed Oops mode in which the Java heap is
#     placed in the first 4GB address space. The Java Heap base address is the
#     maximum limit for the native heap growth. Please use -XX:HeapBaseMinAddress
#     to set the Java Heap base and to place the Java Heap above 4GB virtual address.
# This output file may be truncated or incomplete.
#
#  Out of Memory Error (arena.cpp:168), pid=30652, tid=31168
#
# JRE version: OpenJDK Runtime Environment Temurin-21.0.12.1+1 (21.0.12.1+1) (build 21.0.12.1+1-LTS)
# Java VM: OpenJDK 64-Bit Server VM Temurin-21.0.12.1+1 (21.0.12.1+1-LTS, mixed mode, sharing, tiered, compressed oops, compressed class ptrs, g1 gc, windows-amd64)
# No core dump will be written. Minidumps are not enabled by default on client versions of Windows
#

---------------  S U M M A R Y ------------

Command Line: --add-opens=java.base/java.lang=ALL-UNNAMED --add-opens=java.base/java.lang.invoke=ALL-UNNAMED --add-opens=java.base/java.util=ALL-UNNAMED --add-opens=java.prefs/java.util.prefs=ALL-UNNAMED --add-exports=jdk.compiler/com.sun.tools.javac.api=ALL-UNNAMED --add-exports=jdk.compiler/com.sun.tools.javac.util=ALL-UNNAMED --add-opens=java.base/java.nio.charset=ALL-UNNAMED --add-opens=java.base/java.net=ALL-UNNAMED --add-opens=java.base/java.util.concurrent=ALL-UNNAMED --add-opens=java.base/java.util.concurrent.atomic=ALL-UNNAMED --add-opens=java.xml/javax.xml.namespace=ALL-UNNAMED --add-opens=java.base/java.time=ALL-UNNAMED -XX:MaxMetaspaceSize=384m -XX:+HeapDumpOnOutOfMemoryError -Xms256m -Xmx512m -Dfile.encoding=UTF-8 -Duser.country=JP -Duser.language=ja -Duser.variant -javaagent:C:\Users\momos\.gradle\wrapper\dists\gradle-9.6.1-bin\4ticwg1pgcbps2hj28r8so764\gradle-9.6.1\lib\agents\gradle-instrumentation-agent-9.6.1.jar org.gradle.launcher.daemon.bootstrap.GradleDaemon 9.6.1

Host: AMD Ryzen 7 5700X 8-Core Processor             , 16 cores, 31G,  Windows 11 , 64 bit Build 26100 (10.0.26100.9168)
Time: Thu Sep 10 22:23:21 2026 elapsed time: 64.531953 seconds (0d 0h 1m 4s)

---------------  T H R E A D  ---------------

Current thread (0x00000225b399c9c0):  JavaThread "C2 CompilerThread0" daemon [_thread_in_native, id=31168, stack(0x000000a185c00000,0x000000a185d00000) (1024K)]


Current CompileTask:
C2:64532 4166   !   4       java.lang.ClassLoader::loadClass (121 bytes)

Stack: [0x000000a185c00000,0x000000a185d00000]
Native frames: (J=compiled Java code, j=interpreted, Vv=VM code, C=native code)
V  [jvm.dll+0x6d83e9]
V  [jvm.dll+0x8b5736]
V  [jvm.dll+0x8b7cee]
V  [jvm.dll+0x8b83d3]
V  [jvm.dll+0x284596]
V  [jvm.dll+0xc685d]
V  [jvm.dll+0xc6da1]
V  [jvm.dll+0x6b2096]
V  [jvm.dll+0x39ca83]
V  [jvm.dll+0x39a4be]
V  [jvm.dll+0x6eef57]
V  [jvm.dll+0x6f284c]
V  [jvm.dll+0x6ea969]
V  [jvm.dll+0x6ea069]
V  [jvm.dll+0x6e80ee]
V  [jvm.dll+0x1ce4fc]
V  [jvm.dll+0x1cf09e]
V  [jvm.dll+0x2fa7dc]
V  [jvm.dll+0x6f2873]
V  [jvm.dll+0x6ea969]
V  [jvm.dll+0x6ea069]
V  [jvm.dll+0x6e80ee]
V  [jvm.dll+0x1ce4fc]
V  [jvm.dll+0x1cf09e]
V  [jvm.dll+0x2fa7dc]
V  [jvm.dll+0x6f2873]
V  [jvm.dll+0x6ea969]
V  [jvm.dll+0x6ea069]
V  [jvm.dll+0x6e80ee]
V  [jvm.dll+0x1ce4fc]
V  [jvm.dll+0x1cf09e]
V  [jvm.dll+0x2fa7dc]
V  [jvm.dll+0x6f2873]
V  [jvm.dll+0x6ea969]
V  [jvm.dll+0x6ea069]
V  [jvm.dll+0x6e80ee]
V  [jvm.dll+0x1ce4fc]
V  [jvm.dll+0x1cf09e]
V  [jvm.dll+0x2fa7dc]
V  [jvm.dll+0x6f2873]
V  [jvm.dll+0x6ea969]
V  [jvm.dll+0x6ea069]
V  [jvm.dll+0x6e80ee]
V  [jvm.dll+0x1ce4fc]
V  [jvm.dll+0x1cf09e]
V  [jvm.dll+0x2fa7dc]
V  [jvm.dll+0x6f2873]
V  [jvm.dll+0x6ea969]
V  [jvm.dll+0x6ea069]
V  [jvm.dll+0x6e80ee]
V  [jvm.dll+0x1ce4fc]
V  [jvm.dll+0x1cf09e]
V  [jvm.dll+0x2fa7dc]
V  [jvm.dll+0x6f2873]
V  [jvm.dll+0x6ea969]
V  [jvm.dll+0x6ea069]
V  [jvm.dll+0x6e80ee]
V  [jvm.dll+0x1ce4fc]
V  [jvm.dll+0x1cf09e]
V  [jvm.dll+0x2fa7dc]
V  [jvm.dll+0x6f2873]
V  [jvm.dll+0x6ea969]
V  [jvm.dll+0x6ea069]
V  [jvm.dll+0x6e80ee]
V  [jvm.dll+0x1ce4fc]
V  [jvm.dll+0x2fa7dc]
V  [jvm.dll+0x6f2873]
V  [jvm.dll+0x6ea969]
V  [jvm.dll+0x6ea069]
V  [jvm.dll+0x6e80ee]
V  [jvm.dll+0x1ce4fc]
V  [jvm.dll+0x2fa7dc]
V  [jvm.dll+0x6f2873]
V  [jvm.dll+0x6ea969]
V  [jvm.dll+0x6ea069]
V  [jvm.dll+0x6e80ee]
V  [jvm.dll+0x1ce4fc]
V  [jvm.dll+0x1cf09e]
V  [jvm.dll+0x1cf09e]
V  [jvm.dll+0x2fa7dc]
V  [jvm.dll+0x6f2873]
V  [jvm.dll+0x6ea969]
V  [jvm.dll+0x6ea069]
V  [jvm.dll+0x6e80ee]
V  [jvm.dll+0x1ce4fc]
V  [jvm.dll+0x24b919]
V  [jvm.dll+0x1cb4ae]
V  [jvm.dll+0x25baad]
V  [jvm.dll+0x25a03a]
V  [jvm.dll+0x3f8aae]
V  [jvm.dll+0x8600cd]
V  [jvm.dll+0x6d6c1d]
C  [ucrtbase.dll+0x2cd30]
C  [KERNEL32.DLL+0x2ccb7]
C  [ntdll.dll+0xaad6c]


---------------  P R O C E S S  ---------------

Threads class SMR info:
_java_thread_list=0x00000225d21422d0, length=36, elements={
0x000002259b05a0f0, 0x00000225b39922a0, 0x00000225b3995710, 0x00000225b3998330,
0x00000225b3998d90, 0x00000225b399b1d0, 0x00000225b399bc30, 0x00000225b399c9c0,
0x00000225b3a0b680, 0x00000225b3c39050, 0x00000225b3ce6ec0, 0x00000225b3c83020,
0x00000225cd2566c0, 0x00000225ceb2f730, 0x00000225cd5748a0, 0x00000225b3d1f6a0,
0x00000225b3c1f0b0, 0x00000225b3c1fb30, 0x00000225ce9e3610, 0x00000225ce9e0eb0,
0x00000225ce9e2f80, 0x00000225ce9e28f0, 0x00000225ce9e3ca0, 0x00000225ce9e4330,
0x00000225ce9e1540, 0x00000225ceefff00, 0x00000225cef02660, 0x00000225cef01940,
0x00000225cef01fd0, 0x00000225cef00590, 0x00000225cef00c20, 0x00000225ceeff870,
0x00000225cef040a0, 0x00000225cef04730, 0x00000225cef02cf0, 0x00000225cedc0d80
}

Java Threads: ( => current thread )
  0x000002259b05a0f0 JavaThread "main"                              [_thread_blocked, id=30120, stack(0x000000a184e00000,0x000000a184f00000) (1024K)]
  0x00000225b39922a0 JavaThread "Reference Handler"          daemon [_thread_blocked, id=31112, stack(0x000000a185600000,0x000000a185700000) (1024K)]
  0x00000225b3995710 JavaThread "Finalizer"                  daemon [_thread_blocked, id=31128, stack(0x000000a185700000,0x000000a185800000) (1024K)]
  0x00000225b3998330 JavaThread "Signal Dispatcher"          daemon [_thread_blocked, id=31132, stack(0x000000a185800000,0x000000a185900000) (1024K)]
  0x00000225b3998d90 JavaThread "Attach Listener"            daemon [_thread_blocked, id=31136, stack(0x000000a185900000,0x000000a185a00000) (1024K)]
  0x00000225b399b1d0 JavaThread "Service Thread"             daemon [_thread_blocked, id=31160, stack(0x000000a185a00000,0x000000a185b00000) (1024K)]
  0x00000225b399bc30 JavaThread "Monitor Deflation Thread"   daemon [_thread_blocked, id=31164, stack(0x000000a185b00000,0x000000a185c00000) (1024K)]
=>0x00000225b399c9c0 JavaThread "C2 CompilerThread0"         daemon [_thread_in_native, id=31168, stack(0x000000a185c00000,0x000000a185d00000) (1024K)]
  0x00000225b3a0b680 JavaThread "C1 CompilerThread0"         daemon [_thread_blocked, id=31232, stack(0x000000a185d00000,0x000000a185e00000) (1024K)]
  0x00000225b3c39050 JavaThread "Common-Cleaner"             daemon [_thread_blocked, id=30920, stack(0x000000a185f00000,0x000000a186000000) (1024K)]
  0x00000225b3ce6ec0 JavaThread "Notification Thread"        daemon [_thread_blocked, id=31872, stack(0x000000a186000000,0x000000a186100000) (1024K)]
  0x00000225b3c83020 JavaThread "Daemon health stats"               [_thread_blocked, id=43120, stack(0x000000a186700000,0x000000a186800000) (1024K)]
  0x00000225cd2566c0 JavaThread "Incoming local TCP Connector on port 62565"        [_thread_in_native, id=46284, stack(0x000000a185e00000,0x000000a185f00000) (1024K)]
  0x00000225ceb2f730 JavaThread "Daemon periodic checks"            [_thread_blocked, id=44472, stack(0x000000a184b00000,0x000000a184c00000) (1024K)]
  0x00000225cd5748a0 JavaThread "Daemon"                            [_thread_blocked, id=48124, stack(0x000000a186100000,0x000000a186200000) (1024K)]
  0x00000225b3d1f6a0 JavaThread "Handler for socket connection from /127.0.0.1:62565 to /127.0.0.1:62584"        [_thread_in_native, id=46236, stack(0x000000a186800000,0x000000a186900000) (1024K)]
  0x00000225b3c1f0b0 JavaThread "Cancel handler"                    [_thread_blocked, id=33972, stack(0x000000a186900000,0x000000a186a00000) (1024K)]
  0x00000225b3c1fb30 JavaThread "Daemon worker"                     [_thread_in_native, id=31680, stack(0x000000a186a00000,0x000000a186b00000) (1024K)]
  0x00000225ce9e3610 JavaThread "Asynchronous log dispatcher for DefaultDaemonConnection: socket connection from /127.0.0.1:62565 to /127.0.0.1:62584"        [_thread_blocked, id=44512, stack(0x000000a186b00000,0x000000a186c00000) (1024K)]
  0x00000225ce9e0eb0 JavaThread "Stdin handler"                     [_thread_blocked, id=40488, stack(0x000000a186c00000,0x000000a186d00000) (1024K)]
  0x00000225ce9e2f80 JavaThread "Daemon client event forwarder"        [_thread_blocked, id=38280, stack(0x000000a186d00000,0x000000a186e00000) (1024K)]
  0x00000225ce9e28f0 JavaThread "Cache worker for journal cache (C:\Users\momos\.gradle\caches\journal-1)"        [_thread_blocked, id=28816, stack(0x000000a186e00000,0x000000a186f00000) (1024K)]
  0x00000225ce9e3ca0 JavaThread "File lock request listener"        [_thread_in_native, id=48068, stack(0x000000a186f00000,0x000000a187000000) (1024K)]
  0x00000225ce9e4330 JavaThread "File lock release action executor"        [_thread_blocked, id=43856, stack(0x000000a187000000,0x000000a187100000) (1024K)]
  0x00000225ce9e1540 JavaThread "Cache worker for file hash cache (C:\Users\momos\.gradle\caches\9.6.1\fileHashes)"        [_thread_blocked, id=47484, stack(0x000000a187200000,0x000000a187300000) (1024K)]
  0x00000225ceefff00 JavaThread "Cache worker for file hash cache (C:\Users\momos\Downloads\mouse\.gradle\9.6.1\fileHashes)"        [_thread_blocked, id=48184, stack(0x000000a187300000,0x000000a187400000) (1024K)]
  0x00000225cef02660 JavaThread "Cache worker for Build Output Cleanup Cache (C:\Users\momos\Downloads\mouse\.gradle\buildOutputCleanup)"        [_thread_blocked, id=48292, stack(0x000000a187d00000,0x000000a187e00000) (1024K)]
  0x00000225cef01940 JavaThread "File watcher server"        daemon [_thread_in_native, id=44080, stack(0x000000a187e00000,0x000000a187f00000) (1024K)]
  0x00000225cef01fd0 JavaThread "File watcher consumer"      daemon [_thread_blocked, id=44408, stack(0x000000a187f00000,0x000000a188000000) (1024K)]
  0x00000225cef00590 JavaThread "Cache worker for file content cache (C:\Users\momos\.gradle\caches\9.6.1\fileContent)"        [_thread_blocked, id=33312, stack(0x000000a188000000,0x000000a188100000) (1024K)]
  0x00000225cef00c20 JavaThread "Cache worker for checksums cache (C:\Users\momos\Downloads\mouse\.gradle\9.6.1\checksums)"        [_thread_blocked, id=41172, stack(0x000000a188100000,0x000000a188200000) (1024K)]
  0x00000225ceeff870 JavaThread "Cache worker for cache directory md-supplier (C:\Users\momos\.gradle\caches\9.6.1\md-supplier)"        [_thread_blocked, id=48288, stack(0x000000a188200000,0x000000a188300000) (1024K)]
  0x00000225cef040a0 JavaThread "Cache worker for cache directory md-rule (C:\Users\momos\.gradle\caches\9.6.1\md-rule)"        [_thread_blocked, id=47856, stack(0x000000a188300000,0x000000a188400000) (1024K)]
  0x00000225cef04730 JavaThread "jar transforms"                    [_thread_blocked, id=41540, stack(0x000000a188400000,0x000000a188500000) (1024K)]
  0x00000225cef02cf0 JavaThread "jar transforms Thread 2"           [_thread_blocked, id=33948, stack(0x000000a187100000,0x000000a187200000) (1024K)]
  0x00000225cedc0d80 JavaThread "C2 CompilerThread1"         daemon [_thread_blocked, id=48240, stack(0x000000a188500000,0x000000a188600000) (1024K)]
Total: 36

Other Threads:
  0x00000225b3976eb0 VMThread "VM Thread"                           [id=30852, stack(0x000000a185500000,0x000000a185600000) (1024K)]
  0x00000225b3961030 WatcherThread "VM Periodic Task Thread"        [id=30832, stack(0x000000a185400000,0x000000a185500000) (1024K)]
  0x000002259d54d710 WorkerThread "GC Thread#0"                     [id=30632, stack(0x000000a184f00000,0x000000a185000000) (1024K)]
  0x00000225cdcd9de0 WorkerThread "GC Thread#1"                     [id=36312, stack(0x000000a186200000,0x000000a186300000) (1024K)]
  0x00000225cdcda190 WorkerThread "GC Thread#2"                     [id=36316, stack(0x000000a186300000,0x000000a186400000) (1024K)]
  0x00000225cdd24f30 WorkerThread "GC Thread#3"                     [id=36320, stack(0x000000a186400000,0x000000a186500000) (1024K)]
  0x00000225cdd252e0 WorkerThread "GC Thread#4"                     [id=36324, stack(0x000000a186500000,0x000000a186600000) (1024K)]
  0x00000225cdd25690 WorkerThread "GC Thread#5"                     [id=36328, stack(0x000000a186600000,0x000000a186700000) (1024K)]
  0x00000225d1ffa180 WorkerThread "GC Thread#6"                     [id=48904, stack(0x000000a187400000,0x000000a187500000) (1024K)]
  0x00000225d1ffa530 WorkerThread "GC Thread#7"                     [id=48908, stack(0x000000a187500000,0x000000a187600000) (1024K)]
  0x00000225d1ff87b0 WorkerThread "GC Thread#8"                     [id=48912, stack(0x000000a187600000,0x000000a187700000) (1024K)]
  0x00000225d1ff8f10 WorkerThread "GC Thread#9"                     [id=48916, stack(0x000000a187700000,0x000000a187800000) (1024K)]
  0x00000225d1ff8400 WorkerThread "GC Thread#10"                    [id=48920, stack(0x000000a187800000,0x000000a187900000) (1024K)]
  0x00000225d1ff9a20 WorkerThread "GC Thread#11"                    [id=48924, stack(0x000000a187900000,0x000000a187a00000) (1024K)]
  0x00000225d1ffb3f0 WorkerThread "GC Thread#12"                    [id=48928, stack(0x000000a187a00000,0x000000a187b00000) (1024K)]
  0x000002259d552610 ConcurrentGCThread "G1 Main Marker"            [id=29784, stack(0x000000a185000000,0x000000a185100000) (1024K)]
  0x000002259d554040 WorkerThread "G1 Conc#0"                       [id=30168, stack(0x000000a185100000,0x000000a185200000) (1024K)]
  0x00000225d1ff8b60 WorkerThread "G1 Conc#1"                       [id=48980, stack(0x000000a187b00000,0x000000a187c00000) (1024K)]
  0x00000225d1ffa8e0 WorkerThread "G1 Conc#2"                       [id=48984, stack(0x000000a187c00000,0x000000a187d00000) (1024K)]
  0x000002259d5de8d0 ConcurrentGCThread "G1 Refine#0"               [id=30740, stack(0x000000a185200000,0x000000a185300000) (1024K)]
  0x00000225b382e640 ConcurrentGCThread "G1 Service"                [id=30744, stack(0x000000a185300000,0x000000a185400000) (1024K)]
Total: 21

Threads with active compile tasks:
C2 CompilerThread0  64675 4166   !   4       java.lang.ClassLoader::loadClass (121 bytes)
Total: 1

VM state: not at safepoint (normal execution)

VM Mutex/Monitor currently owned by a thread: None

Heap address: 0x00000000e0000000, size: 512 MB, Compressed Oops mode: 32-bit

CDS archive(s) mapped at: [0x00000225b4000000-0x00000225b4ba0000-0x00000225b4ba0000), size 12189696, SharedBaseAddress: 0x00000225b4000000, ArchiveRelocationMode: 1.
Compressed class space mapped at: 0x00000225b5000000-0x00000225c9000000, reserved size: 335544320
Narrow klass base: 0x00000225b4000000, Narrow klass shift: 0, Narrow klass range: 0x100000000

GC Precious Log:
 CardTable entry size: 512
 Card Set container configuration: InlinePtr #cards 5 size 8 Array Of Cards #cards 12 size 40 Howl #buckets 4 coarsen threshold 1843 Howl Bitmap #cards 512 size 80 coarsen threshold 460 Card regions per heap region 1 cards per card region 2048
 CPUs: 16 total, 16 available
 Memory: 32696M
 Large Page Support: Disabled
 NUMA Support: Disabled
 Compressed Oops: Enabled (32-bit)
 Heap Region Size: 1M
 Heap Min Capacity: 256M
 Heap Initial Capacity: 256M
 Heap Max Capacity: 512M
 Pre-touch: Disabled
 Parallel Workers: 13
 Concurrent Workers: 3
 Concurrent Refinement Workers: 13
 Periodic GC: Disabled

Heap:
 garbage-first heap   total 262144K, used 115215K [0x00000000e0000000, 0x0000000100000000)
  region size 1024K, 102 young (104448K), 12 survivors (12288K)
 Metaspace       used 32422K, committed 33792K, reserved 393216K
  class space    used 4930K, committed 5568K, reserved 327680K

Heap Regions: E=young(eden), S=young(survivor), O=old, HS=humongous(starts), HC=humongous(continues), CS=collection set, F=free, TAMS=top-at-mark-start, PB=parsable bottom
|   0|0x00000000e0000000, 0x00000000e0100000, 0x00000000e0100000|100%|HS|  |TAMS 0x00000000e0000000| PB 0x00000000e0000000| Complete 
|   1|0x00000000e0100000, 0x00000000e0200000, 0x00000000e0200000|100%|HC|  |TAMS 0x00000000e0100000| PB 0x00000000e0100000| Complete 
|   2|0x00000000e0200000, 0x00000000e0300000, 0x00000000e0300000|100%|HC|  |TAMS 0x00000000e0200000| PB 0x00000000e0200000| Complete 
|   3|0x00000000e0300000, 0x00000000e0400000, 0x00000000e0400000|100%|HC|  |TAMS 0x00000000e0300000| PB 0x00000000e0300000| Complete 
|   4|0x00000000e0400000, 0x00000000e0500000, 0x00000000e0500000|100%| O|  |TAMS 0x00000000e0400000| PB 0x00000000e0400000| Untracked 
|   5|0x00000000e0500000, 0x00000000e0600000, 0x00000000e0600000|100%| O|  |TAMS 0x00000000e0500000| PB 0x00000000e0500000| Untracked 
|   6|0x00000000e0600000, 0x00000000e0700000, 0x00000000e0700000|100%| O|  |TAMS 0x00000000e0600000| PB 0x00000000e0600000| Untracked 
|   7|0x00000000e0700000, 0x00000000e0800000, 0x00000000e0800000|100%| O|  |TAMS 0x00000000e0700000| PB 0x00000000e0700000| Untracked 
|   8|0x00000000e0800000, 0x00000000e0900000, 0x00000000e0900000|100%| O|  |TAMS 0x00000000e0800000| PB 0x00000000e0800000| Untracked 
|   9|0x00000000e0900000, 0x00000000e0a00000, 0x00000000e0a00000|100%| O|Cm|TAMS 0x00000000e0900000| PB 0x00000000e0900000| Complete 
|  10|0x00000000e0a00000, 0x00000000e0aabc68, 0x00000000e0b00000| 67%| O|  |TAMS 0x00000000e0a00000| PB 0x00000000e0a00000| Untracked 
|  11|0x00000000e0b00000, 0x00000000e0c00000, 0x00000000e0c00000|100%|HS|  |TAMS 0x00000000e0b00000| PB 0x00000000e0b00000| Complete 
|  12|0x00000000e0c00000, 0x00000000e0c00000, 0x00000000e0d00000|  0%| F|  |TAMS 0x00000000e0c00000| PB 0x00000000e0c00000| Untracked 
|  13|0x00000000e0d00000, 0x00000000e0d00000, 0x00000000e0e00000|  0%| F|  |TAMS 0x00000000e0d00000| PB 0x00000000e0d00000| Untracked 
|  14|0x00000000e0e00000, 0x00000000e0e00000, 0x00000000e0f00000|  0%| F|  |TAMS 0x00000000e0e00000| PB 0x00000000e0e00000| Untracked 
|  15|0x00000000e0f00000, 0x00000000e0f00000, 0x00000000e1000000|  0%| F|  |TAMS 0x00000000e0f00000| PB 0x00000000e0f00000| Untracked 
|  16|0x00000000e1000000, 0x00000000e1000000, 0x00000000e1100000|  0%| F|  |TAMS 0x00000000e1000000| PB 0x00000000e1000000| Untracked 
|  17|0x00000000e1100000, 0x00000000e1100000, 0x00000000e1200000|  0%| F|  |TAMS 0x00000000e1100000| PB 0x00000000e1100000| Untracked 
|  18|0x00000000e1200000, 0x00000000e1200000, 0x00000000e1300000|  0%| F|  |TAMS 0x00000000e1200000| PB 0x00000000e1200000| Untracked 
|  19|0x00000000e1300000, 0x00000000e1300000, 0x00000000e1400000|  0%| F|  |TAMS 0x00000000e1300000| PB 0x00000000e1300000| Untracked 
|  20|0x00000000e1400000, 0x00000000e1400000, 0x00000000e1500000|  0%| F|  |TAMS 0x00000000e1400000| PB 0x00000000e1400000| Untracked 
|  21|0x00000000e1500000, 0x00000000e1500000, 0x00000000e1600000|  0%| F|  |TAMS 0x00000000e1500000| PB 0x00000000e1500000| Untracked 
|  22|0x00000000e1600000, 0x00000000e1600000, 0x00000000e1700000|  0%| F|  |TAMS 0x00000000e1600000| PB 0x00000000e1600000| Untracked 
|  23|0x00000000e1700000, 0x00000000e1700000, 0x00000000e1800000|  0%| F|  |TAMS 0x00000000e1700000| PB 0x00000000e1700000| Untracked 
|  24|0x00000000e1800000, 0x00000000e1800000, 0x00000000e1900000|  0%| F|  |TAMS 0x00000000e1800000| PB 0x00000000e1800000| Untracked 
|  25|0x00000000e1900000, 0x00000000e1900000, 0x00000000e1a00000|  0%| F|  |TAMS 0x00000000e1900000| PB 0x00000000e1900000| Untracked 
|  26|0x00000000e1a00000, 0x00000000e1a00000, 0x00000000e1b00000|  0%| F|  |TAMS 0x00000000e1a00000| PB 0x00000000e1a00000| Untracked 
|  27|0x00000000e1b00000, 0x00000000e1b00000, 0x00000000e1c00000|  0%| F|  |TAMS 0x00000000e1b00000| PB 0x00000000e1b00000| Untracked 
|  28|0x00000000e1c00000, 0x00000000e1c00000, 0x00000000e1d00000|  0%| F|  |TAMS 0x00000000e1c00000| PB 0x00000000e1c00000| Untracked 
|  29|0x00000000e1d00000, 0x00000000e1d00000, 0x00000000e1e00000|  0%| F|  |TAMS 0x00000000e1d00000| PB 0x00000000e1d00000| Untracked 
|  30|0x00000000e1e00000, 0x00000000e1e00000, 0x00000000e1f00000|  0%| F|  |TAMS 0x00000000e1e00000| PB 0x00000000e1e00000| Untracked 
|  31|0x00000000e1f00000, 0x00000000e1f00000, 0x00000000e2000000|  0%| F|  |TAMS 0x00000000e1f00000| PB 0x00000000e1f00000| Untracked 
|  32|0x00000000e2000000, 0x00000000e2000000, 0x00000000e2100000|  0%| F|  |TAMS 0x00000000e2000000| PB 0x00000000e2000000| Untracked 
|  33|0x00000000e2100000, 0x00000000e2100000, 0x00000000e2200000|  0%| F|  |TAMS 0x00000000e2100000| PB 0x00000000e2100000| Untracked 
|  34|0x00000000e2200000, 0x00000000e2200000, 0x00000000e2300000|  0%| F|  |TAMS 0x00000000e2200000| PB 0x00000000e2200000| Untracked 
|  35|0x00000000e2300000, 0x00000000e2300000, 0x00000000e2400000|  0%| F|  |TAMS 0x00000000e2300000| PB 0x00000000e2300000| Untracked 
|  36|0x00000000e2400000, 0x00000000e2400000, 0x00000000e2500000|  0%| F|  |TAMS 0x00000000e2400000| PB 0x00000000e2400000| Untracked 
|  37|0x00000000e2500000, 0x00000000e2500000, 0x00000000e2600000|  0%| F|  |TAMS 0x00000000e2500000| PB 0x00000000e2500000| Untracked 
|  38|0x00000000e2600000, 0x00000000e2600000, 0x00000000e2700000|  0%| F|  |TAMS 0x00000000e2600000| PB 0x00000000e2600000| Untracked 
|  39|0x00000000e2700000, 0x00000000e2700000, 0x00000000e2800000|  0%| F|  |TAMS 0x00000000e2700000| PB 0x00000000e2700000| Untracked 
|  40|0x00000000e2800000, 0x00000000e2800000, 0x00000000e2900000|  0%| F|  |TAMS 0x00000000e2800000| PB 0x00000000e2800000| Untracked 
|  41|0x00000000e2900000, 0x00000000e2900000, 0x00000000e2a00000|  0%| F|  |TAMS 0x00000000e2900000| PB 0x00000000e2900000| Untracked 
|  42|0x00000000e2a00000, 0x00000000e2a00000, 0x00000000e2b00000|  0%| F|  |TAMS 0x00000000e2a00000| PB 0x00000000e2a00000| Untracked 
|  43|0x00000000e2b00000, 0x00000000e2b00000, 0x00000000e2c00000|  0%| F|  |TAMS 0x00000000e2b00000| PB 0x00000000e2b00000| Untracked 
|  44|0x00000000e2c00000, 0x00000000e2c00000, 0x00000000e2d00000|  0%| F|  |TAMS 0x00000000e2c00000| PB 0x00000000e2c00000| Untracked 
|  45|0x00000000e2d00000, 0x00000000e2d00000, 0x00000000e2e00000|  0%| F|  |TAMS 0x00000000e2d00000| PB 0x00000000e2d00000| Untracked 
|  46|0x00000000e2e00000, 0x00000000e2e00000, 0x00000000e2f00000|  0%| F|  |TAMS 0x00000000e2e00000| PB 0x00000000e2e00000| Untracked 
|  47|0x00000000e2f00000, 0x00000000e2f00000, 0x00000000e3000000|  0%| F|  |TAMS 0x00000000e2f00000| PB 0x00000000e2f00000| Untracked 
|  48|0x00000000e3000000, 0x00000000e3000000, 0x00000000e3100000|  0%| F|  |TAMS 0x00000000e3000000| PB 0x00000000e3000000| Untracked 
|  49|0x00000000e3100000, 0x00000000e3100000, 0x00000000e3200000|  0%| F|  |TAMS 0x00000000e3100000| PB 0x00000000e3100000| Untracked 
|  50|0x00000000e3200000, 0x00000000e3200000, 0x00000000e3300000|  0%| F|  |TAMS 0x00000000e3200000| PB 0x00000000e3200000| Untracked 
|  51|0x00000000e3300000, 0x00000000e3300000, 0x00000000e3400000|  0%| F|  |TAMS 0x00000000e3300000| PB 0x00000000e3300000| Untracked 
|  52|0x00000000e3400000, 0x00000000e3400000, 0x00000000e3500000|  0%| F|  |TAMS 0x00000000e3400000| PB 0x00000000e3400000| Untracked 
|  53|0x00000000e3500000, 0x00000000e3500000, 0x00000000e3600000|  0%| F|  |TAMS 0x00000000e3500000| PB 0x00000000e3500000| Untracked 
|  54|0x00000000e3600000, 0x00000000e3600000, 0x00000000e3700000|  0%| F|  |TAMS 0x00000000e3600000| PB 0x00000000e3600000| Untracked 
|  55|0x00000000e3700000, 0x00000000e3700000, 0x00000000e3800000|  0%| F|  |TAMS 0x00000000e3700000| PB 0x00000000e3700000| Untracked 
|  56|0x00000000e3800000, 0x00000000e3800000, 0x00000000e3900000|  0%| F|  |TAMS 0x00000000e3800000| PB 0x00000000e3800000| Untracked 
|  57|0x00000000e3900000, 0x00000000e3900000, 0x00000000e3a00000|  0%| F|  |TAMS 0x00000000e3900000| PB 0x00000000e3900000| Untracked 
|  58|0x00000000e3a00000, 0x00000000e3a00000, 0x00000000e3b00000|  0%| F|  |TAMS 0x00000000e3a00000| PB 0x00000000e3a00000| Untracked 
|  59|0x00000000e3b00000, 0x00000000e3b00000, 0x00000000e3c00000|  0%| F|  |TAMS 0x00000000e3b00000| PB 0x00000000e3b00000| Untracked 
|  60|0x00000000e3c00000, 0x00000000e3c00000, 0x00000000e3d00000|  0%| F|  |TAMS 0x00000000e3c00000| PB 0x00000000e3c00000| Untracked 
|  61|0x00000000e3d00000, 0x00000000e3d00000, 0x00000000e3e00000|  0%| F|  |TAMS 0x00000000e3d00000| PB 0x00000000e3d00000| Untracked 
|  62|0x00000000e3e00000, 0x00000000e3e00000, 0x00000000e3f00000|  0%| F|  |TAMS 0x00000000e3e00000| PB 0x00000000e3e00000| Untracked 
|  63|0x00000000e3f00000, 0x00000000e3f00000, 0x00000000e4000000|  0%| F|  |TAMS 0x00000000e3f00000| PB 0x00000000e3f00000| Untracked 
|  64|0x00000000e4000000, 0x00000000e4000000, 0x00000000e4100000|  0%| F|  |TAMS 0x00000000e4000000| PB 0x00000000e4000000| Untracked 
|  65|0x00000000e4100000, 0x00000000e4100000, 0x00000000e4200000|  0%| F|  |TAMS 0x00000000e4100000| PB 0x00000000e4100000| Untracked 
|  66|0x00000000e4200000, 0x00000000e4200000, 0x00000000e4300000|  0%| F|  |TAMS 0x00000000e4200000| PB 0x00000000e4200000| Untracked 
|  67|0x00000000e4300000, 0x00000000e4300000, 0x00000000e4400000|  0%| F|  |TAMS 0x00000000e4300000| PB 0x00000000e4300000| Untracked 
|  68|0x00000000e4400000, 0x00000000e4400000, 0x00000000e4500000|  0%| F|  |TAMS 0x00000000e4400000| PB 0x00000000e4400000| Untracked 
|  69|0x00000000e4500000, 0x00000000e4500000, 0x00000000e4600000|  0%| F|  |TAMS 0x00000000e4500000| PB 0x00000000e4500000| Untracked 
|  70|0x00000000e4600000, 0x00000000e4600000, 0x00000000e4700000|  0%| F|  |TAMS 0x00000000e4600000| PB 0x00000000e4600000| Untracked 
|  71|0x00000000e4700000, 0x00000000e4700000, 0x00000000e4800000|  0%| F|  |TAMS 0x00000000e4700000| PB 0x00000000e4700000| Untracked 
|  72|0x00000000e4800000, 0x00000000e4800000, 0x00000000e4900000|  0%| F|  |TAMS 0x00000000e4800000| PB 0x00000000e4800000| Untracked 
|  73|0x00000000e4900000, 0x00000000e4900000, 0x00000000e4a00000|  0%| F|  |TAMS 0x00000000e4900000| PB 0x00000000e4900000| Untracked 
|  74|0x00000000e4a00000, 0x00000000e4a00000, 0x00000000e4b00000|  0%| F|  |TAMS 0x00000000e4a00000| PB 0x00000000e4a00000| Untracked 
|  75|0x00000000e4b00000, 0x00000000e4b00000, 0x00000000e4c00000|  0%| F|  |TAMS 0x00000000e4b00000| PB 0x00000000e4b00000| Untracked 
|  76|0x00000000e4c00000, 0x00000000e4c00000, 0x00000000e4d00000|  0%| F|  |TAMS 0x00000000e4c00000| PB 0x00000000e4c00000| Untracked 
|  77|0x00000000e4d00000, 0x00000000e4d00000, 0x00000000e4e00000|  0%| F|  |TAMS 0x00000000e4d00000| PB 0x00000000e4d00000| Untracked 
|  78|0x00000000e4e00000, 0x00000000e4e00000, 0x00000000e4f00000|  0%| F|  |TAMS 0x00000000e4e00000| PB 0x00000000e4e00000| Untracked 
|  79|0x00000000e4f00000, 0x00000000e4f00000, 0x00000000e5000000|  0%| F|  |TAMS 0x00000000e4f00000| PB 0x00000000e4f00000| Untracked 
|  80|0x00000000e5000000, 0x00000000e5000000, 0x00000000e5100000|  0%| F|  |TAMS 0x00000000e5000000| PB 0x00000000e5000000| Untracked 
|  81|0x00000000e5100000, 0x00000000e5100000, 0x00000000e5200000|  0%| F|  |TAMS 0x00000000e5100000| PB 0x00000000e5100000| Untracked 
|  82|0x00000000e5200000, 0x00000000e5200000, 0x00000000e5300000|  0%| F|  |TAMS 0x00000000e5200000| PB 0x00000000e5200000| Untracked 
|  83|0x00000000e5300000, 0x00000000e5300000, 0x00000000e5400000|  0%| F|  |TAMS 0x00000000e5300000| PB 0x00000000e5300000| Untracked 
|  84|0x00000000e5400000, 0x00000000e5400000, 0x00000000e5500000|  0%| F|  |TAMS 0x00000000e5400000| PB 0x00000000e5400000| Untracked 
|  85|0x00000000e5500000, 0x00000000e5500000, 0x00000000e5600000|  0%| F|  |TAMS 0x00000000e5500000| PB 0x00000000e5500000| Untracked 
|  86|0x00000000e5600000, 0x00000000e5600000, 0x00000000e5700000|  0%| F|  |TAMS 0x00000000e5600000| PB 0x00000000e5600000| Untracked 
|  87|0x00000000e5700000, 0x00000000e5700000, 0x00000000e5800000|  0%| F|  |TAMS 0x00000000e5700000| PB 0x00000000e5700000| Untracked 
|  88|0x00000000e5800000, 0x00000000e5800000, 0x00000000e5900000|  0%| F|  |TAMS 0x00000000e5800000| PB 0x00000000e5800000| Untracked 
|  89|0x00000000e5900000, 0x00000000e5900000, 0x00000000e5a00000|  0%| F|  |TAMS 0x00000000e5900000| PB 0x00000000e5900000| Untracked 
|  90|0x00000000e5a00000, 0x00000000e5a00000, 0x00000000e5b00000|  0%| F|  |TAMS 0x00000000e5a00000| PB 0x00000000e5a00000| Untracked 
|  91|0x00000000e5b00000, 0x00000000e5b00000, 0x00000000e5c00000|  0%| F|  |TAMS 0x00000000e5b00000| PB 0x00000000e5b00000| Untracked 
|  92|0x00000000e5c00000, 0x00000000e5c00000, 0x00000000e5d00000|  0%| F|  |TAMS 0x00000000e5c00000| PB 0x00000000e5c00000| Untracked 
|  93|0x00000000e5d00000, 0x00000000e5d00000, 0x00000000e5e00000|  0%| F|  |TAMS 0x00000000e5d00000| PB 0x00000000e5d00000| Untracked 
|  94|0x00000000e5e00000, 0x00000000e5e00000, 0x00000000e5f00000|  0%| F|  |TAMS 0x00000000e5e00000| PB 0x00000000e5e00000| Untracked 
|  95|0x00000000e5f00000, 0x00000000e5f00000, 0x00000000e6000000|  0%| F|  |TAMS 0x00000000e5f00000| PB 0x00000000e5f00000| Untracked 
|  96|0x00000000e6000000, 0x00000000e6000000, 0x00000000e6100000|  0%| F|  |TAMS 0x00000000e6000000| PB 0x00000000e6000000| Untracked 
|  97|0x00000000e6100000, 0x00000000e6100000, 0x00000000e6200000|  0%| F|  |TAMS 0x00000000e6100000| PB 0x00000000e6100000| Untracked 
|  98|0x00000000e6200000, 0x00000000e6200000, 0x00000000e6300000|  0%| F|  |TAMS 0x00000000e6200000| PB 0x00000000e6200000| Untracked 
|  99|0x00000000e6300000, 0x00000000e6300000, 0x00000000e6400000|  0%| F|  |TAMS 0x00000000e6300000| PB 0x00000000e6300000| Untracked 
| 100|0x00000000e6400000, 0x00000000e6400000, 0x00000000e6500000|  0%| F|  |TAMS 0x00000000e6400000| PB 0x00000000e6400000| Untracked 
| 101|0x00000000e6500000, 0x00000000e6500000, 0x00000000e6600000|  0%| F|  |TAMS 0x00000000e6500000| PB 0x00000000e6500000| Untracked 
| 102|0x00000000e6600000, 0x00000000e6600000, 0x00000000e6700000|  0%| F|  |TAMS 0x00000000e6600000| PB 0x00000000e6600000| Untracked 
| 103|0x00000000e6700000, 0x00000000e6700000, 0x00000000e6800000|  0%| F|  |TAMS 0x00000000e6700000| PB 0x00000000e6700000| Untracked 
| 104|0x00000000e6800000, 0x00000000e6800000, 0x00000000e6900000|  0%| F|  |TAMS 0x00000000e6800000| PB 0x00000000e6800000| Untracked 
| 105|0x00000000e6900000, 0x00000000e6900000, 0x00000000e6a00000|  0%| F|  |TAMS 0x00000000e6900000| PB 0x00000000e6900000| Untracked 
| 106|0x00000000e6a00000, 0x00000000e6a00000, 0x00000000e6b00000|  0%| F|  |TAMS 0x00000000e6a00000| PB 0x00000000e6a00000| Untracked 
| 107|0x00000000e6b00000, 0x00000000e6b00000, 0x00000000e6c00000|  0%| F|  |TAMS 0x00000000e6b00000| PB 0x00000000e6b00000| Untracked 
| 108|0x00000000e6c00000, 0x00000000e6c00000, 0x00000000e6d00000|  0%| F|  |TAMS 0x00000000e6c00000| PB 0x00000000e6c00000| Untracked 
| 109|0x00000000e6d00000, 0x00000000e6d00000, 0x00000000e6e00000|  0%| F|  |TAMS 0x00000000e6d00000| PB 0x00000000e6d00000| Untracked 
| 110|0x00000000e6e00000, 0x00000000e6e00000, 0x00000000e6f00000|  0%| F|  |TAMS 0x00000000e6e00000| PB 0x00000000e6e00000| Untracked 
| 111|0x00000000e6f00000, 0x00000000e6f00000, 0x00000000e7000000|  0%| F|  |TAMS 0x00000000e6f00000| PB 0x00000000e6f00000| Untracked 
| 112|0x00000000e7000000, 0x00000000e7000000, 0x00000000e7100000|  0%| F|  |TAMS 0x00000000e7000000| PB 0x00000000e7000000| Untracked 
| 113|0x00000000e7100000, 0x00000000e7100000, 0x00000000e7200000|  0%| F|  |TAMS 0x00000000e7100000| PB 0x00000000e7100000| Untracked 
| 114|0x00000000e7200000, 0x00000000e7200000, 0x00000000e7300000|  0%| F|  |TAMS 0x00000000e7200000| PB 0x00000000e7200000| Untracked 
| 115|0x00000000e7300000, 0x00000000e7300000, 0x00000000e7400000|  0%| F|  |TAMS 0x00000000e7300000| PB 0x00000000e7300000| Untracked 
| 116|0x00000000e7400000, 0x00000000e7400000, 0x00000000e7500000|  0%| F|  |TAMS 0x00000000e7400000| PB 0x00000000e7400000| Untracked 
| 117|0x00000000e7500000, 0x00000000e7500000, 0x00000000e7600000|  0%| F|  |TAMS 0x00000000e7500000| PB 0x00000000e7500000| Untracked 
| 118|0x00000000e7600000, 0x00000000e7600000, 0x00000000e7700000|  0%| F|  |TAMS 0x00000000e7600000| PB 0x00000000e7600000| Untracked 
| 119|0x00000000e7700000, 0x00000000e7700000, 0x00000000e7800000|  0%| F|  |TAMS 0x00000000e7700000| PB 0x00000000e7700000| Untracked 
| 120|0x00000000e7800000, 0x00000000e7800000, 0x00000000e7900000|  0%| F|  |TAMS 0x00000000e7800000| PB 0x00000000e7800000| Untracked 
| 121|0x00000000e7900000, 0x00000000e7900000, 0x00000000e7a00000|  0%| F|  |TAMS 0x00000000e7900000| PB 0x00000000e7900000| Untracked 
| 122|0x00000000e7a00000, 0x00000000e7a00000, 0x00000000e7b00000|  0%| F|  |TAMS 0x00000000e7a00000| PB 0x00000000e7a00000| Untracked 
| 123|0x00000000e7b00000, 0x00000000e7b00000, 0x00000000e7c00000|  0%| F|  |TAMS 0x00000000e7b00000| PB 0x00000000e7b00000| Untracked 
| 124|0x00000000e7c00000, 0x00000000e7c00000, 0x00000000e7d00000|  0%| F|  |TAMS 0x00000000e7c00000| PB 0x00000000e7c00000| Untracked 
| 125|0x00000000e7d00000, 0x00000000e7d00000, 0x00000000e7e00000|  0%| F|  |TAMS 0x00000000e7d00000| PB 0x00000000e7d00000| Untracked 
| 126|0x00000000e7e00000, 0x00000000e7e00000, 0x00000000e7f00000|  0%| F|  |TAMS 0x00000000e7e00000| PB 0x00000000e7e00000| Untracked 
| 127|0x00000000e7f00000, 0x00000000e7f00000, 0x00000000e8000000|  0%| F|  |TAMS 0x00000000e7f00000| PB 0x00000000e7f00000| Untracked 
| 128|0x00000000e8000000, 0x00000000e80d8218, 0x00000000e8100000| 84%| S|CS|TAMS 0x00000000e8000000| PB 0x00000000e8000000| Complete 
| 129|0x00000000e8100000, 0x00000000e8200000, 0x00000000e8200000|100%| S|CS|TAMS 0x00000000e8100000| PB 0x00000000e8100000| Complete 
| 130|0x00000000e8200000, 0x00000000e8300000, 0x00000000e8300000|100%| S|CS|TAMS 0x00000000e8200000| PB 0x00000000e8200000| Complete 
| 131|0x00000000e8300000, 0x00000000e8400000, 0x00000000e8400000|100%| S|CS|TAMS 0x00000000e8300000| PB 0x00000000e8300000| Complete 
| 132|0x00000000e8400000, 0x00000000e8500000, 0x00000000e8500000|100%| S|CS|TAMS 0x00000000e8400000| PB 0x00000000e8400000| Complete 
| 133|0x00000000e8500000, 0x00000000e8600000, 0x00000000e8600000|100%| S|CS|TAMS 0x00000000e8500000| PB 0x00000000e8500000| Complete 
| 134|0x00000000e8600000, 0x00000000e8700000, 0x00000000e8700000|100%| S|CS|TAMS 0x00000000e8600000| PB 0x00000000e8600000| Complete 
| 135|0x00000000e8700000, 0x00000000e8800000, 0x00000000e8800000|100%| S|CS|TAMS 0x00000000e8700000| PB 0x00000000e8700000| Complete 
| 136|0x00000000e8800000, 0x00000000e8900000, 0x00000000e8900000|100%| S|CS|TAMS 0x00000000e8800000| PB 0x00000000e8800000| Complete 
| 137|0x00000000e8900000, 0x00000000e8a00000, 0x00000000e8a00000|100%| S|CS|TAMS 0x00000000e8900000| PB 0x00000000e8900000| Complete 
| 138|0x00000000e8a00000, 0x00000000e8b00000, 0x00000000e8b00000|100%| S|CS|TAMS 0x00000000e8a00000| PB 0x00000000e8a00000| Complete 
| 139|0x00000000e8b00000, 0x00000000e8c00000, 0x00000000e8c00000|100%| S|CS|TAMS 0x00000000e8b00000| PB 0x00000000e8b00000| Complete 
| 140|0x00000000e8c00000, 0x00000000e8c00000, 0x00000000e8d00000|  0%| F|  |TAMS 0x00000000e8c00000| PB 0x00000000e8c00000| Untracked 
| 141|0x00000000e8d00000, 0x00000000e8d00000, 0x00000000e8e00000|  0%| F|  |TAMS 0x00000000e8d00000| PB 0x00000000e8d00000| Untracked 
| 142|0x00000000e8e00000, 0x00000000e8e00000, 0x00000000e8f00000|  0%| F|  |TAMS 0x00000000e8e00000| PB 0x00000000e8e00000| Untracked 
| 143|0x00000000e8f00000, 0x00000000e8f00000, 0x00000000e9000000|  0%| F|  |TAMS 0x00000000e8f00000| PB 0x00000000e8f00000| Untracked 
| 144|0x00000000e9000000, 0x00000000e9000000, 0x00000000e9100000|  0%| F|  |TAMS 0x00000000e9000000| PB 0x00000000e9000000| Untracked 
| 145|0x00000000e9100000, 0x00000000e9100000, 0x00000000e9200000|  0%| F|  |TAMS 0x00000000e9100000| PB 0x00000000e9100000| Untracked 
| 146|0x00000000e9200000, 0x00000000e9200000, 0x00000000e9300000|  0%| F|  |TAMS 0x00000000e9200000| PB 0x00000000e9200000| Untracked 
| 147|0x00000000e9300000, 0x00000000e9300000, 0x00000000e9400000|  0%| F|  |TAMS 0x00000000e9300000| PB 0x00000000e9300000| Untracked 
| 148|0x00000000e9400000, 0x00000000e9400000, 0x00000000e9500000|  0%| F|  |TAMS 0x00000000e9400000| PB 0x00000000e9400000| Untracked 
| 149|0x00000000e9500000, 0x00000000e9500000, 0x00000000e9600000|  0%| F|  |TAMS 0x00000000e9500000| PB 0x00000000e9500000| Untracked 
| 150|0x00000000e9600000, 0x00000000e9600000, 0x00000000e9700000|  0%| F|  |TAMS 0x00000000e9600000| PB 0x00000000e9600000| Untracked 
| 151|0x00000000e9700000, 0x00000000e9700000, 0x00000000e9800000|  0%| F|  |TAMS 0x00000000e9700000| PB 0x00000000e9700000| Untracked 
| 152|0x00000000e9800000, 0x00000000e9800000, 0x00000000e9900000|  0%| F|  |TAMS 0x00000000e9800000| PB 0x00000000e9800000| Untracked 
| 153|0x00000000e9900000, 0x00000000e9900000, 0x00000000e9a00000|  0%| F|  |TAMS 0x00000000e9900000| PB 0x00000000e9900000| Untracked 
| 154|0x00000000e9a00000, 0x00000000e9a00000, 0x00000000e9b00000|  0%| F|  |TAMS 0x00000000e9a00000| PB 0x00000000e9a00000| Untracked 
| 155|0x00000000e9b00000, 0x00000000e9b00000, 0x00000000e9c00000|  0%| F|  |TAMS 0x00000000e9b00000| PB 0x00000000e9b00000| Untracked 
| 156|0x00000000e9c00000, 0x00000000e9c00000, 0x00000000e9d00000|  0%| F|  |TAMS 0x00000000e9c00000| PB 0x00000000e9c00000| Untracked 
| 157|0x00000000e9d00000, 0x00000000e9d00000, 0x00000000e9e00000|  0%| F|  |TAMS 0x00000000e9d00000| PB 0x00000000e9d00000| Untracked 
| 158|0x00000000e9e00000, 0x00000000e9e00000, 0x00000000e9f00000|  0%| F|  |TAMS 0x00000000e9e00000| PB 0x00000000e9e00000| Untracked 
| 159|0x00000000e9f00000, 0x00000000e9f00000, 0x00000000ea000000|  0%| F|  |TAMS 0x00000000e9f00000| PB 0x00000000e9f00000| Untracked 
| 160|0x00000000ea000000, 0x00000000ea000000, 0x00000000ea100000|  0%| F|  |TAMS 0x00000000ea000000| PB 0x00000000ea000000| Untracked 
| 161|0x00000000ea100000, 0x00000000ea100000, 0x00000000ea200000|  0%| F|  |TAMS 0x00000000ea100000| PB 0x00000000ea100000| Untracked 
| 162|0x00000000ea200000, 0x00000000ea200000, 0x00000000ea300000|  0%| F|  |TAMS 0x00000000ea200000| PB 0x00000000ea200000| Untracked 
| 163|0x00000000ea300000, 0x00000000ea300000, 0x00000000ea400000|  0%| F|  |TAMS 0x00000000ea300000| PB 0x00000000ea300000| Untracked 
| 164|0x00000000ea400000, 0x00000000ea400000, 0x00000000ea500000|  0%| F|  |TAMS 0x00000000ea400000| PB 0x00000000ea400000| Untracked 
| 165|0x00000000ea500000, 0x00000000ea500000, 0x00000000ea600000|  0%| F|  |TAMS 0x00000000ea500000| PB 0x00000000ea500000| Untracked 
| 166|0x00000000ea600000, 0x00000000ea63dc38, 0x00000000ea700000| 24%| E|  |TAMS 0x00000000ea600000| PB 0x00000000ea600000| Complete 
| 167|0x00000000ea700000, 0x00000000ea800000, 0x00000000ea800000|100%| E|CS|TAMS 0x00000000ea700000| PB 0x00000000ea700000| Complete 
| 168|0x00000000ea800000, 0x00000000ea900000, 0x00000000ea900000|100%| E|CS|TAMS 0x00000000ea800000| PB 0x00000000ea800000| Complete 
| 169|0x00000000ea900000, 0x00000000eaa00000, 0x00000000eaa00000|100%| E|CS|TAMS 0x00000000ea900000| PB 0x00000000ea900000| Complete 
| 170|0x00000000eaa00000, 0x00000000eab00000, 0x00000000eab00000|100%| E|CS|TAMS 0x00000000eaa00000| PB 0x00000000eaa00000| Complete 
| 171|0x00000000eab00000, 0x00000000eac00000, 0x00000000eac00000|100%| E|CS|TAMS 0x00000000eab00000| PB 0x00000000eab00000| Complete 
| 172|0x00000000eac00000, 0x00000000ead00000, 0x00000000ead00000|100%| E|CS|TAMS 0x00000000eac00000| PB 0x00000000eac00000| Complete 
| 173|0x00000000ead00000, 0x00000000eae00000, 0x00000000eae00000|100%| E|CS|TAMS 0x00000000ead00000| PB 0x00000000ead00000| Complete 
| 174|0x00000000eae00000, 0x00000000eaf00000, 0x00000000eaf00000|100%| E|CS|TAMS 0x00000000eae00000| PB 0x00000000eae00000| Complete 
| 175|0x00000000eaf00000, 0x00000000eb000000, 0x00000000eb000000|100%| E|CS|TAMS 0x00000000eaf00000| PB 0x00000000eaf00000| Complete 
| 176|0x00000000eb000000, 0x00000000eb100000, 0x00000000eb100000|100%| E|CS|TAMS 0x00000000eb000000| PB 0x00000000eb000000| Complete 
| 177|0x00000000eb100000, 0x00000000eb200000, 0x00000000eb200000|100%| E|CS|TAMS 0x00000000eb100000| PB 0x00000000eb100000| Complete 
| 178|0x00000000eb200000, 0x00000000eb300000, 0x00000000eb300000|100%| E|CS|TAMS 0x00000000eb200000| PB 0x00000000eb200000| Complete 
| 179|0x00000000eb300000, 0x00000000eb400000, 0x00000000eb400000|100%| E|CS|TAMS 0x00000000eb300000| PB 0x00000000eb300000| Complete 
| 180|0x00000000eb400000, 0x00000000eb500000, 0x00000000eb500000|100%| E|CS|TAMS 0x00000000eb400000| PB 0x00000000eb400000| Complete 
| 181|0x00000000eb500000, 0x00000000eb600000, 0x00000000eb600000|100%| E|CS|TAMS 0x00000000eb500000| PB 0x00000000eb500000| Complete 
| 182|0x00000000eb600000, 0x00000000eb700000, 0x00000000eb700000|100%| E|CS|TAMS 0x00000000eb600000| PB 0x00000000eb600000| Complete 
| 183|0x00000000eb700000, 0x00000000eb800000, 0x00000000eb800000|100%| E|CS|TAMS 0x00000000eb700000| PB 0x00000000eb700000| Complete 
| 184|0x00000000eb800000, 0x00000000eb900000, 0x00000000eb900000|100%| E|CS|TAMS 0x00000000eb800000| PB 0x00000000eb800000| Complete 
| 185|0x00000000eb900000, 0x00000000eba00000, 0x00000000eba00000|100%| E|CS|TAMS 0x00000000eb900000| PB 0x00000000eb900000| Complete 
| 186|0x00000000eba00000, 0x00000000ebb00000, 0x00000000ebb00000|100%| E|CS|TAMS 0x00000000eba00000| PB 0x00000000eba00000| Complete 
| 187|0x00000000ebb00000, 0x00000000ebc00000, 0x00000000ebc00000|100%| E|CS|TAMS 0x00000000ebb00000| PB 0x00000000ebb00000| Complete 
| 188|0x00000000ebc00000, 0x00000000ebd00000, 0x00000000ebd00000|100%| E|CS|TAMS 0x00000000ebc00000| PB 0x00000000ebc00000| Complete 
| 189|0x00000000ebd00000, 0x00000000ebe00000, 0x00000000ebe00000|100%| E|CS|TAMS 0x00000000ebd00000| PB 0x00000000ebd00000| Complete 
| 190|0x00000000ebe00000, 0x00000000ebf00000, 0x00000000ebf00000|100%| E|CS|TAMS 0x00000000ebe00000| PB 0x00000000ebe00000| Complete 
| 191|0x00000000ebf00000, 0x00000000ec000000, 0x00000000ec000000|100%| E|CS|TAMS 0x00000000ebf00000| PB 0x00000000ebf00000| Complete 
| 192|0x00000000ec000000, 0x00000000ec100000, 0x00000000ec100000|100%| E|CS|TAMS 0x00000000ec000000| PB 0x00000000ec000000| Complete 
| 193|0x00000000ec100000, 0x00000000ec200000, 0x00000000ec200000|100%| E|CS|TAMS 0x00000000ec100000| PB 0x00000000ec100000| Complete 
| 194|0x00000000ec200000, 0x00000000ec300000, 0x00000000ec300000|100%| E|CS|TAMS 0x00000000ec200000| PB 0x00000000ec200000| Complete 
| 195|0x00000000ec300000, 0x00000000ec400000, 0x00000000ec400000|100%| E|CS|TAMS 0x00000000ec300000| PB 0x00000000ec300000| Complete 
| 196|0x00000000ec400000, 0x00000000ec500000, 0x00000000ec500000|100%| E|CS|TAMS 0x00000000ec400000| PB 0x00000000ec400000| Complete 
| 197|0x00000000ec500000, 0x00000000ec600000, 0x00000000ec600000|100%| E|CS|TAMS 0x00000000ec500000| PB 0x00000000ec500000| Complete 
| 198|0x00000000ec600000, 0x00000000ec700000, 0x00000000ec700000|100%| E|CS|TAMS 0x00000000ec600000| PB 0x00000000ec600000| Complete 
| 199|0x00000000ec700000, 0x00000000ec800000, 0x00000000ec800000|100%| E|CS|TAMS 0x00000000ec700000| PB 0x00000000ec700000| Complete 
| 200|0x00000000ec800000, 0x00000000ec900000, 0x00000000ec900000|100%| E|CS|TAMS 0x00000000ec800000| PB 0x00000000ec800000| Complete 
| 201|0x00000000ec900000, 0x00000000eca00000, 0x00000000eca00000|100%| E|CS|TAMS 0x00000000ec900000| PB 0x00000000ec900000| Complete 
| 202|0x00000000eca00000, 0x00000000ecb00000, 0x00000000ecb00000|100%| E|CS|TAMS 0x00000000eca00000| PB 0x00000000eca00000| Complete 
| 203|0x00000000ecb00000, 0x00000000ecc00000, 0x00000000ecc00000|100%| E|CS|TAMS 0x00000000ecb00000| PB 0x00000000ecb00000| Complete 
| 204|0x00000000ecc00000, 0x00000000ecd00000, 0x00000000ecd00000|100%| E|CS|TAMS 0x00000000ecc00000| PB 0x00000000ecc00000| Complete 
| 205|0x00000000ecd00000, 0x00000000ece00000, 0x00000000ece00000|100%| E|CS|TAMS 0x00000000ecd00000| PB 0x00000000ecd00000| Complete 
| 206|0x00000000ece00000, 0x00000000ecf00000, 0x00000000ecf00000|100%| E|CS|TAMS 0x00000000ece00000| PB 0x00000000ece00000| Complete 
| 207|0x00000000ecf00000, 0x00000000ed000000, 0x00000000ed000000|100%| E|CS|TAMS 0x00000000ecf00000| PB 0x00000000ecf00000| Complete 
| 208|0x00000000ed000000, 0x00000000ed100000, 0x00000000ed100000|100%| E|CS|TAMS 0x00000000ed000000| PB 0x00000000ed000000| Complete 
| 209|0x00000000ed100000, 0x00000000ed200000, 0x00000000ed200000|100%| E|CS|TAMS 0x00000000ed100000| PB 0x00000000ed100000| Complete 
| 210|0x00000000ed200000, 0x00000000ed300000, 0x00000000ed300000|100%| E|CS|TAMS 0x00000000ed200000| PB 0x00000000ed200000| Complete 
| 211|0x00000000ed300000, 0x00000000ed400000, 0x00000000ed400000|100%| E|CS|TAMS 0x00000000ed300000| PB 0x00000000ed300000| Complete 
| 212|0x00000000ed400000, 0x00000000ed500000, 0x00000000ed500000|100%| E|CS|TAMS 0x00000000ed400000| PB 0x00000000ed400000| Complete 
| 213|0x00000000ed500000, 0x00000000ed600000, 0x00000000ed600000|100%| E|CS|TAMS 0x00000000ed500000| PB 0x00000000ed500000| Complete 
| 214|0x00000000ed600000, 0x00000000ed700000, 0x00000000ed700000|100%| E|CS|TAMS 0x00000000ed600000| PB 0x00000000ed600000| Complete 
| 215|0x00000000ed700000, 0x00000000ed800000, 0x00000000ed800000|100%| E|CS|TAMS 0x00000000ed700000| PB 0x00000000ed700000| Complete 
| 216|0x00000000ed800000, 0x00000000ed900000, 0x00000000ed900000|100%| E|CS|TAMS 0x00000000ed800000| PB 0x00000000ed800000| Complete 
| 217|0x00000000ed900000, 0x00000000eda00000, 0x00000000eda00000|100%| E|CS|TAMS 0x00000000ed900000| PB 0x00000000ed900000| Complete 
| 218|0x00000000eda00000, 0x00000000edb00000, 0x00000000edb00000|100%| E|CS|TAMS 0x00000000eda00000| PB 0x00000000eda00000| Complete 
| 219|0x00000000edb00000, 0x00000000edc00000, 0x00000000edc00000|100%| E|CS|TAMS 0x00000000edb00000| PB 0x00000000edb00000| Complete 
| 220|0x00000000edc00000, 0x00000000edd00000, 0x00000000edd00000|100%| E|CS|TAMS 0x00000000edc00000| PB 0x00000000edc00000| Complete 
| 221|0x00000000edd00000, 0x00000000ede00000, 0x00000000ede00000|100%| E|CS|TAMS 0x00000000edd00000| PB 0x00000000edd00000| Complete 
| 222|0x00000000ede00000, 0x00000000edf00000, 0x00000000edf00000|100%| E|CS|TAMS 0x00000000ede00000| PB 0x00000000ede00000| Complete 
| 223|0x00000000edf00000, 0x00000000ee000000, 0x00000000ee000000|100%| E|CS|TAMS 0x00000000edf00000| PB 0x00000000edf00000| Complete 
| 224|0x00000000ee000000, 0x00000000ee100000, 0x00000000ee100000|100%| E|CS|TAMS 0x00000000ee000000| PB 0x00000000ee000000| Complete 
| 225|0x00000000ee100000, 0x00000000ee200000, 0x00000000ee200000|100%| E|CS|TAMS 0x00000000ee100000| PB 0x00000000ee100000| Complete 
| 226|0x00000000ee200000, 0x00000000ee300000, 0x00000000ee300000|100%| E|CS|TAMS 0x00000000ee200000| PB 0x00000000ee200000| Complete 
| 227|0x00000000ee300000, 0x00000000ee400000, 0x00000000ee400000|100%| E|CS|TAMS 0x00000000ee300000| PB 0x00000000ee300000| Complete 
| 228|0x00000000ee400000, 0x00000000ee500000, 0x00000000ee500000|100%| E|CS|TAMS 0x00000000ee400000| PB 0x00000000ee400000| Complete 
| 229|0x00000000ee500000, 0x00000000ee600000, 0x00000000ee600000|100%| E|CS|TAMS 0x00000000ee500000| PB 0x00000000ee500000| Complete 
| 230|0x00000000ee600000, 0x00000000ee700000, 0x00000000ee700000|100%| E|CS|TAMS 0x00000000ee600000| PB 0x00000000ee600000| Complete 
| 231|0x00000000ee700000, 0x00000000ee800000, 0x00000000ee800000|100%| E|CS|TAMS 0x00000000ee700000| PB 0x00000000ee700000| Complete 
| 232|0x00000000ee800000, 0x00000000ee900000, 0x00000000ee900000|100%| E|CS|TAMS 0x00000000ee800000| PB 0x00000000ee800000| Complete 
| 233|0x00000000ee900000, 0x00000000eea00000, 0x00000000eea00000|100%| E|CS|TAMS 0x00000000ee900000| PB 0x00000000ee900000| Complete 
| 234|0x00000000eea00000, 0x00000000eeb00000, 0x00000000eeb00000|100%| E|CS|TAMS 0x00000000eea00000| PB 0x00000000eea00000| Complete 
| 235|0x00000000eeb00000, 0x00000000eec00000, 0x00000000eec00000|100%| E|CS|TAMS 0x00000000eeb00000| PB 0x00000000eeb00000| Complete 
| 236|0x00000000eec00000, 0x00000000eed00000, 0x00000000eed00000|100%| E|CS|TAMS 0x00000000eec00000| PB 0x00000000eec00000| Complete 
| 237|0x00000000eed00000, 0x00000000eee00000, 0x00000000eee00000|100%| E|CS|TAMS 0x00000000eed00000| PB 0x00000000eed00000| Complete 
| 238|0x00000000eee00000, 0x00000000eef00000, 0x00000000eef00000|100%| E|CS|TAMS 0x00000000eee00000| PB 0x00000000eee00000| Complete 
| 239|0x00000000eef00000, 0x00000000ef000000, 0x00000000ef000000|100%| E|CS|TAMS 0x00000000eef00000| PB 0x00000000eef00000| Complete 
| 240|0x00000000ef000000, 0x00000000ef100000, 0x00000000ef100000|100%| E|CS|TAMS 0x00000000ef000000| PB 0x00000000ef000000| Complete 
| 241|0x00000000ef100000, 0x00000000ef200000, 0x00000000ef200000|100%| E|CS|TAMS 0x00000000ef100000| PB 0x00000000ef100000| Complete 
| 242|0x00000000ef200000, 0x00000000ef300000, 0x00000000ef300000|100%| E|CS|TAMS 0x00000000ef200000| PB 0x00000000ef200000| Complete 
| 243|0x00000000ef300000, 0x00000000ef400000, 0x00000000ef400000|100%| E|CS|TAMS 0x00000000ef300000| PB 0x00000000ef300000| Complete 
| 244|0x00000000ef400000, 0x00000000ef500000, 0x00000000ef500000|100%| E|CS|TAMS 0x00000000ef400000| PB 0x00000000ef400000| Complete 
| 245|0x00000000ef500000, 0x00000000ef600000, 0x00000000ef600000|100%| E|CS|TAMS 0x00000000ef500000| PB 0x00000000ef500000| Complete 
| 246|0x00000000ef600000, 0x00000000ef700000, 0x00000000ef700000|100%| E|CS|TAMS 0x00000000ef600000| PB 0x00000000ef600000| Complete 
| 247|0x00000000ef700000, 0x00000000ef800000, 0x00000000ef800000|100%| E|CS|TAMS 0x00000000ef700000| PB 0x00000000ef700000| Complete 
| 248|0x00000000ef800000, 0x00000000ef900000, 0x00000000ef900000|100%| E|CS|TAMS 0x00000000ef800000| PB 0x00000000ef800000| Complete 
| 249|0x00000000ef900000, 0x00000000efa00000, 0x00000000efa00000|100%| E|CS|TAMS 0x00000000ef900000| PB 0x00000000ef900000| Complete 
| 250|0x00000000efa00000, 0x00000000efb00000, 0x00000000efb00000|100%| E|CS|TAMS 0x00000000efa00000| PB 0x00000000efa00000| Complete 
| 251|0x00000000efb00000, 0x00000000efc00000, 0x00000000efc00000|100%| E|CS|TAMS 0x00000000efb00000| PB 0x00000000efb00000| Complete 
| 252|0x00000000efc00000, 0x00000000efd00000, 0x00000000efd00000|100%| E|CS|TAMS 0x00000000efc00000| PB 0x00000000efc00000| Complete 
| 253|0x00000000efd00000, 0x00000000efe00000, 0x00000000efe00000|100%| E|CS|TAMS 0x00000000efd00000| PB 0x00000000efd00000| Complete 
| 254|0x00000000efe00000, 0x00000000eff00000, 0x00000000eff00000|100%| E|CS|TAMS 0x00000000efe00000| PB 0x00000000efe00000| Complete 
| 255|0x00000000eff00000, 0x00000000f0000000, 0x00000000f0000000|100%| E|CS|TAMS 0x00000000eff00000| PB 0x00000000eff00000| Complete 

Card table byte_map: [0x00000225b00b0000,0x00000225b01b0000] _byte_map_base: 0x00000225af9b0000

Marking Bits: (CMBitMap*) 0x000002259d54dd30
 Bits: [0x00000225b01b0000, 0x00000225b09b0000)

Polling page: 0x000002259b370000

Metaspace:

Usage:
  Non-class:     26.85 MB used.
      Class:      4.81 MB used.
       Both:     31.66 MB used.

Virtual space:
  Non-class space:       64.00 MB reserved,      27.56 MB ( 43%) committed,  1 nodes.
      Class space:      320.00 MB reserved,       5.44 MB (  2%) committed,  1 nodes.
             Both:      384.00 MB reserved,      33.00 MB (  9%) committed. 

Chunk freelists:
   Non-Class:  4.42 MB
       Class:  10.52 MB
        Both:  14.94 MB

MaxMetaspaceSize: 384.00 MB
CompressedClassSpaceSize: 320.00 MB
Initial GC threshold: 21.00 MB
Current GC threshold: 35.12 MB
CDS: on
 - commit_granule_bytes: 65536.
 - commit_granule_words: 8192.
 - virtual_space_node_default_size: 8388608.
 - enlarge_chunks_in_place: 1.
 - use_allocation_guard: 0.


Internal statistics:

num_allocs_failed_limit: 3.
num_arena_births: 2382.
num_arena_deaths: 0.
num_vsnodes_births: 2.
num_vsnodes_deaths: 0.
num_space_committed: 528.
num_space_uncommitted: 0.
num_chunks_returned_to_freelist: 3.
num_chunks_taken_from_freelist: 3954.
num_chunk_merges: 3.
num_chunk_splits: 2580.
num_chunks_enlarged: 1562.
num_inconsistent_stats: 0.

CodeHeap 'non-profiled nmethods': size=119168Kb used=2260Kb max_used=2260Kb free=116907Kb
 bounds [0x00000225a82c0000, 0x00000225a8530000, 0x00000225af720000]
CodeHeap 'profiled nmethods': size=119104Kb used=8399Kb max_used=8399Kb free=110704Kb
 bounds [0x00000225a0720000, 0x00000225a0f60000, 0x00000225a7b70000]
CodeHeap 'non-nmethods': size=7488Kb used=1455Kb max_used=3035Kb free=6032Kb
 bounds [0x00000225a7b70000, 0x00000225a7ef0000, 0x00000225a82c0000]
CodeCache: size=245760Kb, used=12114Kb, max_used=13694Kb, free=233643Kb
 total_blobs=4797, nmethods=4191, adapters=510, full_count=0
Compilation: enabled, stopped_count=0, restarted_count=0

Compilation events (20 events):
Event: 58.127 Thread 0x00000225b3a0b680 nmethod 4157 0x00000225a0f4a290 code [0x00000225a0f4a480, 0x00000225a0f4a888]
Event: 58.127 Thread 0x00000225b399c9c0 4158       4       java.lang.ClassLoader::findLoadedClass (15 bytes)
Event: 58.129 Thread 0x00000225b399c9c0 nmethod 4158 0x00000225a84e7910 code [0x00000225a84e7ac0, 0x00000225a84e7dc0]
Event: 58.223 Thread 0x00000225b399c9c0 4159       4       java.lang.ClassLoader::loadClass (7 bytes)
Event: 58.224 Thread 0x00000225b399c9c0 nmethod 4159 0x00000225a84e8010 code [0x00000225a84e81a0, 0x00000225a84e8250]
Event: 58.417 Thread 0x00000225b399c9c0 4160       4       jdk.internal.loader.URLClassPath::getResource (74 bytes)
Event: 59.469 Thread 0x00000225b399c9c0 nmethod 4160 0x00000225a84e8310 code [0x00000225a84e86a0, 0x00000225a84e9b68]
Event: 59.469 Thread 0x00000225b399c9c0 4161   !   4       jdk.internal.loader.Resource::getBytes (244 bytes)
Event: 59.469 Thread 0x00000225cedc0d80 4162       4       java.lang.ref.Reference::clear (5 bytes)
Event: 59.470 Thread 0x00000225cedc0d80 nmethod 4162 0x00000225a84ea590 code [0x00000225a84ea720, 0x00000225a84ea7d0]
Event: 59.470 Thread 0x00000225cedc0d80 4163       4       java.util.concurrent.locks.AbstractQueuedSynchronizer$Node::setStatusRelaxed (12 bytes)
Event: 59.470 Thread 0x00000225cedc0d80 nmethod 4163 0x00000225a84ea890 code [0x00000225a84eaa20, 0x00000225a84eaab0]
Event: 59.470 Thread 0x00000225cedc0d80 4164       4       jdk.internal.misc.Unsafe::putIntOpaque (9 bytes)
Event: 59.470 Thread 0x00000225cedc0d80 nmethod 4164 0x00000225a84eab90 code [0x00000225a84ead20, 0x00000225a84eadb8]
Event: 60.599 Thread 0x00000225b399c9c0 nmethod 4161 0x00000225a84eae90 code [0x00000225a84eb320, 0x00000225a84ee530]
Event: 61.270 Thread 0x00000225b3a0b680 4165       3       java.lang.ClassLoader::getClassLoadingLock (35 bytes)
Event: 61.271 Thread 0x00000225b3a0b680 nmethod 4165 0x00000225a0f4aa90 code [0x00000225a0f4ac60, 0x00000225a0f4af40]
Event: 61.271 Thread 0x00000225b399c9c0 4166   !   4       java.lang.ClassLoader::loadClass (121 bytes)
Event: 62.735 Thread 0x00000225b3a0b680 4167       3       java.util.concurrent.ThreadPoolExecutor::runStateAtLeast (11 bytes)
Event: 64.376 Thread 0x00000225b3a0b680 nmethod 4167 0x00000225a0f4b090 code [0x00000225a0f4b220, 0x00000225a0f4b360]

GC Heap History (6 events):
Event: 2.078 GC heap before
{Heap before GC invocations=0 (full 0):
 garbage-first heap   total 262144K, used 27648K [0x00000000e0000000, 0x0000000100000000)
  region size 1024K, 23 young (23552K), 0 survivors (0K)
 Metaspace       used 2547K, committed 2688K, reserved 393216K
  class space    used 293K, committed 384K, reserved 327680K
}
Event: 2.085 GC heap after
{Heap after GC invocations=1 (full 0):
 garbage-first heap   total 262144K, used 10911K [0x00000000e0000000, 0x0000000100000000)
  region size 1024K, 3 young (3072K), 3 survivors (3072K)
 Metaspace       used 2547K, committed 2688K, reserved 393216K
  class space    used 293K, committed 384K, reserved 327680K
}
Event: 8.449 GC heap before
{Heap before GC invocations=1 (full 0):
 garbage-first heap   total 262144K, used 39583K [0x00000000e0000000, 0x0000000100000000)
  region size 1024K, 31 young (31744K), 3 survivors (3072K)
 Metaspace       used 4712K, committed 4928K, reserved 393216K
  class space    used 600K, committed 704K, reserved 327680K
}
Event: 8.452 GC heap after
{Heap after GC invocations=2 (full 0):
 garbage-first heap   total 262144K, used 12774K [0x00000000e0000000, 0x0000000100000000)
  region size 1024K, 2 young (2048K), 2 survivors (2048K)
 Metaspace       used 4712K, committed 4928K, reserved 393216K
  class space    used 600K, committed 704K, reserved 327680K
}
Event: 45.891 GC heap before
{Heap before GC invocations=2 (full 0):
 garbage-first heap   total 262144K, used 130534K [0x00000000e0000000, 0x0000000100000000)
  region size 1024K, 116 young (118784K), 2 survivors (2048K)
 Metaspace       used 20840K, committed 21504K, reserved 393216K
  class space    used 2974K, committed 3264K, reserved 327680K
}
Event: 45.972 GC heap after
{Heap after GC invocations=3 (full 0):
 garbage-first heap   total 262144K, used 24079K [0x00000000e0000000, 0x0000000100000000)
  region size 1024K, 12 young (12288K), 12 survivors (12288K)
 Metaspace       used 20840K, committed 21504K, reserved 393216K
  class space    used 2974K, committed 3264K, reserved 327680K
}

Dll operation events (20 events):
Event: 0.333 Attempting to load shared library C:\Users\momos\.vscode\extensions\redhat.java-1.56.0-win32-x64\jre\21.0.12.1-win32-x86_64\bin\nio.dll
Event: 0.333 Loaded shared library C:\Users\momos\.vscode\extensions\redhat.java-1.56.0-win32-x64\jre\21.0.12.1-win32-x86_64\bin\nio.dll
Event: 0.340 Attempting to load shared library C:\Users\momos\.vscode\extensions\redhat.java-1.56.0-win32-x64\jre\21.0.12.1-win32-x86_64\bin\zip.dll
Event: 0.340 Loaded shared library C:\Users\momos\.vscode\extensions\redhat.java-1.56.0-win32-x64\jre\21.0.12.1-win32-x86_64\bin\zip.dll
Event: 0.709 Attempting to load shared library C:\Users\momos\.vscode\extensions\redhat.java-1.56.0-win32-x64\jre\21.0.12.1-win32-x86_64\bin\jimage.dll
Event: 0.709 Loaded shared library C:\Users\momos\.vscode\extensions\redhat.java-1.56.0-win32-x64\jre\21.0.12.1-win32-x86_64\bin\jimage.dll
Event: 1.577 Attempting to load shared library C:\Users\momos\.vscode\extensions\redhat.java-1.56.0-win32-x64\jre\21.0.12.1-win32-x86_64\bin\verify.dll
Event: 1.577 Loaded shared library C:\Users\momos\.vscode\extensions\redhat.java-1.56.0-win32-x64\jre\21.0.12.1-win32-x86_64\bin\verify.dll
Event: 2.027 Attempting to load shared library C:\Users\momos\.gradle\native\660c5614fbf4a5f2a75b1949f50a0caf5cd603558e7d8a26e50b933a0cfb79d1\windows-amd64\native-platform.dll
Event: 2.028 Loaded shared library C:\Users\momos\.gradle\native\660c5614fbf4a5f2a75b1949f50a0caf5cd603558e7d8a26e50b933a0cfb79d1\windows-amd64\native-platform.dll
Event: 2.039 Attempting to load shared library C:\Users\momos\.gradle\native\0.2.8\x86_64-windows-gnu\gradle-fileevents.dll
Event: 2.040 Loaded shared library C:\Users\momos\.gradle\native\0.2.8\x86_64-windows-gnu\gradle-fileevents.dll
Event: 23.814 Attempting to load shared library C:\Users\momos\.vscode\extensions\redhat.java-1.56.0-win32-x64\jre\21.0.12.1-win32-x86_64\bin\management.dll
Event: 23.874 Loaded shared library C:\Users\momos\.vscode\extensions\redhat.java-1.56.0-win32-x64\jre\21.0.12.1-win32-x86_64\bin\management.dll
Event: 24.039 Attempting to load shared library C:\Users\momos\.vscode\extensions\redhat.java-1.56.0-win32-x64\jre\21.0.12.1-win32-x86_64\bin\management_ext.dll
Event: 24.039 Loaded shared library C:\Users\momos\.vscode\extensions\redhat.java-1.56.0-win32-x64\jre\21.0.12.1-win32-x86_64\bin\management_ext.dll
Event: 32.526 Attempting to load shared library C:\Users\momos\.vscode\extensions\redhat.java-1.56.0-win32-x64\jre\21.0.12.1-win32-x86_64\bin\extnet.dll
Event: 32.527 Loaded shared library C:\Users\momos\.vscode\extensions\redhat.java-1.56.0-win32-x64\jre\21.0.12.1-win32-x86_64\bin\extnet.dll
Event: 40.473 Attempting to load shared library C:\Users\momos\.vscode\extensions\redhat.java-1.56.0-win32-x64\jre\21.0.12.1-win32-x86_64\bin\sunmscapi.dll
Event: 40.483 Loaded shared library C:\Users\momos\.vscode\extensions\redhat.java-1.56.0-win32-x64\jre\21.0.12.1-win32-x86_64\bin\sunmscapi.dll

Deoptimization events (20 events):
Event: 55.947 Thread 0x00000225b3c1fb30 DEOPT PACKING pc=0x00000225a831b2ec sp=0x000000a186afa6a0
Event: 55.947 Thread 0x00000225b3c1fb30 DEOPT UNPACKING pc=0x00000225a7bc4422 sp=0x000000a186afa670 mode 2
Event: 55.947 Thread 0x00000225b3c1fb30 Uncommon trap: trap_request=0xffffffde fr.pc=0x00000225a8445fd0 relative=0x0000000000003fb0
Event: 55.947 Thread 0x00000225b3c1fb30 Uncommon trap: reason=class_check action=maybe_recompile pc=0x00000225a8445fd0 method=jdk.internal.loader.URLClassPath.getResource(Ljava/lang/String;Z)Ljdk/internal/loader/Resource; @ 53 c2
Event: 55.947 Thread 0x00000225b3c1fb30 DEOPT PACKING pc=0x00000225a8445fd0 sp=0x000000a186afa740
Event: 55.948 Thread 0x00000225b3c1fb30 DEOPT UNPACKING pc=0x00000225a7bc4422 sp=0x000000a186afa570 mode 2
Event: 56.046 Thread 0x00000225b3c1fb30 DEOPT PACKING pc=0x00000225a0c440b9 sp=0x000000a186af9e50
Event: 56.046 Thread 0x00000225b3c1fb30 DEOPT UNPACKING pc=0x00000225a7bc4bc2 sp=0x000000a186af9350 mode 0
Event: 56.047 Thread 0x00000225b3c1fb30 Uncommon trap: trap_request=0xffffff45 fr.pc=0x00000225a83c1198 relative=0x00000000000000f8
Event: 56.047 Thread 0x00000225b3c1fb30 Uncommon trap: reason=unstable_if action=reinterpret pc=0x00000225a83c1198 method=java.lang.ClassLoader.getClassLoadingLock(Ljava/lang/String;)Ljava/lang/Object; @ 6 c2
Event: 56.047 Thread 0x00000225b3c1fb30 DEOPT PACKING pc=0x00000225a83c1198 sp=0x000000a186af8cc0
Event: 56.047 Thread 0x00000225b3c1fb30 DEOPT UNPACKING pc=0x00000225a7bc4422 sp=0x000000a186af8c50 mode 2
Event: 56.049 Thread 0x00000225b3c1fb30 Uncommon trap: trap_request=0xffffff45 fr.pc=0x00000225a8428164 relative=0x00000000000008c4
Event: 56.049 Thread 0x00000225b3c1fb30 Uncommon trap: reason=unstable_if action=reinterpret pc=0x00000225a8428164 method=java.lang.Class.getPackageName()Ljava/lang/String; @ 55 c2
Event: 56.049 Thread 0x00000225b3c1fb30 DEOPT PACKING pc=0x00000225a8428164 sp=0x000000a186afa320
Event: 56.050 Thread 0x00000225b3c1fb30 DEOPT UNPACKING pc=0x00000225a7bc4422 sp=0x000000a186afa2f0 mode 2
Event: 56.050 Thread 0x00000225b3c1fb30 Uncommon trap: trap_request=0xffffffde fr.pc=0x00000225a831b3f4 relative=0x0000000000000a94
Event: 56.050 Thread 0x00000225b3c1fb30 Uncommon trap: reason=class_check action=maybe_recompile pc=0x00000225a831b3f4 method=jdk.internal.loader.URLClassPath.getLoader(I)Ljdk/internal/loader/URLClassPath$Loader; @ 190 c2
Event: 56.050 Thread 0x00000225b3c1fb30 DEOPT PACKING pc=0x00000225a831b3f4 sp=0x000000a186af57e0
Event: 56.050 Thread 0x00000225b3c1fb30 DEOPT UNPACKING pc=0x00000225a7bc4422 sp=0x000000a186af57c0 mode 2

Classes loaded (20 events):
Event: 52.158 Loading class java/nio/file/FileTreeWalker$EventType
Event: 52.158 Loading class java/nio/file/FileTreeWalker$EventType done
Event: 52.158 Loading class java/nio/file/Files$3
Event: 52.158 Loading class java/nio/file/Files$3 done
Event: 52.159 Loading class java/nio/file/FileVisitResult
Event: 52.159 Loading class java/nio/file/FileVisitResult done
Event: 52.200 Loading class java/nio/charset/CharacterCodingException
Event: 52.200 Loading class java/nio/charset/CharacterCodingException done
Event: 52.477 Loading class java/util/stream/Streams$RangeIntSpliterator
Event: 52.477 Loading class java/util/stream/Streams$RangeIntSpliterator done
Event: 54.229 Loading class java/util/LinkedList$ListItr
Event: 54.229 Loading class java/util/LinkedList$ListItr done
Event: 55.946 Loading class jdk/internal/loader/URLClassPath$FileLoader
Event: 55.947 Loading class jdk/internal/loader/URLClassPath$FileLoader done
Event: 55.948 Loading class jdk/internal/loader/URLClassPath$FileLoader$1
Event: 55.948 Loading class jdk/internal/loader/URLClassPath$FileLoader$1 done
Event: 58.126 Loading class java/beans/Transient
Event: 58.126 Loading class java/beans/Transient done
Event: 61.271 Loading class java/util/EventListener
Event: 61.271 Loading class java/util/EventListener done

Classes unloaded (0 events):
No events

Classes redefined (0 events):
No events

Internal exceptions (20 events):
Event: 48.196 Thread 0x00000225b3c1fb30 Exception <a 'java/lang/NoSuchMethodError'{0x00000000ec044470}: 'java.lang.Object java.lang.invoke.DirectMethodHandle$Holder.newInvokeSpecial(java.lang.Object, java.lang.Object, java.lang.Object, java.lang.Object, java.lang.Object, java.lang.Object, java.lang.Object, java.lang.Object, java.lang.Object, java.lang.Object, java.lang.Object)'> (0x00000000ec044470) 
thrown [s\src\hotspot\share\interpreter\linkResolver.cpp, line 773]
Event: 48.241 Thread 0x00000225b3c1fb30 Exception <a 'java/lang/NoSuchMethodError'{0x00000000ebe32d60}: 'java.lang.Object java.lang.invoke.Invokers$Holder.linkToTargetMethod(java.lang.Object, java.lang.Object, java.lang.Object, java.lang.Object, java.lang.Object, java.lang.Object, java.lang.Object, java.lang.Object, java.lang.Object, java.lang.Object, java.lang.Object, java.lang.Object)'> (0x00000000ebe32d60) 
thrown [s\src\hotspot\share\interpreter\linkResolver.cpp, line 773]
Event: 48.496 Thread 0x00000225b3c1fb30 Exception <a 'java/lang/NoSuchMethodError'{0x00000000eb8d3ad8}: 'java.lang.Object java.lang.invoke.DelegatingMethodHandle$Holder.reinvoke_L(java.lang.Object, java.lang.Object, java.lang.Object, java.lang.Object, java.lang.Object, java.lang.Object, java.lang.Object, java.lang.Object, java.lang.Object, java.lang.Object, java.lang.Object, java.lang.Object, java.lang.Object, java.lang.Object, java.lang.Object, java.lang.Object, java.lang.Object, java.lang.Object, java.lang.Object, java.lang.Object, java.lang.O
Event: 48.505 Thread 0x00000225b3c1fb30 Exception <a 'java/lang/NoSuchMethodError'{0x00000000eb7d19e0}: 'java.lang.Object java.lang.invoke.DirectMethodHandle$Holder.invokeStatic(java.lang.Object, java.lang.Object, java.lang.Object, java.lang.Object, java.lang.Object, java.lang.Object, java.lang.Object, java.lang.Object, java.lang.Object, java.lang.Object, java.lang.Object, java.lang.Object, java.lang.Object, java.lang.Object, java.lang.Object, java.lang.Object, java.lang.Object, java.lang.Object, java.lang.Object, java.lang.Object, java.lang.Obj
Event: 48.508 Thread 0x00000225b3c1fb30 Exception <a 'java/lang/NoSuchMethodError'{0x00000000eb60a4b0}: 'java.lang.Object java.lang.invoke.DirectMethodHandle$Holder.invokeStatic(java.lang.Object, java.lang.Object, java.lang.Object, java.lang.Object, java.lang.Object, java.lang.Object, java.lang.Object, java.lang.Object, java.lang.Object, java.lang.Object, java.lang.Object, java.lang.Object, java.lang.Object, java.lang.Object, java.lang.Object, java.lang.Object, java.lang.Object, java.lang.Object, java.lang.Object, java.lang.Object, java.lang.Obj
Event: 48.509 Thread 0x00000225b3c1fb30 Exception <a 'java/lang/NoSuchMethodError'{0x00000000eb645cb0}: 'java.lang.Object java.lang.invoke.DirectMethodHandle$Holder.invokeStatic(java.lang.Object, java.lang.Object, java.lang.Object, java.lang.Object, java.lang.Object, java.lang.Object, java.lang.Object, java.lang.Object, java.lang.Object, java.lang.Object, java.lang.Object, java.lang.Object, java.lang.Object, java.lang.Object, java.lang.Object, java.lang.Object, java.lang.Object, java.lang.Object, java.lang.Object, java.lang.Object, java.lang.Obj
Event: 48.510 Thread 0x00000225b3c1fb30 Exception <a 'java/lang/NoSuchMethodError'{0x00000000eb6834b0}: 'java.lang.Object java.lang.invoke.DirectMethodHandle$Holder.invokeStatic(java.lang.Object, java.lang.Object, java.lang.Object, java.lang.Object, java.lang.Object, java.lang.Object, java.lang.Object, java.lang.Object, java.lang.Object, java.lang.Object, java.lang.Object, java.lang.Object, java.lang.Object, java.lang.Object, java.lang.Object, java.lang.Object, java.lang.Object, java.lang.Object, java.lang.Object, java.lang.Object, java.lang.Obj
Event: 48.512 Thread 0x00000225b3c1fb30 Exception <a 'java/lang/NoSuchMethodError'{0x00000000eb6c1e80}: 'java.lang.Object java.lang.invoke.DirectMethodHandle$Holder.invokeStatic(java.lang.Object, java.lang.Object, java.lang.Object, java.lang.Object, java.lang.Object, java.lang.Object, java.lang.Object, java.lang.Object, java.lang.Object, java.lang.Object, java.lang.Object, java.lang.Object, java.lang.Object, java.lang.Object, java.lang.Object, java.lang.Object, java.lang.Object, java.lang.Object, java.lang.Object, java.lang.Object, java.lang.Obj
Event: 48.629 Thread 0x00000225b3c1fb30 Exception <a 'java/lang/IncompatibleClassChangeError'{0x00000000eb1f2758}: Found class java.lang.Object, but interface was expected> (0x00000000eb1f2758) 
thrown [s\src\hotspot\share\interpreter\linkResolver.cpp, line 840]
Event: 52.146 Thread 0x00000225b3c1fb30 Exception <a 'java/lang/NoSuchMethodError'{0x00000000eaf3e060}: 'java.lang.Object java.lang.invoke.DirectMethodHandle$Holder.invokeSpecial(java.lang.Object, java.lang.Object, long, java.lang.Object)'> (0x00000000eaf3e060) 
thrown [s\src\hotspot\share\interpreter\linkResolver.cpp, line 773]
Event: 52.147 Thread 0x00000225b3c1fb30 Exception <a 'java/lang/NoSuchMethodError'{0x00000000eaf45568}: 'java.lang.Object java.lang.invoke.DirectMethodHandle$Holder.newInvokeSpecial(java.lang.Object, java.lang.Object, long)'> (0x00000000eaf45568) 
thrown [s\src\hotspot\share\interpreter\linkResolver.cpp, line 773]
Event: 52.148 Thread 0x00000225b3c1fb30 Exception <a 'java/lang/NoSuchMethodError'{0x00000000eaf49b50}: 'java.lang.Object java.lang.invoke.Invokers$Holder.linkToTargetMethod(java.lang.Object, long, java.lang.Object)'> (0x00000000eaf49b50) 
thrown [s\src\hotspot\share\interpreter\linkResolver.cpp, line 773]
Event: 52.333 Thread 0x00000225b3c1fb30 Exception <a 'java/lang/NoSuchMethodError'{0x00000000ead66bf8}: 'int java.lang.invoke.DirectMethodHandle$Holder.invokeSpecial(java.lang.Object, java.lang.Object, java.lang.Object, java.lang.Object)'> (0x00000000ead66bf8) 
thrown [s\src\hotspot\share\interpreter\linkResolver.cpp, line 773]
Event: 52.335 Thread 0x00000225b3c1fb30 Exception <a 'java/lang/NoSuchMethodError'{0x00000000ead877b0}: 'int java.lang.invoke.DirectMethodHandle$Holder.invokeInterface(java.lang.Object, java.lang.Object)'> (0x00000000ead877b0) 
thrown [s\src\hotspot\share\interpreter\linkResolver.cpp, line 773]
Event: 52.476 Thread 0x00000225b3c1fb30 Exception <a 'java/lang/NoSuchMethodError'{0x00000000eadff840}: 'java.lang.Object java.lang.invoke.DirectMethodHandle$Holder.invokeVirtual(java.lang.Object, java.lang.Object, int)'> (0x00000000eadff840) 
thrown [s\src\hotspot\share\interpreter\linkResolver.cpp, line 773]
Event: 52.682 Thread 0x00000225b3c1fb30 Exception <a 'java/lang/NoSuchMethodError'{0x00000000eac920f0}: 'java.lang.Object java.lang.invoke.DirectMethodHandle$Holder.invokeStatic(java.lang.Object, java.lang.Object, int, java.lang.Object)'> (0x00000000eac920f0) 
thrown [s\src\hotspot\share\interpreter\linkResolver.cpp, line 773]
Event: 52.682 Thread 0x00000225b3c1fb30 Exception <a 'java/lang/NoSuchMethodError'{0x00000000eac994d8}: 'java.lang.Object java.lang.invoke.DirectMethodHandle$Holder.newInvokeSpecial(java.lang.Object, java.lang.Object, int, java.lang.Object)'> (0x00000000eac994d8) 
thrown [s\src\hotspot\share\interpreter\linkResolver.cpp, line 773]
Event: 52.682 Thread 0x00000225b3c1fb30 Exception <a 'java/lang/NoSuchMethodError'{0x00000000eac9dc00}: 'java.lang.Object java.lang.invoke.DirectMethodHandle$Holder.invokeSpecial(java.lang.Object, java.lang.Object, java.lang.Object, int, java.lang.Object)'> (0x00000000eac9dc00) 
thrown [s\src\hotspot\share\interpreter\linkResolver.cpp, line 773]
Event: 55.945 Thread 0x00000225b3c1fb30 Exception <a 'java/lang/NoSuchMethodError'{0x00000000ea99bcd8}: 'void java.lang.invoke.DirectMethodHandle$Holder.invokeInterface(java.lang.Object, java.lang.Object, java.lang.Object, java.lang.Object, java.lang.Object, java.lang.Object, java.lang.Object)'> (0x00000000ea99bcd8) 
thrown [s\src\hotspot\share\interpreter\linkResolver.cpp, line 773]
Event: 55.945 Thread 0x00000225b3c1fb30 Exception <a 'java/lang/NoSuchMethodError'{0x00000000ea9a05f0}: 'void java.lang.invoke.DelegatingMethodHandle$Holder.reinvoke_L(java.lang.Object, java.lang.Object, java.lang.Object, java.lang.Object, java.lang.Object, java.lang.Object, java.lang.Object)'> (0x00000000ea9a05f0) 
thrown [s\src\hotspot\share\interpreter\linkResolver.cpp, line 773]

ZGC Phase Switch (0 events):
No events

VM Operations (20 events):
Event: 52.179 Executing non-safepoint VM operation: HandshakeAllThreads (Deoptimize)
Event: 52.179 Executing non-safepoint VM operation: HandshakeAllThreads (Deoptimize) done
Event: 53.186 Executing safepoint VM operation: Cleanup
Event: 53.186 Executing safepoint VM operation: Cleanup done
Event: 54.195 Executing safepoint VM operation: Cleanup
Event: 54.195 Executing safepoint VM operation: Cleanup done
Event: 55.204 Executing safepoint VM operation: Cleanup
Event: 55.204 Executing safepoint VM operation: Cleanup done
Event: 55.949 Executing non-safepoint VM operation: HandshakeAllThreads (Deoptimize)
Event: 55.949 Executing non-safepoint VM operation: HandshakeAllThreads (Deoptimize) done
Event: 55.951 Executing non-safepoint VM operation: HandshakeAllThreads (Deoptimize)
Event: 55.951 Executing non-safepoint VM operation: HandshakeAllThreads (Deoptimize) done
Event: 56.956 Executing safepoint VM operation: Cleanup
Event: 57.112 Executing safepoint VM operation: Cleanup done
Event: 59.125 Executing safepoint VM operation: Cleanup
Event: 59.125 Executing safepoint VM operation: Cleanup done
Event: 60.040 Executing non-safepoint VM operation: HandshakeAllThreads (HandshakeForDeflation)
Event: 60.613 Executing non-safepoint VM operation: HandshakeAllThreads (HandshakeForDeflation) done
Event: 60.613 Executing non-safepoint VM operation: RendezvousGCThreads
Event: 60.613 Executing non-safepoint VM operation: RendezvousGCThreads done

Memory protections (0 events):
No events

Nmethod flushes (0 events):
No events

Events (20 events):
Event: 43.589 Thread 0x00000225b3c1fb30 Thread added: 0x00000225ce9e1540
Event: 43.808 Thread 0x00000225ce9b7e70 Thread exited: 0x00000225ce9b7e70
Event: 44.741 Thread 0x00000225b3a0b680 Thread added: 0x00000225ce9b7e70
Event: 44.989 Thread 0x00000225b3a0b680 Thread added: 0x00000225cd257410
Event: 45.272 Thread 0x00000225b3a0b680 Thread added: 0x00000225cd2f9610
Event: 45.621 Thread 0x00000225cd2f9610 Thread exited: 0x00000225cd2f9610
Event: 46.232 Thread 0x00000225cd257410 Thread exited: 0x00000225cd257410
Event: 46.715 Thread 0x00000225b3c1fb30 Thread added: 0x00000225ceefff00
Event: 46.818 Thread 0x00000225b3c1fb30 Thread added: 0x00000225cef02660
Event: 47.284 Thread 0x00000225b3c1fb30 Thread added: 0x00000225cef01940
Event: 47.307 Thread 0x00000225b3c1fb30 Thread added: 0x00000225cef01fd0
Event: 47.554 Thread 0x00000225b3c1fb30 Thread added: 0x00000225cef00590
Event: 47.678 Thread 0x00000225b3c1fb30 Thread added: 0x00000225cef00c20
Event: 48.254 Thread 0x00000225b3c1fb30 Thread added: 0x00000225ceeff870
Event: 48.447 Thread 0x00000225b3c1fb30 Thread added: 0x00000225cef040a0
Event: 52.684 Thread 0x00000225b3c1fb30 Thread added: 0x00000225cef04730
Event: 53.562 Thread 0x00000225ce9b7e70 Thread exited: 0x00000225ce9b7e70
Event: 53.916 Thread 0x00000225b3c1fb30 Thread added: 0x00000225cef02cf0
Event: 59.469 Thread 0x00000225b399c9c0 Thread added: 0x00000225cedc0d80
Event: 61.270 Thread 0x00000225cedc0d80 Thread exited: 0x00000225cedc0d80


Dynamic libraries:
0x00007ff60e470000 - 0x00007ff60e47e000 	C:\Users\momos\.vscode\extensions\redhat.java-1.56.0-win32-x64\jre\21.0.12.1-win32-x86_64\bin\java.exe
0x00007fff4e2c0000 - 0x00007fff4e526000 	C:\Windows\SYSTEM32\ntdll.dll
0x00007fff4c2c0000 - 0x00007fff4c389000 	C:\Windows\System32\KERNEL32.DLL
0x00007fff4b9a0000 - 0x00007fff4bd9f000 	C:\Windows\System32\KERNELBASE.dll
0x00007fff4b4d0000 - 0x00007fff4b61c000 	C:\Windows\System32\ucrtbase.dll
0x00007fff2a3a0000 - 0x00007fff2a3b8000 	C:\Users\momos\.vscode\extensions\redhat.java-1.56.0-win32-x64\jre\21.0.12.1-win32-x86_64\bin\jli.dll
0x00007fff30c80000 - 0x00007fff30c9e000 	C:\Users\momos\.vscode\extensions\redhat.java-1.56.0-win32-x64\jre\21.0.12.1-win32-x86_64\bin\VCRUNTIME140.dll
0x00007fff4c020000 - 0x00007fff4c1e6000 	C:\Windows\System32\USER32.dll
0x00007fff2e060000 - 0x00007fff2e2f1000 	C:\Windows\WinSxS\amd64_microsoft.windows.common-controls_6595b64144ccf1df_6.0.26100.8972_none_3e0da176e32f9d4b\COMCTL32.dll
0x00007fff4b7b0000 - 0x00007fff4b7d7000 	C:\Windows\System32\win32u.dll
0x00007fff4cf50000 - 0x00007fff4cff9000 	C:\Windows\System32\msvcrt.dll
0x00007fff4c560000 - 0x00007fff4c58b000 	C:\Windows\System32\GDI32.dll
0x00007fff4b870000 - 0x00007fff4b999000 	C:\Windows\System32\gdi32full.dll
0x00007fff4bdb0000 - 0x00007fff4be53000 	C:\Windows\System32\msvcp_win.dll
0x00007fff4cdc0000 - 0x00007fff4cdf2000 	C:\Windows\System32\IMM32.DLL
0x00007fff323f0000 - 0x00007fff323fc000 	C:\Users\momos\.vscode\extensions\redhat.java-1.56.0-win32-x64\jre\21.0.12.1-win32-x86_64\bin\vcruntime140_1.dll
0x00007ffec7920000 - 0x00007ffec79ad000 	C:\Users\momos\.vscode\extensions\redhat.java-1.56.0-win32-x64\jre\21.0.12.1-win32-x86_64\bin\msvcp140.dll
0x00007ffe666d0000 - 0x00007ffe67472000 	C:\Users\momos\.vscode\extensions\redhat.java-1.56.0-win32-x64\jre\21.0.12.1-win32-x86_64\bin\server\jvm.dll
0x00007fff4c1f0000 - 0x00007fff4c2ac000 	C:\Windows\System32\ADVAPI32.dll
0x00007fff4d000000 - 0x00007fff4d0aa000 	C:\Windows\System32\sechost.dll
0x00007fff4c390000 - 0x00007fff4c4a8000 	C:\Windows\System32\RPCRT4.dll
0x00007fff4dff0000 - 0x00007fff4e072000 	C:\Windows\System32\WS2_32.dll
0x00007fff4b170000 - 0x00007fff4b1ce000 	C:\Windows\SYSTEM32\POWRPROF.dll
0x00007fff3d670000 - 0x00007fff3d6a6000 	C:\Windows\SYSTEM32\WINMM.dll
0x00007fff443d0000 - 0x00007fff443db000 	C:\Windows\SYSTEM32\VERSION.dll
0x00007fff4b150000 - 0x00007fff4b165000 	C:\Windows\SYSTEM32\UMPDC.dll
0x00007fff4a180000 - 0x00007fff4a19b000 	C:\Windows\SYSTEM32\kernel.appcore.dll
0x00007fff2a7f0000 - 0x00007fff2a7fa000 	C:\Users\momos\.vscode\extensions\redhat.java-1.56.0-win32-x64\jre\21.0.12.1-win32-x86_64\bin\jimage.dll
0x00007fff33a80000 - 0x00007fff33cc2000 	C:\Windows\SYSTEM32\DBGHELP.DLL
0x00007fff4c5a0000 - 0x00007fff4c925000 	C:\Windows\System32\combase.dll
0x00007fff4ce00000 - 0x00007fff4ced9000 	C:\Windows\System32\OLEAUT32.dll
0x00007fff2efd0000 - 0x00007fff2f00b000 	C:\Windows\SYSTEM32\dbgcore.DLL
0x00007fff4b6f0000 - 0x00007fff4b79c000 	C:\Windows\System32\bcryptPrimitives.dll
0x00007fff18f80000 - 0x00007fff18f8f000 	C:\Users\momos\.vscode\extensions\redhat.java-1.56.0-win32-x64\jre\21.0.12.1-win32-x86_64\bin\instrument.dll
0x00007fff25990000 - 0x00007fff259b0000 	C:\Users\momos\.vscode\extensions\redhat.java-1.56.0-win32-x64\jre\21.0.12.1-win32-x86_64\bin\java.dll
0x00007fff4d0b0000 - 0x00007fff4d838000 	C:\Windows\System32\SHELL32.dll
0x00007fff48f60000 - 0x00007fff497fb000 	C:\Windows\SYSTEM32\windows.storage.dll
0x00007fff4cae0000 - 0x00007fff4cbd9000 	C:\Windows\System32\SHCORE.dll
0x00007fff4cee0000 - 0x00007fff4cf46000 	C:\Windows\System32\shlwapi.dll
0x00007fff4b3f0000 - 0x00007fff4b419000 	C:\Windows\SYSTEM32\profapi.dll
0x00007fff201b0000 - 0x00007fff201c8000 	C:\Users\momos\.vscode\extensions\redhat.java-1.56.0-win32-x64\jre\21.0.12.1-win32-x86_64\bin\zip.dll
0x00007fff2a630000 - 0x00007fff2a640000 	C:\Users\momos\.vscode\extensions\redhat.java-1.56.0-win32-x64\jre\21.0.12.1-win32-x86_64\bin\net.dll
0x00007fff43910000 - 0x00007fff43a38000 	C:\Windows\SYSTEM32\WINHTTP.dll
0x00007fff4a720000 - 0x00007fff4a78c000 	C:\Windows\system32\mswsock.dll
0x00007fff1f850000 - 0x00007fff1f866000 	C:\Users\momos\.vscode\extensions\redhat.java-1.56.0-win32-x64\jre\21.0.12.1-win32-x86_64\bin\nio.dll
0x00007fff2a4e0000 - 0x00007fff2a4f0000 	C:\Users\momos\.vscode\extensions\redhat.java-1.56.0-win32-x64\jre\21.0.12.1-win32-x86_64\bin\verify.dll
0x00007fff1b950000 - 0x00007fff1b977000 	C:\Users\momos\.gradle\native\660c5614fbf4a5f2a75b1949f50a0caf5cd603558e7d8a26e50b933a0cfb79d1\windows-amd64\native-platform.dll
0x00007ffeba1e0000 - 0x00007ffeba257000 	C:\Users\momos\.gradle\native\0.2.8\x86_64-windows-gnu\gradle-fileevents.dll
0x00007fff2a330000 - 0x00007fff2a33a000 	C:\Users\momos\.vscode\extensions\redhat.java-1.56.0-win32-x64\jre\21.0.12.1-win32-x86_64\bin\management.dll
0x00007fff256a0000 - 0x00007fff256ac000 	C:\Users\momos\.vscode\extensions\redhat.java-1.56.0-win32-x64\jre\21.0.12.1-win32-x86_64\bin\management_ext.dll
0x00007fff4c590000 - 0x00007fff4c598000 	C:\Windows\System32\PSAPI.DLL
0x00007fff49b30000 - 0x00007fff49b63000 	C:\Windows\SYSTEM32\IPHLPAPI.DLL
0x00007fff4cad0000 - 0x00007fff4cada000 	C:\Windows\System32\NSI.dll
0x00007fff21770000 - 0x00007fff21779000 	C:\Users\momos\.vscode\extensions\redhat.java-1.56.0-win32-x64\jre\21.0.12.1-win32-x86_64\bin\extnet.dll
0x00007fff4aa60000 - 0x00007fff4aa7b000 	C:\Windows\SYSTEM32\CRYPTSP.dll
0x00007fff4a0e0000 - 0x00007fff4a119000 	C:\Windows\system32\rsaenh.dll
0x00007fff4a7e0000 - 0x00007fff4a812000 	C:\Windows\SYSTEM32\USERENV.dll
0x00007fff4b3c0000 - 0x00007fff4b3ea000 	C:\Windows\SYSTEM32\bcrypt.dll
0x00007fff4aa80000 - 0x00007fff4aa8c000 	C:\Windows\SYSTEM32\CRYPTBASE.dll
0x00007ffefd120000 - 0x00007ffefd12e000 	C:\Users\momos\.vscode\extensions\redhat.java-1.56.0-win32-x64\jre\21.0.12.1-win32-x86_64\bin\sunmscapi.dll
0x00007fff4be60000 - 0x00007fff4bfde000 	C:\Windows\System32\CRYPT32.dll
0x00007fff4aca0000 - 0x00007fff4acd0000 	C:\Windows\SYSTEM32\ncrypt.dll
0x00007fff4ac50000 - 0x00007fff4ac8f000 	C:\Windows\SYSTEM32\NTASN1.dll
0x00007ffef3a10000 - 0x00007ffef3a18000 	C:\Windows\system32\wshunix.dll

JVMTI agents:
C:\Users\momos\.gradle\wrapper\dists\gradle-9.6.1-bin\4ticwg1pgcbps2hj28r8so764\gradle-9.6.1\lib\agents\gradle-instrumentation-agent-9.6.1.jar path:C:\Users\momos\.vscode\extensions\redhat.java-1.56.0-win32-x64\jre\21.0.12.1-win32-x86_64\bin\instrument.dll, loaded, initialized, instrumentlib options:none

dbghelp: loaded successfully - version: 4.0.5 - missing functions: none
symbol engine: initialized successfully - sym options: 0x614 - pdb path: .;C:\Users\momos\.vscode\extensions\redhat.java-1.56.0-win32-x64\jre\21.0.12.1-win32-x86_64\bin;C:\Windows\SYSTEM32;C:\Windows\WinSxS\amd64_microsoft.windows.common-controls_6595b64144ccf1df_6.0.26100.8972_none_3e0da176e32f9d4b;C:\Users\momos\.vscode\extensions\redhat.java-1.56.0-win32-x64\jre\21.0.12.1-win32-x86_64\bin\server;C:\Users\momos\.gradle\native\660c5614fbf4a5f2a75b1949f50a0caf5cd603558e7d8a26e50b933a0cfb79d1\windows-amd64;C:\Users\momos\.gradle\native\0.2.8\x86_64-windows-gnu

VM Arguments:
jvm_args: --add-opens=java.base/java.lang=ALL-UNNAMED --add-opens=java.base/java.lang.invoke=ALL-UNNAMED --add-opens=java.base/java.util=ALL-UNNAMED --add-opens=java.prefs/java.util.prefs=ALL-UNNAMED --add-exports=jdk.compiler/com.sun.tools.javac.api=ALL-UNNAMED --add-exports=jdk.compiler/com.sun.tools.javac.util=ALL-UNNAMED --add-opens=java.base/java.nio.charset=ALL-UNNAMED --add-opens=java.base/java.net=ALL-UNNAMED --add-opens=java.base/java.util.concurrent=ALL-UNNAMED --add-opens=java.base/java.util.concurrent.atomic=ALL-UNNAMED --add-opens=java.xml/javax.xml.namespace=ALL-UNNAMED --add-opens=java.base/java.time=ALL-UNNAMED -XX:MaxMetaspaceSize=384m -XX:+HeapDumpOnOutOfMemoryError -Xms256m -Xmx512m -Dfile.encoding=UTF-8 -Duser.country=JP -Duser.language=ja -Duser.variant -javaagent:C:\Users\momos\.gradle\wrapper\dists\gradle-9.6.1-bin\4ticwg1pgcbps2hj28r8so764\gradle-9.6.1\lib\agents\gradle-instrumentation-agent-9.6.1.jar 
java_command: org.gradle.launcher.daemon.bootstrap.GradleDaemon 9.6.1
java_class_path (initial): C:\Users\momos\.gradle\wrapper\dists\gradle-9.6.1-bin\4ticwg1pgcbps2hj28r8so764\gradle-9.6.1\lib\gradle-daemon-main-9.6.1.jar
Launcher Type: SUN_STANDARD

[Global flags]
     intx CICompilerCount                          = 12                                        {product} {ergonomic}
   size_t CompressedClassSpaceSize                 = 335544320                                 {product} {ergonomic}
     uint ConcGCThreads                            = 3                                         {product} {ergonomic}
     uint G1ConcRefinementThreads                  = 13                                        {product} {ergonomic}
   size_t G1HeapRegionSize                         = 1048576                                   {product} {ergonomic}
    uintx GCDrainStackTargetSize                   = 64                                        {product} {ergonomic}
     bool HeapDumpOnOutOfMemoryError               = true                                   {manageable} {command line}
   size_t InitialHeapSize                          = 268435456                                 {product} {command line}
   size_t MarkStackSize                            = 4194304                                   {product} {ergonomic}
   size_t MaxHeapSize                              = 536870912                                 {product} {command line}
   size_t MaxMetaspaceSize                         = 402653184                                 {product} {command line}
   size_t MaxNewSize                               = 321912832                                 {product} {ergonomic}
   size_t MinHeapDeltaBytes                        = 1048576                                   {product} {ergonomic}
   size_t MinHeapSize                              = 268435456                                 {product} {command line}
    uintx NonNMethodCodeHeapSize                   = 7602480                                {pd product} {ergonomic}
    uintx NonProfiledCodeHeapSize                  = 122027880                              {pd product} {ergonomic}
    uintx ProfiledCodeHeapSize                     = 122027880                              {pd product} {ergonomic}
    uintx ReservedCodeCacheSize                    = 251658240                              {pd product} {ergonomic}
     bool SegmentedCodeCache                       = true                                      {product} {ergonomic}
   size_t SoftMaxHeapSize                          = 536870912                              {manageable} {ergonomic}
     bool UseCompressedOops                        = true                           {product lp64_product} {ergonomic}
     bool UseG1GC                                  = true                                      {product} {ergonomic}
     bool UseLargePagesIndividualAllocation        = false                                  {pd product} {ergonomic}

Logging:
Log output configuration:
 #0: stdout all=warning uptime,level,tags foldmultilines=false
 #1: stderr all=off uptime,level,tags foldmultilines=false

Release file:
JAVA_VERSION="21.0.12.1" 
MODULES="java.base java.compiler java.datatransfer java.xml java.prefs java.desktop java.instrument java.logging java.management java.security.sasl java.naming java.rmi java.management.rmi java.net.http java.scripting java.security.jgss java.transaction.xa java.sql java.sql.rowset java.xml.crypto java.se java.smartcardio jdk.accessibility jdk.internal.jvmstat jdk.attach jdk.charsets jdk.internal.opt jdk.zipfs jdk.compiler jdk.crypto.ec jdk.crypto.cryptoki jdk.crypto.mscapi jdk.dynalink jdk.internal.ed jdk.editpad jdk.hotspot.agent jdk.httpserver jdk.internal.le jdk.internal.vm.ci jdk.internal.vm.compiler jdk.internal.vm.compiler.management jdk.jartool jdk.javadoc jdk.jcmd jdk.management jdk.management.agent jdk.jconsole jdk.jdeps jdk.jdwp.agent jdk.jdi jdk.jfr jdk.jshell jdk.jsobject jdk.jstatd jdk.localedata jdk.management.jfr jdk.naming.dns jdk.naming.rmi jdk.net jdk.nio.mapmode jdk.random jdk.sctp jdk.security.auth jdk.security.jgss jdk.unsupported jdk.unsupported.desktop jdk.xml.dom" 

Environment Variables:
JAVA_HOME=C:\Program Files\Eclipse Adoptium\jdk-21.0.12.8-hotspot\
PATH=C:\Program Files\Eclipse Adoptium\jdk-21.0.12.8-hotspot\bin;C:\Program Files (x86)\Common Files\Oracle\Java\javapath;C:\Program Files (x86)\Common Files\Oracle\Java\java8path;C:\Windows\system32;C:\Windows;C:\Windows\System32\Wbem;C:\Windows\System32\WindowsPowerShell\v1.0\;C:\Windows\System32\OpenSSH\;C:\Program Files (x86)\NVIDIA Corporation\PhysX\Common;C:\Program Files\dotnet\;C:\Program Files\nodejs\;C:\Program Files\NVIDIA Corporation\NVIDIA App\NvDLISR;C:\Program Files\Git\cmd;C:\Gradle\gradle-9.6.1\bin;C:\Users\momos\AppData\Local\Microsoft\WindowsApps;C:\Users\momos\AppData\Local\Programs\Microsoft VS Code\bin;C:\Users\momos\AppData\Roaming\npm;C:\Program Files\OpenSSL-Win64\bin;
USERNAME=momos
OS=Windows_NT
PROCESSOR_IDENTIFIER=AMD64 Family 25 Model 33 Stepping 2, AuthenticAMD
TMP=C:\Users\momos\AppData\Local\Temp
TEMP=C:\Users\momos\AppData\Local\Temp




Periodic native trim disabled

---------------  S Y S T E M  ---------------

OS:
 Windows 11 , 64 bit Build 26100 (10.0.26100.9168)
OS uptime: 0 days 1:49 hours
Hyper-V role detected

CPU: total 16 (initial active 16) (16 cores per cpu, 2 threads per core) family 25 model 33 stepping 2 microcode 0xa201210, cx8, cmov, fxsr, ht, mmx, 3dnowpref, sse, sse2, sse3, ssse3, sse4a, sse4.1, sse4.2, popcnt, lzcnt, tsc, tscinvbit, avx, avx2, aes, clmul, bmi1, bmi2, adx, sha, fma, vzeroupper, clflush, clflushopt, hv, rdtscp, rdpid, f16c, cet_ss
Processor Information for the first 16 processors :
  Max Mhz: 3401, Current Mhz: 3401, Mhz Limit: 3401

Memory: 4k page, system-wide physical 32696M (1186M free)
TotalPageFile size 68764M (AvailPageFile size 2891M)
current process WorkingSet (physical memory assigned to process): 273M, peak: 275M
current process commit charge ("private bytes"): 444M, peak: 462M

vm_info: OpenJDK 64-Bit Server VM (21.0.12.1+1-LTS) for windows-amd64 JRE (21.0.12.1+1-LTS), built on 2026-08-18T00:00:00Z by "admin" with MS VC++ 17.12 (VS2022)

END.
