#
# There is insufficient memory for the Java Runtime Environment to continue.
# Native memory allocation (malloc) failed to allocate 2108016 bytes. Error detail: Chunk::new
# Possible reasons:
#   The system is out of physical RAM or swap space
#   This process is running with CompressedOops enabled, and the Java Heap may be blocking the growth of the native heap
# Possible solutions:
#   Reduce memory load on the system
#   Increase physical memory or swap space
#   Check if swap backing store is full
#   Decrease Java heap size (-Xmx/-Xms)
#   Decrease number of Java threads
#   Decrease Java thread stack sizes (-Xss)
#   Set larger code cache with -XX:ReservedCodeCacheSize=
#   JVM is running with Unscaled Compressed Oops mode in which the Java heap is
#     placed in the first 4GB address space. The Java Heap base address is the
#     maximum limit for the native heap growth. Please use -XX:HeapBaseMinAddress
#     to set the Java Heap base and to place the Java Heap above 4GB virtual address.
# This output file may be truncated or incomplete.
#
#  Out of Memory Error (arena.cpp:168), pid=37160, tid=39308
#
# JRE version: OpenJDK Runtime Environment Temurin-21.0.12.1+1 (21.0.12.1+1) (build 21.0.12.1+1-LTS)
# Java VM: OpenJDK 64-Bit Server VM Temurin-21.0.12.1+1 (21.0.12.1+1-LTS, mixed mode, sharing, tiered, compressed oops, compressed class ptrs, g1 gc, windows-amd64)
# No core dump will be written. Minidumps are not enabled by default on client versions of Windows
#

---------------  S U M M A R Y ------------

Command Line: --add-opens=java.base/java.lang=ALL-UNNAMED --add-opens=java.base/java.lang.invoke=ALL-UNNAMED --add-opens=java.base/java.util=ALL-UNNAMED --add-opens=java.prefs/java.util.prefs=ALL-UNNAMED --add-exports=jdk.compiler/com.sun.tools.javac.api=ALL-UNNAMED --add-exports=jdk.compiler/com.sun.tools.javac.util=ALL-UNNAMED --add-opens=java.base/java.nio.charset=ALL-UNNAMED --add-opens=java.base/java.net=ALL-UNNAMED --add-opens=java.base/java.util.concurrent=ALL-UNNAMED --add-opens=java.base/java.util.concurrent.atomic=ALL-UNNAMED --add-opens=java.xml/javax.xml.namespace=ALL-UNNAMED --add-opens=java.base/java.time=ALL-UNNAMED -XX:MaxMetaspaceSize=384m -XX:+HeapDumpOnOutOfMemoryError -Xms256m -Xmx512m -Dfile.encoding=UTF-8 -Duser.country=JP -Duser.language=ja -Duser.variant -javaagent:C:\Users\momos\.gradle\wrapper\dists\gradle-9.6.1-bin\4ticwg1pgcbps2hj28r8so764\gradle-9.6.1\lib\agents\gradle-instrumentation-agent-9.6.1.jar org.gradle.launcher.daemon.bootstrap.GradleDaemon 9.6.1

Host: AMD Ryzen 7 5700X 8-Core Processor             , 16 cores, 31G,  Windows 11 , 64 bit Build 26100 (10.0.26100.9444)
Time: Sat Sep 26 15:51:33 2026 elapsed time: 91.716971 seconds (0d 0h 1m 31s)

---------------  T H R E A D  ---------------

Current thread (0x000002fa7a770c20):  JavaThread "C2 CompilerThread0" daemon [_thread_in_native, id=39308, stack(0x000000ff90400000,0x000000ff90500000) (1024K)]


Current CompileTask:
C2:91717 4210   !   4       java.lang.ClassLoader::loadClass (121 bytes)

Stack: [0x000000ff90400000,0x000000ff90500000]
Native frames: (J=compiled Java code, j=interpreted, Vv=VM code, C=native code)
V  [jvm.dll+0x6d83e9]
V  [jvm.dll+0x8b5736]
V  [jvm.dll+0x8b7cee]
V  [jvm.dll+0x8b83d3]
V  [jvm.dll+0x284596]
V  [jvm.dll+0xc685d]
V  [jvm.dll+0xc6da1]
V  [jvm.dll+0x3bf151]
V  [jvm.dll+0x38b6d2]
V  [jvm.dll+0x38ab1a]
V  [jvm.dll+0x24c700]
V  [jvm.dll+0x24bce0]
V  [jvm.dll+0x1cb4ae]
V  [jvm.dll+0x25baad]
V  [jvm.dll+0x25a03a]
V  [jvm.dll+0x3f8aae]
V  [jvm.dll+0x8600cd]
V  [jvm.dll+0x6d6c1d]
C  [ucrtbase.dll+0x2cd30]
C  [KERNEL32.DLL+0x2cd87]
C  [ntdll.dll+0xacaec]


---------------  P R O C E S S  ---------------

Threads class SMR info:
_java_thread_list=0x000002fa167149c0, length=35, elements={
0x000002fa642ff970, 0x000002fa7a7634e0, 0x000002fa7a765c60, 0x000002fa7a7683e0,
0x000002fa7a768a50, 0x000002fa7a76b9a0, 0x000002fa7a770280, 0x000002fa7a770c20,
0x000002fa7a7840a0, 0x000002fa7a802d50, 0x000002fa7a9ae030, 0x000002fa164486d0,
0x000002fa1568df90, 0x000002fa1522efd0, 0x000002fa165ac160, 0x000002fa16311d50,
0x000002fa7f0e2930, 0x000002fa7f03a100, 0x000002fa7f05f860, 0x000002fa7f05fef0,
0x000002fa7f05de20, 0x000002fa7f060580, 0x000002fa7f060c10, 0x000002fa7f05d790,
0x000002fa7f05eb40, 0x000002fa17fce0b0, 0x000002fa17fcedd0, 0x000002fa17fcfaf0,
0x000002fa17fd0180, 0x000002fa17fcf460, 0x000002fa17fce740, 0x000002fa17fd3c90,
0x000002fa17fd2f70, 0x000002fa17fd0810, 0x000002fa17fd2250
}

Java Threads: ( => current thread )
  0x000002fa642ff970 JavaThread "main"                              [_thread_blocked, id=37676, stack(0x000000ff8f600000,0x000000ff8f700000) (1024K)]
  0x000002fa7a7634e0 JavaThread "Reference Handler"          daemon [_thread_blocked, id=39140, stack(0x000000ff8fe00000,0x000000ff8ff00000) (1024K)]
  0x000002fa7a765c60 JavaThread "Finalizer"                  daemon [_thread_blocked, id=39144, stack(0x000000ff8ff00000,0x000000ff90000000) (1024K)]
  0x000002fa7a7683e0 JavaThread "Signal Dispatcher"          daemon [_thread_blocked, id=39148, stack(0x000000ff90000000,0x000000ff90100000) (1024K)]
  0x000002fa7a768a50 JavaThread "Attach Listener"            daemon [_thread_blocked, id=39152, stack(0x000000ff90100000,0x000000ff90200000) (1024K)]
  0x000002fa7a76b9a0 JavaThread "Service Thread"             daemon [_thread_blocked, id=39300, stack(0x000000ff90200000,0x000000ff90300000) (1024K)]
  0x000002fa7a770280 JavaThread "Monitor Deflation Thread"   daemon [_thread_blocked, id=39304, stack(0x000000ff90300000,0x000000ff90400000) (1024K)]
=>0x000002fa7a770c20 JavaThread "C2 CompilerThread0"         daemon [_thread_in_native, id=39308, stack(0x000000ff90400000,0x000000ff90500000) (1024K)]
  0x000002fa7a7840a0 JavaThread "C1 CompilerThread0"         daemon [_thread_blocked, id=39652, stack(0x000000ff90500000,0x000000ff90600000) (1024K)]
  0x000002fa7a802d50 JavaThread "Common-Cleaner"             daemon [_thread_blocked, id=40288, stack(0x000000ff90600000,0x000000ff90700000) (1024K)]
  0x000002fa7a9ae030 JavaThread "Notification Thread"        daemon [_thread_blocked, id=41532, stack(0x000000ff90a00000,0x000000ff90b00000) (1024K)]
  0x000002fa164486d0 JavaThread "Daemon health stats"               [_thread_blocked, id=47144, stack(0x000000ff90700000,0x000000ff90800000) (1024K)]
  0x000002fa1568df90 JavaThread "Incoming local TCP Connector on port 53561"        [_thread_in_native, id=41440, stack(0x000000ff90900000,0x000000ff90a00000) (1024K)]
  0x000002fa1522efd0 JavaThread "Daemon periodic checks"            [_thread_blocked, id=54484, stack(0x000000ff91000000,0x000000ff91100000) (1024K)]
  0x000002fa165ac160 JavaThread "Daemon"                            [_thread_blocked, id=7956, stack(0x000000ff91200000,0x000000ff91300000) (1024K)]
  0x000002fa16311d50 JavaThread "Handler for socket connection from /127.0.0.1:53561 to /127.0.0.1:53731"        [_thread_in_native, id=3176, stack(0x000000ff91300000,0x000000ff91400000) (1024K)]
  0x000002fa7f0e2930 JavaThread "Cancel handler"                    [_thread_blocked, id=49748, stack(0x000000ff91400000,0x000000ff91500000) (1024K)]
  0x000002fa7f03a100 JavaThread "Daemon worker"                     [_thread_blocked, id=60328, stack(0x000000ff91600000,0x000000ff91700000) (1024K)]
  0x000002fa7f05f860 JavaThread "Asynchronous log dispatcher for DefaultDaemonConnection: socket connection from /127.0.0.1:53561 to /127.0.0.1:53731"        [_thread_blocked, id=51808, stack(0x000000ff91700000,0x000000ff91800000) (1024K)]
  0x000002fa7f05fef0 JavaThread "Stdin handler"                     [_thread_blocked, id=32432, stack(0x000000ff91800000,0x000000ff91900000) (1024K)]
  0x000002fa7f05de20 JavaThread "Daemon client event forwarder"        [_thread_blocked, id=36192, stack(0x000000ff91900000,0x000000ff91a00000) (1024K)]
  0x000002fa7f060580 JavaThread "Cache worker for journal cache (C:\Users\momos\.gradle\caches\journal-1)"        [_thread_blocked, id=56880, stack(0x000000ff91100000,0x000000ff91200000) (1024K)]
  0x000002fa7f060c10 JavaThread "File lock request listener"        [_thread_in_native, id=47836, stack(0x000000ff91a00000,0x000000ff91b00000) (1024K)]
  0x000002fa7f05d790 JavaThread "Cache worker for file hash cache (C:\Users\momos\.gradle\caches\9.6.1\fileHashes)"        [_thread_blocked, id=55864, stack(0x000000ff91b00000,0x000000ff91c00000) (1024K)]
  0x000002fa7f05eb40 JavaThread "File lock release action executor"        [_thread_blocked, id=49772, stack(0x000000ff91500000,0x000000ff91600000) (1024K)]
  0x000002fa17fce0b0 JavaThread "Cache worker for file hash cache (C:\Users\momos\Downloads\mouse\.gradle\9.6.1\fileHashes)"        [_thread_blocked, id=26184, stack(0x000000ff92300000,0x000000ff92400000) (1024K)]
  0x000002fa17fcedd0 JavaThread "Cache worker for Build Output Cleanup Cache (C:\Users\momos\Downloads\mouse\.gradle\buildOutputCleanup)"        [_thread_blocked, id=36332, stack(0x000000ff92400000,0x000000ff92500000) (1024K)]
  0x000002fa17fcfaf0 JavaThread "File watcher server"        daemon [_thread_in_native, id=45448, stack(0x000000ff92500000,0x000000ff92600000) (1024K)]
  0x000002fa17fd0180 JavaThread "File watcher consumer"      daemon [_thread_blocked, id=54020, stack(0x000000ff92600000,0x000000ff92700000) (1024K)]
  0x000002fa17fcf460 JavaThread "Cache worker for file content cache (C:\Users\momos\.gradle\caches\9.6.1\fileContent)"        [_thread_blocked, id=51844, stack(0x000000ff92700000,0x000000ff92800000) (1024K)]
  0x000002fa17fce740 JavaThread "Cache worker for checksums cache (C:\Users\momos\Downloads\mouse\.gradle\9.6.1\checksums)"        [_thread_blocked, id=33948, stack(0x000000ff92800000,0x000000ff92900000) (1024K)]
  0x000002fa17fd3c90 JavaThread "Cache worker for cache directory md-supplier (C:\Users\momos\.gradle\caches\9.6.1\md-supplier)"        [_thread_blocked, id=33896, stack(0x000000ff92a00000,0x000000ff92b00000) (1024K)]
  0x000002fa17fd2f70 JavaThread "Cache worker for cache directory md-rule (C:\Users\momos\.gradle\caches\9.6.1\md-rule)"        [_thread_blocked, id=39252, stack(0x000000ff92b00000,0x000000ff92c00000) (1024K)]
  0x000002fa17fd0810 JavaThread "jar transforms"                    [_thread_blocked, id=30600, stack(0x000000ff92c00000,0x000000ff92d00000) (1024K)]
  0x000002fa17fd2250 JavaThread "jar transforms Thread 2"           [_thread_blocked, id=55516, stack(0x000000ff92d00000,0x000000ff92e00000) (1024K)]
Total: 35

Other Threads:
  0x000002fa7a741700 VMThread "VM Thread"                           [id=38492, stack(0x000000ff8fd00000,0x000000ff8fe00000) (1024K)]
  0x000002fa7a733c00 WatcherThread "VM Periodic Task Thread"        [id=38484, stack(0x000000ff8fc00000,0x000000ff8fd00000) (1024K)]
  0x000002fa6432c240 WorkerThread "GC Thread#0"                     [id=38420, stack(0x000000ff8f700000,0x000000ff8f800000) (1024K)]
  0x000002fa15751a90 WorkerThread "GC Thread#1"                     [id=46372, stack(0x000000ff90b00000,0x000000ff90c00000) (1024K)]
  0x000002fa7f3e3e50 WorkerThread "GC Thread#2"                     [id=46376, stack(0x000000ff90c00000,0x000000ff90d00000) (1024K)]
  0x000002fa7f3e4200 WorkerThread "GC Thread#3"                     [id=46380, stack(0x000000ff90d00000,0x000000ff90e00000) (1024K)]
  0x000002fa7f3e45b0 WorkerThread "GC Thread#4"                     [id=46384, stack(0x000000ff90e00000,0x000000ff90f00000) (1024K)]
  0x000002fa7f3e4960 WorkerThread "GC Thread#5"                     [id=46388, stack(0x000000ff90f00000,0x000000ff91000000) (1024K)]
  0x000002fa17661b90 WorkerThread "GC Thread#6"                     [id=55448, stack(0x000000ff8f300000,0x000000ff8f400000) (1024K)]
  0x000002fa17664070 WorkerThread "GC Thread#7"                     [id=49392, stack(0x000000ff90800000,0x000000ff90900000) (1024K)]
  0x000002fa17663910 WorkerThread "GC Thread#8"                     [id=43092, stack(0x000000ff91c00000,0x000000ff91d00000) (1024K)]
  0x000002fa17663cc0 WorkerThread "GC Thread#9"                     [id=55704, stack(0x000000ff91d00000,0x000000ff91e00000) (1024K)]
  0x000002fa176622f0 WorkerThread "GC Thread#10"                    [id=32028, stack(0x000000ff91e00000,0x000000ff91f00000) (1024K)]
  0x000002fa17662a50 WorkerThread "GC Thread#11"                    [id=32972, stack(0x000000ff91f00000,0x000000ff92000000) (1024K)]
  0x000002fa17662e00 WorkerThread "GC Thread#12"                    [id=58988, stack(0x000000ff92000000,0x000000ff92100000) (1024K)]
  0x000002fa64333160 ConcurrentGCThread "G1 Main Marker"            [id=38424, stack(0x000000ff8f800000,0x000000ff8f900000) (1024K)]
  0x000002fa64333b80 WorkerThread "G1 Conc#0"                       [id=38428, stack(0x000000ff8f900000,0x000000ff8fa00000) (1024K)]
  0x000002fa17661430 WorkerThread "G1 Conc#1"                       [id=42632, stack(0x000000ff92100000,0x000000ff92200000) (1024K)]
  0x000002fa17663560 WorkerThread "G1 Conc#2"                       [id=40164, stack(0x000000ff92200000,0x000000ff92300000) (1024K)]
  0x000002fa7a607aa0 ConcurrentGCThread "G1 Refine#0"               [id=38432, stack(0x000000ff8fa00000,0x000000ff8fb00000) (1024K)]
  0x000002fa7a609ef0 ConcurrentGCThread "G1 Service"                [id=38436, stack(0x000000ff8fb00000,0x000000ff8fc00000) (1024K)]
Total: 21

Threads with active compile tasks:
C2 CompilerThread0  91758 4210   !   4       java.lang.ClassLoader::loadClass (121 bytes)
Total: 1

VM state: not at safepoint (normal execution)

VM Mutex/Monitor currently owned by a thread: None

Heap address: 0x00000000e0000000, size: 512 MB, Compressed Oops mode: 32-bit

CDS archive(s) mapped at: [0x000002fa00000000-0x000002fa00ba0000-0x000002fa00ba0000), size 12189696, SharedBaseAddress: 0x000002fa00000000, ArchiveRelocationMode: 1.
Compressed class space mapped at: 0x000002fa01000000-0x000002fa15000000, reserved size: 335544320
Narrow klass base: 0x000002fa00000000, Narrow klass shift: 0, Narrow klass range: 0x100000000

GC Precious Log:
 CardTable entry size: 512
 Card Set container configuration: InlinePtr #cards 5 size 8 Array Of Cards #cards 12 size 40 Howl #buckets 4 coarsen threshold 1843 Howl Bitmap #cards 512 size 80 coarsen threshold 460 Card regions per heap region 1 cards per card region 2048
 CPUs: 16 total, 16 available
 Memory: 32696M
 Large Page Support: Disabled
 NUMA Support: Disabled
 Compressed Oops: Enabled (32-bit)
 Heap Region Size: 1M
 Heap Min Capacity: 256M
 Heap Initial Capacity: 256M
 Heap Max Capacity: 512M
 Pre-touch: Disabled
 Parallel Workers: 13
 Concurrent Workers: 3
 Concurrent Refinement Workers: 13
 Periodic GC: Disabled

Heap:
 garbage-first heap   total 262144K, used 122812K [0x00000000e0000000, 0x0000000100000000)
  region size 1024K, 110 young (112640K), 12 survivors (12288K)
 Metaspace       used 33964K, committed 35392K, reserved 393216K
  class space    used 5062K, committed 5760K, reserved 327680K

Heap Regions: E=young(eden), S=young(survivor), O=old, HS=humongous(starts), HC=humongous(continues), CS=collection set, F=free, TAMS=top-at-mark-start, PB=parsable bottom
|   0|0x00000000e0000000, 0x00000000e0100000, 0x00000000e0100000|100%|HS|  |TAMS 0x00000000e0000000| PB 0x00000000e0000000| Complete 
|   1|0x00000000e0100000, 0x00000000e0200000, 0x00000000e0200000|100%|HC|  |TAMS 0x00000000e0100000| PB 0x00000000e0100000| Complete 
|   2|0x00000000e0200000, 0x00000000e0300000, 0x00000000e0300000|100%|HC|  |TAMS 0x00000000e0200000| PB 0x00000000e0200000| Complete 
|   3|0x00000000e0300000, 0x00000000e0400000, 0x00000000e0400000|100%|HC|  |TAMS 0x00000000e0300000| PB 0x00000000e0300000| Complete 
|   4|0x00000000e0400000, 0x00000000e0500000, 0x00000000e0500000|100%| O|  |TAMS 0x00000000e0400000| PB 0x00000000e0400000| Untracked 
|   5|0x00000000e0500000, 0x00000000e0600000, 0x00000000e0600000|100%| O|  |TAMS 0x00000000e0500000| PB 0x00000000e0500000| Untracked 
|   6|0x00000000e0600000, 0x00000000e0700000, 0x00000000e0700000|100%| O|  |TAMS 0x00000000e0600000| PB 0x00000000e0600000| Untracked 
|   7|0x00000000e0700000, 0x00000000e0800000, 0x00000000e0800000|100%| O|Cm|TAMS 0x00000000e0700000| PB 0x00000000e0700000| Complete 
|   8|0x00000000e0800000, 0x00000000e0900000, 0x00000000e0900000|100%| O|  |TAMS 0x00000000e0800000| PB 0x00000000e0800000| Untracked 
|   9|0x00000000e0900000, 0x00000000e0a00000, 0x00000000e0a00000|100%| O|  |TAMS 0x00000000e0900000| PB 0x00000000e0900000| Untracked 
|  10|0x00000000e0a00000, 0x00000000e0aef328, 0x00000000e0b00000| 93%| O|  |TAMS 0x00000000e0a00000| PB 0x00000000e0a00000| Untracked 
|  11|0x00000000e0b00000, 0x00000000e0c00000, 0x00000000e0c00000|100%|HS|  |TAMS 0x00000000e0b00000| PB 0x00000000e0b00000| Complete 
|  12|0x00000000e0c00000, 0x00000000e0c00000, 0x00000000e0d00000|  0%| F|  |TAMS 0x00000000e0c00000| PB 0x00000000e0c00000| Untracked 
|  13|0x00000000e0d00000, 0x00000000e0d00000, 0x00000000e0e00000|  0%| F|  |TAMS 0x00000000e0d00000| PB 0x00000000e0d00000| Untracked 
|  14|0x00000000e0e00000, 0x00000000e0e00000, 0x00000000e0f00000|  0%| F|  |TAMS 0x00000000e0e00000| PB 0x00000000e0e00000| Untracked 
|  15|0x00000000e0f00000, 0x00000000e0f00000, 0x00000000e1000000|  0%| F|  |TAMS 0x00000000e0f00000| PB 0x00000000e0f00000| Untracked 
|  16|0x00000000e1000000, 0x00000000e1000000, 0x00000000e1100000|  0%| F|  |TAMS 0x00000000e1000000| PB 0x00000000e1000000| Untracked 
|  17|0x00000000e1100000, 0x00000000e1100000, 0x00000000e1200000|  0%| F|  |TAMS 0x00000000e1100000| PB 0x00000000e1100000| Untracked 
|  18|0x00000000e1200000, 0x00000000e1200000, 0x00000000e1300000|  0%| F|  |TAMS 0x00000000e1200000| PB 0x00000000e1200000| Untracked 
|  19|0x00000000e1300000, 0x00000000e1300000, 0x00000000e1400000|  0%| F|  |TAMS 0x00000000e1300000| PB 0x00000000e1300000| Untracked 
|  20|0x00000000e1400000, 0x00000000e1400000, 0x00000000e1500000|  0%| F|  |TAMS 0x00000000e1400000| PB 0x00000000e1400000| Untracked 
|  21|0x00000000e1500000, 0x00000000e1500000, 0x00000000e1600000|  0%| F|  |TAMS 0x00000000e1500000| PB 0x00000000e1500000| Untracked 
|  22|0x00000000e1600000, 0x00000000e1600000, 0x00000000e1700000|  0%| F|  |TAMS 0x00000000e1600000| PB 0x00000000e1600000| Untracked 
|  23|0x00000000e1700000, 0x00000000e1700000, 0x00000000e1800000|  0%| F|  |TAMS 0x00000000e1700000| PB 0x00000000e1700000| Untracked 
|  24|0x00000000e1800000, 0x00000000e1800000, 0x00000000e1900000|  0%| F|  |TAMS 0x00000000e1800000| PB 0x00000000e1800000| Untracked 
|  25|0x00000000e1900000, 0x00000000e1900000, 0x00000000e1a00000|  0%| F|  |TAMS 0x00000000e1900000| PB 0x00000000e1900000| Untracked 
|  26|0x00000000e1a00000, 0x00000000e1a00000, 0x00000000e1b00000|  0%| F|  |TAMS 0x00000000e1a00000| PB 0x00000000e1a00000| Untracked 
|  27|0x00000000e1b00000, 0x00000000e1b00000, 0x00000000e1c00000|  0%| F|  |TAMS 0x00000000e1b00000| PB 0x00000000e1b00000| Untracked 
|  28|0x00000000e1c00000, 0x00000000e1c00000, 0x00000000e1d00000|  0%| F|  |TAMS 0x00000000e1c00000| PB 0x00000000e1c00000| Untracked 
|  29|0x00000000e1d00000, 0x00000000e1d00000, 0x00000000e1e00000|  0%| F|  |TAMS 0x00000000e1d00000| PB 0x00000000e1d00000| Untracked 
|  30|0x00000000e1e00000, 0x00000000e1e00000, 0x00000000e1f00000|  0%| F|  |TAMS 0x00000000e1e00000| PB 0x00000000e1e00000| Untracked 
|  31|0x00000000e1f00000, 0x00000000e1f00000, 0x00000000e2000000|  0%| F|  |TAMS 0x00000000e1f00000| PB 0x00000000e1f00000| Untracked 
|  32|0x00000000e2000000, 0x00000000e2000000, 0x00000000e2100000|  0%| F|  |TAMS 0x00000000e2000000| PB 0x00000000e2000000| Untracked 
|  33|0x00000000e2100000, 0x00000000e2100000, 0x00000000e2200000|  0%| F|  |TAMS 0x00000000e2100000| PB 0x00000000e2100000| Untracked 
|  34|0x00000000e2200000, 0x00000000e2200000, 0x00000000e2300000|  0%| F|  |TAMS 0x00000000e2200000| PB 0x00000000e2200000| Untracked 
|  35|0x00000000e2300000, 0x00000000e2300000, 0x00000000e2400000|  0%| F|  |TAMS 0x00000000e2300000| PB 0x00000000e2300000| Untracked 
|  36|0x00000000e2400000, 0x00000000e2400000, 0x00000000e2500000|  0%| F|  |TAMS 0x00000000e2400000| PB 0x00000000e2400000| Untracked 
|  37|0x00000000e2500000, 0x00000000e2500000, 0x00000000e2600000|  0%| F|  |TAMS 0x00000000e2500000| PB 0x00000000e2500000| Untracked 
|  38|0x00000000e2600000, 0x00000000e2600000, 0x00000000e2700000|  0%| F|  |TAMS 0x00000000e2600000| PB 0x00000000e2600000| Untracked 
|  39|0x00000000e2700000, 0x00000000e2700000, 0x00000000e2800000|  0%| F|  |TAMS 0x00000000e2700000| PB 0x00000000e2700000| Untracked 
|  40|0x00000000e2800000, 0x00000000e2800000, 0x00000000e2900000|  0%| F|  |TAMS 0x00000000e2800000| PB 0x00000000e2800000| Untracked 
|  41|0x00000000e2900000, 0x00000000e2900000, 0x00000000e2a00000|  0%| F|  |TAMS 0x00000000e2900000| PB 0x00000000e2900000| Untracked 
|  42|0x00000000e2a00000, 0x00000000e2a00000, 0x00000000e2b00000|  0%| F|  |TAMS 0x00000000e2a00000| PB 0x00000000e2a00000| Untracked 
|  43|0x00000000e2b00000, 0x00000000e2b00000, 0x00000000e2c00000|  0%| F|  |TAMS 0x00000000e2b00000| PB 0x00000000e2b00000| Untracked 
|  44|0x00000000e2c00000, 0x00000000e2c00000, 0x00000000e2d00000|  0%| F|  |TAMS 0x00000000e2c00000| PB 0x00000000e2c00000| Untracked 
|  45|0x00000000e2d00000, 0x00000000e2d00000, 0x00000000e2e00000|  0%| F|  |TAMS 0x00000000e2d00000| PB 0x00000000e2d00000| Untracked 
|  46|0x00000000e2e00000, 0x00000000e2e00000, 0x00000000e2f00000|  0%| F|  |TAMS 0x00000000e2e00000| PB 0x00000000e2e00000| Untracked 
|  47|0x00000000e2f00000, 0x00000000e2f00000, 0x00000000e3000000|  0%| F|  |TAMS 0x00000000e2f00000| PB 0x00000000e2f00000| Untracked 
|  48|0x00000000e3000000, 0x00000000e3000000, 0x00000000e3100000|  0%| F|  |TAMS 0x00000000e3000000| PB 0x00000000e3000000| Untracked 
|  49|0x00000000e3100000, 0x00000000e3100000, 0x00000000e3200000|  0%| F|  |TAMS 0x00000000e3100000| PB 0x00000000e3100000| Untracked 
|  50|0x00000000e3200000, 0x00000000e3200000, 0x00000000e3300000|  0%| F|  |TAMS 0x00000000e3200000| PB 0x00000000e3200000| Untracked 
|  51|0x00000000e3300000, 0x00000000e3300000, 0x00000000e3400000|  0%| F|  |TAMS 0x00000000e3300000| PB 0x00000000e3300000| Untracked 
|  52|0x00000000e3400000, 0x00000000e3400000, 0x00000000e3500000|  0%| F|  |TAMS 0x00000000e3400000| PB 0x00000000e3400000| Untracked 
|  53|0x00000000e3500000, 0x00000000e3500000, 0x00000000e3600000|  0%| F|  |TAMS 0x00000000e3500000| PB 0x00000000e3500000| Untracked 
|  54|0x00000000e3600000, 0x00000000e3600000, 0x00000000e3700000|  0%| F|  |TAMS 0x00000000e3600000| PB 0x00000000e3600000| Untracked 
|  55|0x00000000e3700000, 0x00000000e3700000, 0x00000000e3800000|  0%| F|  |TAMS 0x00000000e3700000| PB 0x00000000e3700000| Untracked 
|  56|0x00000000e3800000, 0x00000000e3800000, 0x00000000e3900000|  0%| F|  |TAMS 0x00000000e3800000| PB 0x00000000e3800000| Untracked 
|  57|0x00000000e3900000, 0x00000000e3900000, 0x00000000e3a00000|  0%| F|  |TAMS 0x00000000e3900000| PB 0x00000000e3900000| Untracked 
|  58|0x00000000e3a00000, 0x00000000e3a00000, 0x00000000e3b00000|  0%| F|  |TAMS 0x00000000e3a00000| PB 0x00000000e3a00000| Untracked 
|  59|0x00000000e3b00000, 0x00000000e3b00000, 0x00000000e3c00000|  0%| F|  |TAMS 0x00000000e3b00000| PB 0x00000000e3b00000| Untracked 
|  60|0x00000000e3c00000, 0x00000000e3c00000, 0x00000000e3d00000|  0%| F|  |TAMS 0x00000000e3c00000| PB 0x00000000e3c00000| Untracked 
|  61|0x00000000e3d00000, 0x00000000e3d00000, 0x00000000e3e00000|  0%| F|  |TAMS 0x00000000e3d00000| PB 0x00000000e3d00000| Untracked 
|  62|0x00000000e3e00000, 0x00000000e3e00000, 0x00000000e3f00000|  0%| F|  |TAMS 0x00000000e3e00000| PB 0x00000000e3e00000| Untracked 
|  63|0x00000000e3f00000, 0x00000000e3f00000, 0x00000000e4000000|  0%| F|  |TAMS 0x00000000e3f00000| PB 0x00000000e3f00000| Untracked 
|  64|0x00000000e4000000, 0x00000000e4000000, 0x00000000e4100000|  0%| F|  |TAMS 0x00000000e4000000| PB 0x00000000e4000000| Untracked 
|  65|0x00000000e4100000, 0x00000000e4100000, 0x00000000e4200000|  0%| F|  |TAMS 0x00000000e4100000| PB 0x00000000e4100000| Untracked 
|  66|0x00000000e4200000, 0x00000000e4200000, 0x00000000e4300000|  0%| F|  |TAMS 0x00000000e4200000| PB 0x00000000e4200000| Untracked 
|  67|0x00000000e4300000, 0x00000000e4300000, 0x00000000e4400000|  0%| F|  |TAMS 0x00000000e4300000| PB 0x00000000e4300000| Untracked 
|  68|0x00000000e4400000, 0x00000000e4400000, 0x00000000e4500000|  0%| F|  |TAMS 0x00000000e4400000| PB 0x00000000e4400000| Untracked 
|  69|0x00000000e4500000, 0x00000000e4500000, 0x00000000e4600000|  0%| F|  |TAMS 0x00000000e4500000| PB 0x00000000e4500000| Untracked 
|  70|0x00000000e4600000, 0x00000000e4600000, 0x00000000e4700000|  0%| F|  |TAMS 0x00000000e4600000| PB 0x00000000e4600000| Untracked 
|  71|0x00000000e4700000, 0x00000000e4700000, 0x00000000e4800000|  0%| F|  |TAMS 0x00000000e4700000| PB 0x00000000e4700000| Untracked 
|  72|0x00000000e4800000, 0x00000000e4800000, 0x00000000e4900000|  0%| F|  |TAMS 0x00000000e4800000| PB 0x00000000e4800000| Untracked 
|  73|0x00000000e4900000, 0x00000000e4900000, 0x00000000e4a00000|  0%| F|  |TAMS 0x00000000e4900000| PB 0x00000000e4900000| Untracked 
|  74|0x00000000e4a00000, 0x00000000e4a00000, 0x00000000e4b00000|  0%| F|  |TAMS 0x00000000e4a00000| PB 0x00000000e4a00000| Untracked 
|  75|0x00000000e4b00000, 0x00000000e4b00000, 0x00000000e4c00000|  0%| F|  |TAMS 0x00000000e4b00000| PB 0x00000000e4b00000| Untracked 
|  76|0x00000000e4c00000, 0x00000000e4c00000, 0x00000000e4d00000|  0%| F|  |TAMS 0x00000000e4c00000| PB 0x00000000e4c00000| Untracked 
|  77|0x00000000e4d00000, 0x00000000e4d00000, 0x00000000e4e00000|  0%| F|  |TAMS 0x00000000e4d00000| PB 0x00000000e4d00000| Untracked 
|  78|0x00000000e4e00000, 0x00000000e4e00000, 0x00000000e4f00000|  0%| F|  |TAMS 0x00000000e4e00000| PB 0x00000000e4e00000| Untracked 
|  79|0x00000000e4f00000, 0x00000000e4f00000, 0x00000000e5000000|  0%| F|  |TAMS 0x00000000e4f00000| PB 0x00000000e4f00000| Untracked 
|  80|0x00000000e5000000, 0x00000000e5000000, 0x00000000e5100000|  0%| F|  |TAMS 0x00000000e5000000| PB 0x00000000e5000000| Untracked 
|  81|0x00000000e5100000, 0x00000000e5100000, 0x00000000e5200000|  0%| F|  |TAMS 0x00000000e5100000| PB 0x00000000e5100000| Untracked 
|  82|0x00000000e5200000, 0x00000000e5200000, 0x00000000e5300000|  0%| F|  |TAMS 0x00000000e5200000| PB 0x00000000e5200000| Untracked 
|  83|0x00000000e5300000, 0x00000000e5300000, 0x00000000e5400000|  0%| F|  |TAMS 0x00000000e5300000| PB 0x00000000e5300000| Untracked 
|  84|0x00000000e5400000, 0x00000000e5400000, 0x00000000e5500000|  0%| F|  |TAMS 0x00000000e5400000| PB 0x00000000e5400000| Untracked 
|  85|0x00000000e5500000, 0x00000000e5500000, 0x00000000e5600000|  0%| F|  |TAMS 0x00000000e5500000| PB 0x00000000e5500000| Untracked 
|  86|0x00000000e5600000, 0x00000000e5600000, 0x00000000e5700000|  0%| F|  |TAMS 0x00000000e5600000| PB 0x00000000e5600000| Untracked 
|  87|0x00000000e5700000, 0x00000000e5700000, 0x00000000e5800000|  0%| F|  |TAMS 0x00000000e5700000| PB 0x00000000e5700000| Untracked 
|  88|0x00000000e5800000, 0x00000000e5800000, 0x00000000e5900000|  0%| F|  |TAMS 0x00000000e5800000| PB 0x00000000e5800000| Untracked 
|  89|0x00000000e5900000, 0x00000000e5900000, 0x00000000e5a00000|  0%| F|  |TAMS 0x00000000e5900000| PB 0x00000000e5900000| Untracked 
|  90|0x00000000e5a00000, 0x00000000e5a00000, 0x00000000e5b00000|  0%| F|  |TAMS 0x00000000e5a00000| PB 0x00000000e5a00000| Untracked 
|  91|0x00000000e5b00000, 0x00000000e5b00000, 0x00000000e5c00000|  0%| F|  |TAMS 0x00000000e5b00000| PB 0x00000000e5b00000| Untracked 
|  92|0x00000000e5c00000, 0x00000000e5c00000, 0x00000000e5d00000|  0%| F|  |TAMS 0x00000000e5c00000| PB 0x00000000e5c00000| Untracked 
|  93|0x00000000e5d00000, 0x00000000e5d00000, 0x00000000e5e00000|  0%| F|  |TAMS 0x00000000e5d00000| PB 0x00000000e5d00000| Untracked 
|  94|0x00000000e5e00000, 0x00000000e5e00000, 0x00000000e5f00000|  0%| F|  |TAMS 0x00000000e5e00000| PB 0x00000000e5e00000| Untracked 
|  95|0x00000000e5f00000, 0x00000000e5f00000, 0x00000000e6000000|  0%| F|  |TAMS 0x00000000e5f00000| PB 0x00000000e5f00000| Untracked 
|  96|0x00000000e6000000, 0x00000000e6000000, 0x00000000e6100000|  0%| F|  |TAMS 0x00000000e6000000| PB 0x00000000e6000000| Untracked 
|  97|0x00000000e6100000, 0x00000000e6100000, 0x00000000e6200000|  0%| F|  |TAMS 0x00000000e6100000| PB 0x00000000e6100000| Untracked 
|  98|0x00000000e6200000, 0x00000000e6200000, 0x00000000e6300000|  0%| F|  |TAMS 0x00000000e6200000| PB 0x00000000e6200000| Untracked 
|  99|0x00000000e6300000, 0x00000000e6300000, 0x00000000e6400000|  0%| F|  |TAMS 0x00000000e6300000| PB 0x00000000e6300000| Untracked 
| 100|0x00000000e6400000, 0x00000000e6400000, 0x00000000e6500000|  0%| F|  |TAMS 0x00000000e6400000| PB 0x00000000e6400000| Untracked 
| 101|0x00000000e6500000, 0x00000000e6500000, 0x00000000e6600000|  0%| F|  |TAMS 0x00000000e6500000| PB 0x00000000e6500000| Untracked 
| 102|0x00000000e6600000, 0x00000000e6600000, 0x00000000e6700000|  0%| F|  |TAMS 0x00000000e6600000| PB 0x00000000e6600000| Untracked 
| 103|0x00000000e6700000, 0x00000000e6700000, 0x00000000e6800000|  0%| F|  |TAMS 0x00000000e6700000| PB 0x00000000e6700000| Untracked 
| 104|0x00000000e6800000, 0x00000000e6800000, 0x00000000e6900000|  0%| F|  |TAMS 0x00000000e6800000| PB 0x00000000e6800000| Untracked 
| 105|0x00000000e6900000, 0x00000000e6900000, 0x00000000e6a00000|  0%| F|  |TAMS 0x00000000e6900000| PB 0x00000000e6900000| Untracked 
| 106|0x00000000e6a00000, 0x00000000e6a00000, 0x00000000e6b00000|  0%| F|  |TAMS 0x00000000e6a00000| PB 0x00000000e6a00000| Untracked 
| 107|0x00000000e6b00000, 0x00000000e6b00000, 0x00000000e6c00000|  0%| F|  |TAMS 0x00000000e6b00000| PB 0x00000000e6b00000| Untracked 
| 108|0x00000000e6c00000, 0x00000000e6c00000, 0x00000000e6d00000|  0%| F|  |TAMS 0x00000000e6c00000| PB 0x00000000e6c00000| Untracked 
| 109|0x00000000e6d00000, 0x00000000e6d00000, 0x00000000e6e00000|  0%| F|  |TAMS 0x00000000e6d00000| PB 0x00000000e6d00000| Untracked 
| 110|0x00000000e6e00000, 0x00000000e6e00000, 0x00000000e6f00000|  0%| F|  |TAMS 0x00000000e6e00000| PB 0x00000000e6e00000| Untracked 
| 111|0x00000000e6f00000, 0x00000000e6f00000, 0x00000000e7000000|  0%| F|  |TAMS 0x00000000e6f00000| PB 0x00000000e6f00000| Untracked 
| 112|0x00000000e7000000, 0x00000000e7000000, 0x00000000e7100000|  0%| F|  |TAMS 0x00000000e7000000| PB 0x00000000e7000000| Untracked 
| 113|0x00000000e7100000, 0x00000000e7100000, 0x00000000e7200000|  0%| F|  |TAMS 0x00000000e7100000| PB 0x00000000e7100000| Untracked 
| 114|0x00000000e7200000, 0x00000000e7200000, 0x00000000e7300000|  0%| F|  |TAMS 0x00000000e7200000| PB 0x00000000e7200000| Untracked 
| 115|0x00000000e7300000, 0x00000000e7300000, 0x00000000e7400000|  0%| F|  |TAMS 0x00000000e7300000| PB 0x00000000e7300000| Untracked 
| 116|0x00000000e7400000, 0x00000000e7400000, 0x00000000e7500000|  0%| F|  |TAMS 0x00000000e7400000| PB 0x00000000e7400000| Untracked 
| 117|0x00000000e7500000, 0x00000000e7500000, 0x00000000e7600000|  0%| F|  |TAMS 0x00000000e7500000| PB 0x00000000e7500000| Untracked 
| 118|0x00000000e7600000, 0x00000000e7600000, 0x00000000e7700000|  0%| F|  |TAMS 0x00000000e7600000| PB 0x00000000e7600000| Untracked 
| 119|0x00000000e7700000, 0x00000000e7700000, 0x00000000e7800000|  0%| F|  |TAMS 0x00000000e7700000| PB 0x00000000e7700000| Untracked 
| 120|0x00000000e7800000, 0x00000000e7800000, 0x00000000e7900000|  0%| F|  |TAMS 0x00000000e7800000| PB 0x00000000e7800000| Untracked 
| 121|0x00000000e7900000, 0x00000000e7900000, 0x00000000e7a00000|  0%| F|  |TAMS 0x00000000e7900000| PB 0x00000000e7900000| Untracked 
| 122|0x00000000e7a00000, 0x00000000e7a00000, 0x00000000e7b00000|  0%| F|  |TAMS 0x00000000e7a00000| PB 0x00000000e7a00000| Untracked 
| 123|0x00000000e7b00000, 0x00000000e7b00000, 0x00000000e7c00000|  0%| F|  |TAMS 0x00000000e7b00000| PB 0x00000000e7b00000| Untracked 
| 124|0x00000000e7c00000, 0x00000000e7c00000, 0x00000000e7d00000|  0%| F|  |TAMS 0x00000000e7c00000| PB 0x00000000e7c00000| Untracked 
| 125|0x00000000e7d00000, 0x00000000e7d00000, 0x00000000e7e00000|  0%| F|  |TAMS 0x00000000e7d00000| PB 0x00000000e7d00000| Untracked 
| 126|0x00000000e7e00000, 0x00000000e7f00000, 0x00000000e7f00000|100%| S|CS|TAMS 0x00000000e7e00000| PB 0x00000000e7e00000| Complete 
| 127|0x00000000e7f00000, 0x00000000e8000000, 0x00000000e8000000|100%| S|CS|TAMS 0x00000000e7f00000| PB 0x00000000e7f00000| Complete 
| 128|0x00000000e8000000, 0x00000000e8100000, 0x00000000e8100000|100%| S|CS|TAMS 0x00000000e8000000| PB 0x00000000e8000000| Complete 
| 129|0x00000000e8100000, 0x00000000e8200000, 0x00000000e8200000|100%| S|CS|TAMS 0x00000000e8100000| PB 0x00000000e8100000| Complete 
| 130|0x00000000e8200000, 0x00000000e8300000, 0x00000000e8300000|100%| S|CS|TAMS 0x00000000e8200000| PB 0x00000000e8200000| Complete 
| 131|0x00000000e8300000, 0x00000000e8400000, 0x00000000e8400000|100%| S|CS|TAMS 0x00000000e8300000| PB 0x00000000e8300000| Complete 
| 132|0x00000000e8400000, 0x00000000e8500000, 0x00000000e8500000|100%| S|CS|TAMS 0x00000000e8400000| PB 0x00000000e8400000| Complete 
| 133|0x00000000e8500000, 0x00000000e8600000, 0x00000000e8600000|100%| S|CS|TAMS 0x00000000e8500000| PB 0x00000000e8500000| Complete 
| 134|0x00000000e8600000, 0x00000000e8700000, 0x00000000e8700000|100%| S|CS|TAMS 0x00000000e8600000| PB 0x00000000e8600000| Complete 
| 135|0x00000000e8700000, 0x00000000e8800000, 0x00000000e8800000|100%| S|CS|TAMS 0x00000000e8700000| PB 0x00000000e8700000| Complete 
| 136|0x00000000e8800000, 0x00000000e8900000, 0x00000000e8900000|100%| S|CS|TAMS 0x00000000e8800000| PB 0x00000000e8800000| Complete 
| 137|0x00000000e8900000, 0x00000000e8a00000, 0x00000000e8a00000|100%| S|CS|TAMS 0x00000000e8900000| PB 0x00000000e8900000| Complete 
| 138|0x00000000e8a00000, 0x00000000e8a00000, 0x00000000e8b00000|  0%| F|  |TAMS 0x00000000e8a00000| PB 0x00000000e8a00000| Untracked 
| 139|0x00000000e8b00000, 0x00000000e8b00000, 0x00000000e8c00000|  0%| F|  |TAMS 0x00000000e8b00000| PB 0x00000000e8b00000| Untracked 
| 140|0x00000000e8c00000, 0x00000000e8c00000, 0x00000000e8d00000|  0%| F|  |TAMS 0x00000000e8c00000| PB 0x00000000e8c00000| Untracked 
| 141|0x00000000e8d00000, 0x00000000e8d00000, 0x00000000e8e00000|  0%| F|  |TAMS 0x00000000e8d00000| PB 0x00000000e8d00000| Untracked 
| 142|0x00000000e8e00000, 0x00000000e8e00000, 0x00000000e8f00000|  0%| F|  |TAMS 0x00000000e8e00000| PB 0x00000000e8e00000| Untracked 
| 143|0x00000000e8f00000, 0x00000000e8f00000, 0x00000000e9000000|  0%| F|  |TAMS 0x00000000e8f00000| PB 0x00000000e8f00000| Untracked 
| 144|0x00000000e9000000, 0x00000000e9000000, 0x00000000e9100000|  0%| F|  |TAMS 0x00000000e9000000| PB 0x00000000e9000000| Untracked 
| 145|0x00000000e9100000, 0x00000000e9100000, 0x00000000e9200000|  0%| F|  |TAMS 0x00000000e9100000| PB 0x00000000e9100000| Untracked 
| 146|0x00000000e9200000, 0x00000000e9200000, 0x00000000e9300000|  0%| F|  |TAMS 0x00000000e9200000| PB 0x00000000e9200000| Untracked 
| 147|0x00000000e9300000, 0x00000000e9300000, 0x00000000e9400000|  0%| F|  |TAMS 0x00000000e9300000| PB 0x00000000e9300000| Untracked 
| 148|0x00000000e9400000, 0x00000000e9400000, 0x00000000e9500000|  0%| F|  |TAMS 0x00000000e9400000| PB 0x00000000e9400000| Untracked 
| 149|0x00000000e9500000, 0x00000000e9500000, 0x00000000e9600000|  0%| F|  |TAMS 0x00000000e9500000| PB 0x00000000e9500000| Untracked 
| 150|0x00000000e9600000, 0x00000000e9600000, 0x00000000e9700000|  0%| F|  |TAMS 0x00000000e9600000| PB 0x00000000e9600000| Untracked 
| 151|0x00000000e9700000, 0x00000000e9700000, 0x00000000e9800000|  0%| F|  |TAMS 0x00000000e9700000| PB 0x00000000e9700000| Untracked 
| 152|0x00000000e9800000, 0x00000000e9800000, 0x00000000e9900000|  0%| F|  |TAMS 0x00000000e9800000| PB 0x00000000e9800000| Untracked 
| 153|0x00000000e9900000, 0x00000000e9900000, 0x00000000e9a00000|  0%| F|  |TAMS 0x00000000e9900000| PB 0x00000000e9900000| Untracked 
| 154|0x00000000e9a00000, 0x00000000e9a00000, 0x00000000e9b00000|  0%| F|  |TAMS 0x00000000e9a00000| PB 0x00000000e9a00000| Untracked 
| 155|0x00000000e9b00000, 0x00000000e9b00000, 0x00000000e9c00000|  0%| F|  |TAMS 0x00000000e9b00000| PB 0x00000000e9b00000| Untracked 
| 156|0x00000000e9c00000, 0x00000000e9c00000, 0x00000000e9d00000|  0%| F|  |TAMS 0x00000000e9c00000| PB 0x00000000e9c00000| Untracked 
| 157|0x00000000e9d00000, 0x00000000e9d00000, 0x00000000e9e00000|  0%| F|  |TAMS 0x00000000e9d00000| PB 0x00000000e9d00000| Untracked 
| 158|0x00000000e9e00000, 0x00000000e9e40538, 0x00000000e9f00000| 25%| E|  |TAMS 0x00000000e9e00000| PB 0x00000000e9e00000| Complete 
| 159|0x00000000e9f00000, 0x00000000ea000000, 0x00000000ea000000|100%| E|CS|TAMS 0x00000000e9f00000| PB 0x00000000e9f00000| Complete 
| 160|0x00000000ea000000, 0x00000000ea100000, 0x00000000ea100000|100%| E|CS|TAMS 0x00000000ea000000| PB 0x00000000ea000000| Complete 
| 161|0x00000000ea100000, 0x00000000ea200000, 0x00000000ea200000|100%| E|CS|TAMS 0x00000000ea100000| PB 0x00000000ea100000| Complete 
| 162|0x00000000ea200000, 0x00000000ea300000, 0x00000000ea300000|100%| E|CS|TAMS 0x00000000ea200000| PB 0x00000000ea200000| Complete 
| 163|0x00000000ea300000, 0x00000000ea400000, 0x00000000ea400000|100%| E|CS|TAMS 0x00000000ea300000| PB 0x00000000ea300000| Complete 
| 164|0x00000000ea400000, 0x00000000ea500000, 0x00000000ea500000|100%| E|  |TAMS 0x00000000ea400000| PB 0x00000000ea400000| Complete 
| 165|0x00000000ea500000, 0x00000000ea600000, 0x00000000ea600000|100%| E|CS|TAMS 0x00000000ea500000| PB 0x00000000ea500000| Complete 
| 166|0x00000000ea600000, 0x00000000ea700000, 0x00000000ea700000|100%| E|CS|TAMS 0x00000000ea600000| PB 0x00000000ea600000| Complete 
| 167|0x00000000ea700000, 0x00000000ea800000, 0x00000000ea800000|100%| E|CS|TAMS 0x00000000ea700000| PB 0x00000000ea700000| Complete 
| 168|0x00000000ea800000, 0x00000000ea900000, 0x00000000ea900000|100%| E|CS|TAMS 0x00000000ea800000| PB 0x00000000ea800000| Complete 
| 169|0x00000000ea900000, 0x00000000eaa00000, 0x00000000eaa00000|100%| E|CS|TAMS 0x00000000ea900000| PB 0x00000000ea900000| Complete 
| 170|0x00000000eaa00000, 0x00000000eab00000, 0x00000000eab00000|100%| E|CS|TAMS 0x00000000eaa00000| PB 0x00000000eaa00000| Complete 
| 171|0x00000000eab00000, 0x00000000eac00000, 0x00000000eac00000|100%| E|CS|TAMS 0x00000000eab00000| PB 0x00000000eab00000| Complete 
| 172|0x00000000eac00000, 0x00000000ead00000, 0x00000000ead00000|100%| E|CS|TAMS 0x00000000eac00000| PB 0x00000000eac00000| Complete 
| 173|0x00000000ead00000, 0x00000000eae00000, 0x00000000eae00000|100%| E|CS|TAMS 0x00000000ead00000| PB 0x00000000ead00000| Complete 
| 174|0x00000000eae00000, 0x00000000eaf00000, 0x00000000eaf00000|100%| E|CS|TAMS 0x00000000eae00000| PB 0x00000000eae00000| Complete 
| 175|0x00000000eaf00000, 0x00000000eb000000, 0x00000000eb000000|100%| E|CS|TAMS 0x00000000eaf00000| PB 0x00000000eaf00000| Complete 
| 176|0x00000000eb000000, 0x00000000eb100000, 0x00000000eb100000|100%| E|CS|TAMS 0x00000000eb000000| PB 0x00000000eb000000| Complete 
| 177|0x00000000eb100000, 0x00000000eb200000, 0x00000000eb200000|100%| E|CS|TAMS 0x00000000eb100000| PB 0x00000000eb100000| Complete 
| 178|0x00000000eb200000, 0x00000000eb300000, 0x00000000eb300000|100%| E|CS|TAMS 0x00000000eb200000| PB 0x00000000eb200000| Complete 
| 179|0x00000000eb300000, 0x00000000eb400000, 0x00000000eb400000|100%| E|CS|TAMS 0x00000000eb300000| PB 0x00000000eb300000| Complete 
| 180|0x00000000eb400000, 0x00000000eb500000, 0x00000000eb500000|100%| E|CS|TAMS 0x00000000eb400000| PB 0x00000000eb400000| Complete 
| 181|0x00000000eb500000, 0x00000000eb600000, 0x00000000eb600000|100%| E|CS|TAMS 0x00000000eb500000| PB 0x00000000eb500000| Complete 
| 182|0x00000000eb600000, 0x00000000eb700000, 0x00000000eb700000|100%| E|CS|TAMS 0x00000000eb600000| PB 0x00000000eb600000| Complete 
| 183|0x00000000eb700000, 0x00000000eb800000, 0x00000000eb800000|100%| E|CS|TAMS 0x00000000eb700000| PB 0x00000000eb700000| Complete 
| 184|0x00000000eb800000, 0x00000000eb900000, 0x00000000eb900000|100%| E|CS|TAMS 0x00000000eb800000| PB 0x00000000eb800000| Complete 
| 185|0x00000000eb900000, 0x00000000eba00000, 0x00000000eba00000|100%| E|CS|TAMS 0x00000000eb900000| PB 0x00000000eb900000| Complete 
| 186|0x00000000eba00000, 0x00000000ebb00000, 0x00000000ebb00000|100%| E|CS|TAMS 0x00000000eba00000| PB 0x00000000eba00000| Complete 
| 187|0x00000000ebb00000, 0x00000000ebc00000, 0x00000000ebc00000|100%| E|CS|TAMS 0x00000000ebb00000| PB 0x00000000ebb00000| Complete 
| 188|0x00000000ebc00000, 0x00000000ebd00000, 0x00000000ebd00000|100%| E|CS|TAMS 0x00000000ebc00000| PB 0x00000000ebc00000| Complete 
| 189|0x00000000ebd00000, 0x00000000ebe00000, 0x00000000ebe00000|100%| E|CS|TAMS 0x00000000ebd00000| PB 0x00000000ebd00000| Complete 
| 190|0x00000000ebe00000, 0x00000000ebf00000, 0x00000000ebf00000|100%| E|CS|TAMS 0x00000000ebe00000| PB 0x00000000ebe00000| Complete 
| 191|0x00000000ebf00000, 0x00000000ec000000, 0x00000000ec000000|100%| E|CS|TAMS 0x00000000ebf00000| PB 0x00000000ebf00000| Complete 
| 192|0x00000000ec000000, 0x00000000ec100000, 0x00000000ec100000|100%| E|CS|TAMS 0x00000000ec000000| PB 0x00000000ec000000| Complete 
| 193|0x00000000ec100000, 0x00000000ec200000, 0x00000000ec200000|100%| E|CS|TAMS 0x00000000ec100000| PB 0x00000000ec100000| Complete 
| 194|0x00000000ec200000, 0x00000000ec300000, 0x00000000ec300000|100%| E|CS|TAMS 0x00000000ec200000| PB 0x00000000ec200000| Complete 
| 195|0x00000000ec300000, 0x00000000ec400000, 0x00000000ec400000|100%| E|CS|TAMS 0x00000000ec300000| PB 0x00000000ec300000| Complete 
| 196|0x00000000ec400000, 0x00000000ec500000, 0x00000000ec500000|100%| E|CS|TAMS 0x00000000ec400000| PB 0x00000000ec400000| Complete 
| 197|0x00000000ec500000, 0x00000000ec600000, 0x00000000ec600000|100%| E|CS|TAMS 0x00000000ec500000| PB 0x00000000ec500000| Complete 
| 198|0x00000000ec600000, 0x00000000ec700000, 0x00000000ec700000|100%| E|CS|TAMS 0x00000000ec600000| PB 0x00000000ec600000| Complete 
| 199|0x00000000ec700000, 0x00000000ec800000, 0x00000000ec800000|100%| E|CS|TAMS 0x00000000ec700000| PB 0x00000000ec700000| Complete 
| 200|0x00000000ec800000, 0x00000000ec900000, 0x00000000ec900000|100%| E|CS|TAMS 0x00000000ec800000| PB 0x00000000ec800000| Complete 
| 201|0x00000000ec900000, 0x00000000eca00000, 0x00000000eca00000|100%| E|CS|TAMS 0x00000000ec900000| PB 0x00000000ec900000| Complete 
| 202|0x00000000eca00000, 0x00000000ecb00000, 0x00000000ecb00000|100%| E|CS|TAMS 0x00000000eca00000| PB 0x00000000eca00000| Complete 
| 203|0x00000000ecb00000, 0x00000000ecc00000, 0x00000000ecc00000|100%| E|CS|TAMS 0x00000000ecb00000| PB 0x00000000ecb00000| Complete 
| 204|0x00000000ecc00000, 0x00000000ecd00000, 0x00000000ecd00000|100%| E|CS|TAMS 0x00000000ecc00000| PB 0x00000000ecc00000| Complete 
| 205|0x00000000ecd00000, 0x00000000ece00000, 0x00000000ece00000|100%| E|CS|TAMS 0x00000000ecd00000| PB 0x00000000ecd00000| Complete 
| 206|0x00000000ece00000, 0x00000000ecf00000, 0x00000000ecf00000|100%| E|CS|TAMS 0x00000000ece00000| PB 0x00000000ece00000| Complete 
| 207|0x00000000ecf00000, 0x00000000ed000000, 0x00000000ed000000|100%| E|CS|TAMS 0x00000000ecf00000| PB 0x00000000ecf00000| Complete 
| 208|0x00000000ed000000, 0x00000000ed100000, 0x00000000ed100000|100%| E|CS|TAMS 0x00000000ed000000| PB 0x00000000ed000000| Complete 
| 209|0x00000000ed100000, 0x00000000ed200000, 0x00000000ed200000|100%| E|CS|TAMS 0x00000000ed100000| PB 0x00000000ed100000| Complete 
| 210|0x00000000ed200000, 0x00000000ed300000, 0x00000000ed300000|100%| E|CS|TAMS 0x00000000ed200000| PB 0x00000000ed200000| Complete 
| 211|0x00000000ed300000, 0x00000000ed400000, 0x00000000ed400000|100%| E|CS|TAMS 0x00000000ed300000| PB 0x00000000ed300000| Complete 
| 212|0x00000000ed400000, 0x00000000ed500000, 0x00000000ed500000|100%| E|CS|TAMS 0x00000000ed400000| PB 0x00000000ed400000| Complete 
| 213|0x00000000ed500000, 0x00000000ed600000, 0x00000000ed600000|100%| E|CS|TAMS 0x00000000ed500000| PB 0x00000000ed500000| Complete 
| 214|0x00000000ed600000, 0x00000000ed700000, 0x00000000ed700000|100%| E|CS|TAMS 0x00000000ed600000| PB 0x00000000ed600000| Complete 
| 215|0x00000000ed700000, 0x00000000ed800000, 0x00000000ed800000|100%| E|CS|TAMS 0x00000000ed700000| PB 0x00000000ed700000| Complete 
| 216|0x00000000ed800000, 0x00000000ed900000, 0x00000000ed900000|100%| E|CS|TAMS 0x00000000ed800000| PB 0x00000000ed800000| Complete 
| 217|0x00000000ed900000, 0x00000000eda00000, 0x00000000eda00000|100%| E|CS|TAMS 0x00000000ed900000| PB 0x00000000ed900000| Complete 
| 218|0x00000000eda00000, 0x00000000edb00000, 0x00000000edb00000|100%| E|CS|TAMS 0x00000000eda00000| PB 0x00000000eda00000| Complete 
| 219|0x00000000edb00000, 0x00000000edc00000, 0x00000000edc00000|100%| E|CS|TAMS 0x00000000edb00000| PB 0x00000000edb00000| Complete 
| 220|0x00000000edc00000, 0x00000000edd00000, 0x00000000edd00000|100%| E|CS|TAMS 0x00000000edc00000| PB 0x00000000edc00000| Complete 
| 221|0x00000000edd00000, 0x00000000ede00000, 0x00000000ede00000|100%| E|CS|TAMS 0x00000000edd00000| PB 0x00000000edd00000| Complete 
| 222|0x00000000ede00000, 0x00000000edf00000, 0x00000000edf00000|100%| E|CS|TAMS 0x00000000ede00000| PB 0x00000000ede00000| Complete 
| 223|0x00000000edf00000, 0x00000000ee000000, 0x00000000ee000000|100%| E|CS|TAMS 0x00000000edf00000| PB 0x00000000edf00000| Complete 
| 224|0x00000000ee000000, 0x00000000ee100000, 0x00000000ee100000|100%| E|CS|TAMS 0x00000000ee000000| PB 0x00000000ee000000| Complete 
| 225|0x00000000ee100000, 0x00000000ee200000, 0x00000000ee200000|100%| E|CS|TAMS 0x00000000ee100000| PB 0x00000000ee100000| Complete 
| 226|0x00000000ee200000, 0x00000000ee300000, 0x00000000ee300000|100%| E|CS|TAMS 0x00000000ee200000| PB 0x00000000ee200000| Complete 
| 227|0x00000000ee300000, 0x00000000ee400000, 0x00000000ee400000|100%| E|CS|TAMS 0x00000000ee300000| PB 0x00000000ee300000| Complete 
| 228|0x00000000ee400000, 0x00000000ee500000, 0x00000000ee500000|100%| E|CS|TAMS 0x00000000ee400000| PB 0x00000000ee400000| Complete 
| 229|0x00000000ee500000, 0x00000000ee600000, 0x00000000ee600000|100%| E|CS|TAMS 0x00000000ee500000| PB 0x00000000ee500000| Complete 
| 230|0x00000000ee600000, 0x00000000ee700000, 0x00000000ee700000|100%| E|CS|TAMS 0x00000000ee600000| PB 0x00000000ee600000| Complete 
| 231|0x00000000ee700000, 0x00000000ee800000, 0x00000000ee800000|100%| E|CS|TAMS 0x00000000ee700000| PB 0x00000000ee700000| Complete 
| 232|0x00000000ee800000, 0x00000000ee900000, 0x00000000ee900000|100%| E|CS|TAMS 0x00000000ee800000| PB 0x00000000ee800000| Complete 
| 233|0x00000000ee900000, 0x00000000eea00000, 0x00000000eea00000|100%| E|CS|TAMS 0x00000000ee900000| PB 0x00000000ee900000| Complete 
| 234|0x00000000eea00000, 0x00000000eeb00000, 0x00000000eeb00000|100%| E|CS|TAMS 0x00000000eea00000| PB 0x00000000eea00000| Complete 
| 235|0x00000000eeb00000, 0x00000000eec00000, 0x00000000eec00000|100%| E|CS|TAMS 0x00000000eeb00000| PB 0x00000000eeb00000| Complete 
| 236|0x00000000eec00000, 0x00000000eed00000, 0x00000000eed00000|100%| E|CS|TAMS 0x00000000eec00000| PB 0x00000000eec00000| Complete 
| 237|0x00000000eed00000, 0x00000000eee00000, 0x00000000eee00000|100%| E|CS|TAMS 0x00000000eed00000| PB 0x00000000eed00000| Complete 
| 238|0x00000000eee00000, 0x00000000eef00000, 0x00000000eef00000|100%| E|CS|TAMS 0x00000000eee00000| PB 0x00000000eee00000| Complete 
| 239|0x00000000eef00000, 0x00000000ef000000, 0x00000000ef000000|100%| E|CS|TAMS 0x00000000eef00000| PB 0x00000000eef00000| Complete 
| 240|0x00000000ef000000, 0x00000000ef100000, 0x00000000ef100000|100%| E|CS|TAMS 0x00000000ef000000| PB 0x00000000ef000000| Complete 
| 241|0x00000000ef100000, 0x00000000ef200000, 0x00000000ef200000|100%| E|CS|TAMS 0x00000000ef100000| PB 0x00000000ef100000| Complete 
| 242|0x00000000ef200000, 0x00000000ef300000, 0x00000000ef300000|100%| E|CS|TAMS 0x00000000ef200000| PB 0x00000000ef200000| Complete 
| 243|0x00000000ef300000, 0x00000000ef400000, 0x00000000ef400000|100%| E|CS|TAMS 0x00000000ef300000| PB 0x00000000ef300000| Complete 
| 244|0x00000000ef400000, 0x00000000ef500000, 0x00000000ef500000|100%| E|CS|TAMS 0x00000000ef400000| PB 0x00000000ef400000| Complete 
| 245|0x00000000ef500000, 0x00000000ef600000, 0x00000000ef600000|100%| E|CS|TAMS 0x00000000ef500000| PB 0x00000000ef500000| Complete 
| 246|0x00000000ef600000, 0x00000000ef700000, 0x00000000ef700000|100%| E|CS|TAMS 0x00000000ef600000| PB 0x00000000ef600000| Complete 
| 247|0x00000000ef700000, 0x00000000ef800000, 0x00000000ef800000|100%| E|CS|TAMS 0x00000000ef700000| PB 0x00000000ef700000| Complete 
| 248|0x00000000ef800000, 0x00000000ef900000, 0x00000000ef900000|100%| E|CS|TAMS 0x00000000ef800000| PB 0x00000000ef800000| Complete 
| 249|0x00000000ef900000, 0x00000000efa00000, 0x00000000efa00000|100%| E|CS|TAMS 0x00000000ef900000| PB 0x00000000ef900000| Complete 
| 250|0x00000000efa00000, 0x00000000efb00000, 0x00000000efb00000|100%| E|CS|TAMS 0x00000000efa00000| PB 0x00000000efa00000| Complete 
| 251|0x00000000efb00000, 0x00000000efc00000, 0x00000000efc00000|100%| E|CS|TAMS 0x00000000efb00000| PB 0x00000000efb00000| Complete 
| 252|0x00000000efc00000, 0x00000000efd00000, 0x00000000efd00000|100%| E|CS|TAMS 0x00000000efc00000| PB 0x00000000efc00000| Complete 
| 253|0x00000000efd00000, 0x00000000efe00000, 0x00000000efe00000|100%| E|CS|TAMS 0x00000000efd00000| PB 0x00000000efd00000| Complete 
| 254|0x00000000efe00000, 0x00000000eff00000, 0x00000000eff00000|100%| E|CS|TAMS 0x00000000efe00000| PB 0x00000000efe00000| Complete 
| 255|0x00000000eff00000, 0x00000000f0000000, 0x00000000f0000000|100%| E|CS|TAMS 0x00000000eff00000| PB 0x00000000eff00000| Complete 

Card table byte_map: [0x000002fa76e80000,0x000002fa76f80000] _byte_map_base: 0x000002fa76780000

Marking Bits: (CMBitMap*) 0x000002fa6432c860
 Bits: [0x000002fa76f80000, 0x000002fa77780000)

Polling page: 0x000002fa624b0000

Metaspace:

Usage:
  Non-class:     28.23 MB used.
      Class:      4.95 MB used.
       Both:     33.18 MB used.

Virtual space:
  Non-class space:       64.00 MB reserved,      28.94 MB ( 45%) committed,  1 nodes.
      Class space:      320.00 MB reserved,       5.62 MB (  2%) committed,  1 nodes.
             Both:      384.00 MB reserved,      34.56 MB (  9%) committed. 

Chunk freelists:
   Non-Class:  2.13 MB
       Class:  10.39 MB
        Both:  12.52 MB

MaxMetaspaceSize: 384.00 MB
CompressedClassSpaceSize: 320.00 MB
Initial GC threshold: 21.00 MB
Current GC threshold: 35.12 MB
CDS: on
 - commit_granule_bytes: 65536.
 - commit_granule_words: 8192.
 - virtual_space_node_default_size: 8388608.
 - enlarge_chunks_in_place: 1.
 - use_allocation_guard: 0.


Internal statistics:

num_allocs_failed_limit: 3.
num_arena_births: 2404.
num_arena_deaths: 0.
num_vsnodes_births: 2.
num_vsnodes_deaths: 0.
num_space_committed: 553.
num_space_uncommitted: 0.
num_chunks_returned_to_freelist: 3.
num_chunks_taken_from_freelist: 4088.
num_chunk_merges: 3.
num_chunk_splits: 2625.
num_chunks_enlarged: 1557.
num_inconsistent_stats: 0.

CodeHeap 'non-profiled nmethods': size=119168Kb used=2236Kb max_used=2236Kb free=116931Kb
 bounds [0x000002fa6f0a0000, 0x000002fa6f310000, 0x000002fa76500000]
CodeHeap 'profiled nmethods': size=119104Kb used=8513Kb max_used=8513Kb free=110590Kb
 bounds [0x000002fa67500000, 0x000002fa67d60000, 0x000002fa6e950000]
CodeHeap 'non-nmethods': size=7488Kb used=1810Kb max_used=3157Kb free=5677Kb
 bounds [0x000002fa6e950000, 0x000002fa6ecc0000, 0x000002fa6f0a0000]
CodeCache: size=245760Kb, used=12559Kb, max_used=13906Kb, free=233198Kb
 total_blobs=4972, nmethods=4283, adapters=593, full_count=0
Compilation: enabled, stopped_count=0, restarted_count=0

Compilation events (20 events):
Event: 90.662 Thread 0x000002fa7a7840a0 4281       1       java.util.ImmutableCollections$SetN::size (5 bytes)
Event: 90.662 Thread 0x000002fa17fd6f40 4282       1       java.lang.module.ModuleDescriptor::opens (5 bytes)
Event: 90.662 Thread 0x000002fa7a7840a0 nmethod 4281 0x000002fa6f2ce310 code [0x000002fa6f2ce4a0, 0x000002fa6f2ce568]
Event: 90.662 Thread 0x000002fa17fd6f40 nmethod 4282 0x000002fa6f2ce610 code [0x000002fa6f2ce7a0, 0x000002fa6f2ce868]
Event: 90.662 Thread 0x000002fa17fd6f40 4283       3       java.util.Set::spliterator (6 bytes)
Event: 90.662 Thread 0x000002fa17fd6f40 nmethod 4283 0x000002fa67d49210 code [0x000002fa67d493e0, 0x000002fa67d49770]
Event: 90.664 Thread 0x000002fa7a7840a0 4286       3       org.codehaus.groovy.vmplugin.v9.Java9::isOpen (21 bytes)
Event: 90.665 Thread 0x000002fa17fd6f40 4287       3       org.codehaus.groovy.vmplugin.v9.Java9$$Lambda/0x000002fa01598d08::<init> (10 bytes)
Event: 90.665 Thread 0x000002fa17fd6f40 nmethod 4287 0x000002fa67d49890 code [0x000002fa67d49a40, 0x000002fa67d49bf8]
Event: 90.665 Thread 0x000002fa17fd6f40 4288       3       org.codehaus.groovy.vmplugin.v9.Java9::isExported (21 bytes)
Event: 90.665 Thread 0x000002fa7a7840a0 nmethod 4286 0x000002fa67d49c90 code [0x000002fa67d49ee0, 0x000002fa67d4a850]
Event: 90.665 Thread 0x000002fa7a7840a0 4289       3       org.codehaus.groovy.vmplugin.v9.Java9$$Lambda/0x000002fa01598f60::<init> (10 bytes)
Event: 90.665 Thread 0x000002fa7a7840a0 nmethod 4289 0x000002fa67d4ab90 code [0x000002fa67d4ad40, 0x000002fa67d4aef8]
Event: 90.665 Thread 0x000002fa7a7840a0 4291       1       java.lang.module.ModuleDescriptor$Opens::source (5 bytes)
Event: 90.665 Thread 0x000002fa7a7840a0 nmethod 4291 0x000002fa6f2ce910 code [0x000002fa6f2ceaa0, 0x000002fa6f2ceb68]
Event: 90.666 Thread 0x000002fa17fd6f40 nmethod 4288 0x000002fa67d4af90 code [0x000002fa67d4b1e0, 0x000002fa67d4bb80]
Event: 90.731 Thread 0x000002fa7a7840a0 4295       3       com.google.common.cache.LocalCache::usesKeyReferences (16 bytes)
Event: 90.731 Thread 0x000002fa17fd6f40 4296       3       com.google.common.cache.LocalCache::usesValueReferences (16 bytes)
Event: 90.731 Thread 0x000002fa17fd6f40 nmethod 4296 0x000002fa67d4bf10 code [0x000002fa67d4c0c0, 0x000002fa67d4c230]
Event: 90.731 Thread 0x000002fa7a7840a0 nmethod 4295 0x000002fa67d4c310 code [0x000002fa67d4c4c0, 0x000002fa67d4c630]

GC Heap History (6 events):
Event: 6.938 GC heap before
{Heap before GC invocations=0 (full 0):
 garbage-first heap   total 262144K, used 26624K [0x00000000e0000000, 0x0000000100000000)
  region size 1024K, 23 young (23552K), 0 survivors (0K)
 Metaspace       used 2524K, committed 2688K, reserved 393216K
  class space    used 291K, committed 384K, reserved 327680K
}
Event: 9.155 GC heap after
{Heap after GC invocations=1 (full 0):
 garbage-first heap   total 262144K, used 10794K [0x00000000e0000000, 0x0000000100000000)
  region size 1024K, 3 young (3072K), 3 survivors (3072K)
 Metaspace       used 2524K, committed 2688K, reserved 393216K
  class space    used 291K, committed 384K, reserved 327680K
}
Event: 16.246 GC heap before
{Heap before GC invocations=1 (full 0):
 garbage-first heap   total 262144K, used 39466K [0x00000000e0000000, 0x0000000100000000)
  region size 1024K, 31 young (31744K), 3 survivors (3072K)
 Metaspace       used 4696K, committed 4864K, reserved 393216K
  class space    used 599K, committed 704K, reserved 327680K
}
Event: 16.248 GC heap after
{Heap after GC invocations=2 (full 0):
 garbage-first heap   total 262144K, used 13244K [0x00000000e0000000, 0x0000000100000000)
  region size 1024K, 2 young (2048K), 2 survivors (2048K)
 Metaspace       used 4696K, committed 4864K, reserved 393216K
  class space    used 599K, committed 704K, reserved 327680K
}
Event: 86.301 GC heap before
{Heap before GC invocations=2 (full 0):
 garbage-first heap   total 262144K, used 133052K [0x00000000e0000000, 0x0000000100000000)
  region size 1024K, 118 young (120832K), 2 survivors (2048K)
 Metaspace       used 20784K, committed 21504K, reserved 393216K
  class space    used 2958K, committed 3264K, reserved 327680K
}
Event: 86.324 GC heap after
{Heap after GC invocations=3 (full 0):
 garbage-first heap   total 262144K, used 24508K [0x00000000e0000000, 0x0000000100000000)
  region size 1024K, 12 young (12288K), 12 survivors (12288K)
 Metaspace       used 20784K, committed 21504K, reserved 393216K
  class space    used 2958K, committed 3264K, reserved 327680K
}

Dll operation events (20 events):
Event: 0.696 Attempting to load shared library C:\Users\momos\.vscode\extensions\redhat.java-1.56.0-win32-x64\jre\21.0.12.1-win32-x86_64\bin\nio.dll
Event: 0.746 Loaded shared library C:\Users\momos\.vscode\extensions\redhat.java-1.56.0-win32-x64\jre\21.0.12.1-win32-x86_64\bin\nio.dll
Event: 0.750 Attempting to load shared library C:\Users\momos\.vscode\extensions\redhat.java-1.56.0-win32-x64\jre\21.0.12.1-win32-x86_64\bin\zip.dll
Event: 0.750 Loaded shared library C:\Users\momos\.vscode\extensions\redhat.java-1.56.0-win32-x64\jre\21.0.12.1-win32-x86_64\bin\zip.dll
Event: 2.337 Attempting to load shared library C:\Users\momos\.vscode\extensions\redhat.java-1.56.0-win32-x64\jre\21.0.12.1-win32-x86_64\bin\jimage.dll
Event: 2.337 Loaded shared library C:\Users\momos\.vscode\extensions\redhat.java-1.56.0-win32-x64\jre\21.0.12.1-win32-x86_64\bin\jimage.dll
Event: 6.090 Attempting to load shared library C:\Users\momos\.vscode\extensions\redhat.java-1.56.0-win32-x64\jre\21.0.12.1-win32-x86_64\bin\verify.dll
Event: 6.090 Loaded shared library C:\Users\momos\.vscode\extensions\redhat.java-1.56.0-win32-x64\jre\21.0.12.1-win32-x86_64\bin\verify.dll
Event: 6.537 Attempting to load shared library C:\Users\momos\.gradle\native\660c5614fbf4a5f2a75b1949f50a0caf5cd603558e7d8a26e50b933a0cfb79d1\windows-amd64\native-platform.dll
Event: 6.572 Loaded shared library C:\Users\momos\.gradle\native\660c5614fbf4a5f2a75b1949f50a0caf5cd603558e7d8a26e50b933a0cfb79d1\windows-amd64\native-platform.dll
Event: 6.582 Attempting to load shared library C:\Users\momos\.gradle\native\0.2.8\x86_64-windows-gnu\gradle-fileevents.dll
Event: 6.582 Loaded shared library C:\Users\momos\.gradle\native\0.2.8\x86_64-windows-gnu\gradle-fileevents.dll
Event: 45.900 Attempting to load shared library C:\Users\momos\.vscode\extensions\redhat.java-1.56.0-win32-x64\jre\21.0.12.1-win32-x86_64\bin\management.dll
Event: 45.901 Loaded shared library C:\Users\momos\.vscode\extensions\redhat.java-1.56.0-win32-x64\jre\21.0.12.1-win32-x86_64\bin\management.dll
Event: 45.909 Attempting to load shared library C:\Users\momos\.vscode\extensions\redhat.java-1.56.0-win32-x64\jre\21.0.12.1-win32-x86_64\bin\management_ext.dll
Event: 45.909 Loaded shared library C:\Users\momos\.vscode\extensions\redhat.java-1.56.0-win32-x64\jre\21.0.12.1-win32-x86_64\bin\management_ext.dll
Event: 48.035 Attempting to load shared library C:\Users\momos\.vscode\extensions\redhat.java-1.56.0-win32-x64\jre\21.0.12.1-win32-x86_64\bin\extnet.dll
Event: 48.036 Loaded shared library C:\Users\momos\.vscode\extensions\redhat.java-1.56.0-win32-x64\jre\21.0.12.1-win32-x86_64\bin\extnet.dll
Event: 81.107 Attempting to load shared library C:\Users\momos\.vscode\extensions\redhat.java-1.56.0-win32-x64\jre\21.0.12.1-win32-x86_64\bin\sunmscapi.dll
Event: 81.109 Loaded shared library C:\Users\momos\.vscode\extensions\redhat.java-1.56.0-win32-x64\jre\21.0.12.1-win32-x86_64\bin\sunmscapi.dll

Deoptimization events (20 events):
Event: 90.431 Thread 0x000002fa7f03a100 Uncommon trap: trap_request=0xffffffc6 fr.pc=0x000002fa6f2c4d3c relative=0x00000000000004dc
Event: 90.431 Thread 0x000002fa7f03a100 Uncommon trap: reason=bimorphic_or_optimized_type_check action=maybe_recompile pc=0x000002fa6f2c4d3c method=java.io.BufferedInputStream.implRead([BII)I @ 100 c2
Event: 90.431 Thread 0x000002fa7f03a100 DEOPT PACKING pc=0x000002fa6f2c4d3c sp=0x000000ff916f8140
Event: 90.431 Thread 0x000002fa7f03a100 DEOPT UNPACKING pc=0x000002fa6e9a4422 sp=0x000000ff916f8108 mode 2
Event: 90.432 Thread 0x000002fa7f03a100 Uncommon trap: trap_request=0xffffffc6 fr.pc=0x000002fa6f2c4d3c relative=0x00000000000004dc
Event: 90.432 Thread 0x000002fa7f03a100 Uncommon trap: reason=bimorphic_or_optimized_type_check action=maybe_recompile pc=0x000002fa6f2c4d3c method=java.io.BufferedInputStream.implRead([BII)I @ 100 c2
Event: 90.432 Thread 0x000002fa7f03a100 DEOPT PACKING pc=0x000002fa6f2c4d3c sp=0x000000ff916f8140
Event: 90.432 Thread 0x000002fa7f03a100 DEOPT UNPACKING pc=0x000002fa6e9a4422 sp=0x000000ff916f8108 mode 2
Event: 90.432 Thread 0x000002fa7f03a100 Uncommon trap: trap_request=0xffffffc6 fr.pc=0x000002fa6f2c4d3c relative=0x00000000000004dc
Event: 90.432 Thread 0x000002fa7f03a100 Uncommon trap: reason=bimorphic_or_optimized_type_check action=maybe_recompile pc=0x000002fa6f2c4d3c method=java.io.BufferedInputStream.implRead([BII)I @ 100 c2
Event: 90.432 Thread 0x000002fa7f03a100 DEOPT PACKING pc=0x000002fa6f2c4d3c sp=0x000000ff916f8050
Event: 90.432 Thread 0x000002fa7f03a100 DEOPT UNPACKING pc=0x000002fa6e9a4422 sp=0x000000ff916f8018 mode 2
Event: 90.486 Thread 0x000002fa7f03a100 Uncommon trap: trap_request=0xffffffc6 fr.pc=0x000002fa6f2b9348 relative=0x0000000000000808
Event: 90.486 Thread 0x000002fa7f03a100 Uncommon trap: reason=bimorphic_or_optimized_type_check action=maybe_recompile pc=0x000002fa6f2b9348 method=java.util.HashMap.putVal(ILjava/lang/Object;Ljava/lang/Object;ZZ)Ljava/lang/Object; @ 91 c2
Event: 90.486 Thread 0x000002fa7f03a100 DEOPT PACKING pc=0x000002fa6f2b9348 sp=0x000000ff916f7d00
Event: 90.486 Thread 0x000002fa7f03a100 DEOPT UNPACKING pc=0x000002fa6e9a4422 sp=0x000000ff916f7c10 mode 2
Event: 90.486 Thread 0x000002fa7f03a100 Uncommon trap: trap_request=0xffffffc6 fr.pc=0x000002fa6f2b9348 relative=0x0000000000000808
Event: 90.486 Thread 0x000002fa7f03a100 Uncommon trap: reason=bimorphic_or_optimized_type_check action=maybe_recompile pc=0x000002fa6f2b9348 method=java.util.HashMap.putVal(ILjava/lang/Object;Ljava/lang/Object;ZZ)Ljava/lang/Object; @ 91 c2
Event: 90.486 Thread 0x000002fa7f03a100 DEOPT PACKING pc=0x000002fa6f2b9348 sp=0x000000ff916f7d00
Event: 90.486 Thread 0x000002fa7f03a100 DEOPT UNPACKING pc=0x000002fa6e9a4422 sp=0x000000ff916f7c10 mode 2

Classes loaded (20 events):
Event: 90.429 Loading class java/util/stream/LongStream
Event: 90.430 Loading class java/util/stream/LongStream done
Event: 90.430 Loading class java/util/OptionalDouble
Event: 90.430 Loading class java/util/OptionalDouble done
Event: 90.430 Loading class java/util/OptionalInt
Event: 90.430 Loading class java/util/OptionalInt done
Event: 90.430 Loading class java/util/OptionalLong
Event: 90.430 Loading class java/util/OptionalLong done
Event: 90.477 Loading class java/security/AccessControlException
Event: 90.477 Loading class java/security/AccessControlException done
Event: 90.539 Loading class java/lang/ArrayIndexOutOfBoundsException
Event: 90.539 Loading class java/lang/ArrayIndexOutOfBoundsException done
Event: 90.627 Loading class java/lang/reflect/GenericSignatureFormatError
Event: 90.627 Loading class java/lang/ClassFormatError
Event: 90.627 Loading class java/lang/ClassFormatError done
Event: 90.627 Loading class java/lang/reflect/GenericSignatureFormatError done
Event: 90.627 Loading class java/lang/reflect/MalformedParameterizedTypeException
Event: 90.627 Loading class java/lang/reflect/MalformedParameterizedTypeException done
Event: 90.644 Loading class java/lang/IllegalCallerException
Event: 90.644 Loading class java/lang/IllegalCallerException done

Classes unloaded (0 events):
No events

Classes redefined (0 events):
No events

Internal exceptions (20 events):
Event: 89.599 Thread 0x000002fa7f03a100 Exception <a 'java/lang/NoSuchMethodError'{0x00000000eb640b38}: 'java.lang.Object java.lang.invoke.DelegatingMethodHandle$Holder.reinvoke_L(java.lang.Object, java.lang.Object, java.lang.Object, java.lang.Object, java.lang.Object, java.lang.Object, java.lang.Object, java.lang.Object, java.lang.Object, java.lang.Object, java.lang.Object, java.lang.Object, java.lang.Object, java.lang.Object, java.lang.Object, java.lang.Object, java.lang.Object, java.lang.Object, java.lang.Object, java.lang.Object, java.lang.O
Event: 89.615 Thread 0x000002fa7f03a100 Exception <a 'java/lang/NoSuchMethodError'{0x00000000eb53e850}: 'java.lang.Object java.lang.invoke.DirectMethodHandle$Holder.invokeStatic(java.lang.Object, java.lang.Object, java.lang.Object, java.lang.Object, java.lang.Object, java.lang.Object, java.lang.Object, java.lang.Object, java.lang.Object, java.lang.Object, java.lang.Object, java.lang.Object, java.lang.Object, java.lang.Object, java.lang.Object, java.lang.Object, java.lang.Object, java.lang.Object, java.lang.Object, java.lang.Object, java.lang.Obj
Event: 89.625 Thread 0x000002fa7f03a100 Exception <a 'java/lang/NoSuchMethodError'{0x00000000eb577118}: 'java.lang.Object java.lang.invoke.DirectMethodHandle$Holder.invokeStatic(java.lang.Object, java.lang.Object, java.lang.Object, java.lang.Object, java.lang.Object, java.lang.Object, java.lang.Object, java.lang.Object, java.lang.Object, java.lang.Object, java.lang.Object, java.lang.Object, java.lang.Object, java.lang.Object, java.lang.Object, java.lang.Object, java.lang.Object, java.lang.Object, java.lang.Object, java.lang.Object, java.lang.Obj
Event: 89.626 Thread 0x000002fa7f03a100 Exception <a 'java/lang/NoSuchMethodError'{0x00000000eb5b2b60}: 'java.lang.Object java.lang.invoke.DirectMethodHandle$Holder.invokeStatic(java.lang.Object, java.lang.Object, java.lang.Object, java.lang.Object, java.lang.Object, java.lang.Object, java.lang.Object, java.lang.Object, java.lang.Object, java.lang.Object, java.lang.Object, java.lang.Object, java.lang.Object, java.lang.Object, java.lang.Object, java.lang.Object, java.lang.Object, java.lang.Object, java.lang.Object, java.lang.Object, java.lang.Obj
Event: 89.627 Thread 0x000002fa7f03a100 Exception <a 'java/lang/NoSuchMethodError'{0x00000000eb5ef728}: 'java.lang.Object java.lang.invoke.DirectMethodHandle$Holder.invokeStatic(java.lang.Object, java.lang.Object, java.lang.Object, java.lang.Object, java.lang.Object, java.lang.Object, java.lang.Object, java.lang.Object, java.lang.Object, java.lang.Object, java.lang.Object, java.lang.Object, java.lang.Object, java.lang.Object, java.lang.Object, java.lang.Object, java.lang.Object, java.lang.Object, java.lang.Object, java.lang.Object, java.lang.Obj
Event: 89.630 Thread 0x000002fa7f03a100 Exception <a 'java/lang/NoSuchMethodError'{0x00000000eb42e348}: 'java.lang.Object java.lang.invoke.DirectMethodHandle$Holder.invokeStatic(java.lang.Object, java.lang.Object, java.lang.Object, java.lang.Object, java.lang.Object, java.lang.Object, java.lang.Object, java.lang.Object, java.lang.Object, java.lang.Object, java.lang.Object, java.lang.Object, java.lang.Object, java.lang.Object, java.lang.Object, java.lang.Object, java.lang.Object, java.lang.Object, java.lang.Object, java.lang.Object, java.lang.Obj
Event: 89.952 Thread 0x000002fa7f03a100 Exception <a 'java/lang/IncompatibleClassChangeError'{0x00000000eaf5ea08}: Found class java.lang.Object, but interface was expected> (0x00000000eaf5ea08) 
thrown [s\src\hotspot\share\interpreter\linkResolver.cpp, line 840]
Event: 90.009 Thread 0x000002fa7f03a100 Exception <a 'java/lang/NoSuchMethodError'{0x00000000eae7dfe8}: 'java.lang.Object java.lang.invoke.DirectMethodHandle$Holder.invokeSpecial(java.lang.Object, java.lang.Object, long, java.lang.Object)'> (0x00000000eae7dfe8) 
thrown [s\src\hotspot\share\interpreter\linkResolver.cpp, line 773]
Event: 90.009 Thread 0x000002fa7f03a100 Exception <a 'java/lang/NoSuchMethodError'{0x00000000eae854f0}: 'java.lang.Object java.lang.invoke.DirectMethodHandle$Holder.newInvokeSpecial(java.lang.Object, java.lang.Object, long)'> (0x00000000eae854f0) 
thrown [s\src\hotspot\share\interpreter\linkResolver.cpp, line 773]
Event: 90.010 Thread 0x000002fa7f03a100 Exception <a 'java/lang/NoSuchMethodError'{0x00000000eae89ad8}: 'java.lang.Object java.lang.invoke.Invokers$Holder.linkToTargetMethod(java.lang.Object, long, java.lang.Object)'> (0x00000000eae89ad8) 
thrown [s\src\hotspot\share\interpreter\linkResolver.cpp, line 773]
Event: 90.130 Thread 0x000002fa7f03a100 Exception <a 'java/lang/NoSuchMethodError'{0x00000000eac6fa48}: 'int java.lang.invoke.DirectMethodHandle$Holder.invokeSpecial(java.lang.Object, java.lang.Object, java.lang.Object, java.lang.Object)'> (0x00000000eac6fa48) 
thrown [s\src\hotspot\share\interpreter\linkResolver.cpp, line 773]
Event: 90.133 Thread 0x000002fa7f03a100 Exception <a 'java/lang/NoSuchMethodError'{0x00000000eac90600}: 'int java.lang.invoke.DirectMethodHandle$Holder.invokeInterface(java.lang.Object, java.lang.Object)'> (0x00000000eac90600) 
thrown [s\src\hotspot\share\interpreter\linkResolver.cpp, line 773]
Event: 90.171 Thread 0x000002fa7f03a100 Exception <a 'java/lang/NoSuchMethodError'{0x00000000eab09010}: 'java.lang.Object java.lang.invoke.DirectMethodHandle$Holder.invokeVirtual(java.lang.Object, java.lang.Object, int)'> (0x00000000eab09010) 
thrown [s\src\hotspot\share\interpreter\linkResolver.cpp, line 773]
Event: 90.214 Thread 0x000002fa7f03a100 Exception <a 'java/lang/NoSuchMethodError'{0x00000000eab9b578}: 'java.lang.Object java.lang.invoke.DirectMethodHandle$Holder.invokeStatic(java.lang.Object, java.lang.Object, int, java.lang.Object)'> (0x00000000eab9b578) 
thrown [s\src\hotspot\share\interpreter\linkResolver.cpp, line 773]
Event: 90.215 Thread 0x000002fa7f03a100 Exception <a 'java/lang/NoSuchMethodError'{0x00000000eaba2960}: 'java.lang.Object java.lang.invoke.DirectMethodHandle$Holder.newInvokeSpecial(java.lang.Object, java.lang.Object, int, java.lang.Object)'> (0x00000000eaba2960) 
thrown [s\src\hotspot\share\interpreter\linkResolver.cpp, line 773]
Event: 90.215 Thread 0x000002fa7f03a100 Exception <a 'java/lang/NoSuchMethodError'{0x00000000eaba7088}: 'java.lang.Object java.lang.invoke.DirectMethodHandle$Holder.invokeSpecial(java.lang.Object, java.lang.Object, java.lang.Object, int, java.lang.Object)'> (0x00000000eaba7088) 
thrown [s\src\hotspot\share\interpreter\linkResolver.cpp, line 773]
Event: 90.388 Thread 0x000002fa7f03a100 Exception <a 'java/lang/NoSuchMethodError'{0x00000000ea86bc58}: 'void java.lang.invoke.DirectMethodHandle$Holder.invokeInterface(java.lang.Object, java.lang.Object, java.lang.Object, java.lang.Object, java.lang.Object, java.lang.Object, java.lang.Object)'> (0x00000000ea86bc58) 
thrown [s\src\hotspot\share\interpreter\linkResolver.cpp, line 773]
Event: 90.389 Thread 0x000002fa7f03a100 Exception <a 'java/lang/NoSuchMethodError'{0x00000000ea870570}: 'void java.lang.invoke.DelegatingMethodHandle$Holder.reinvoke_L(java.lang.Object, java.lang.Object, java.lang.Object, java.lang.Object, java.lang.Object, java.lang.Object, java.lang.Object)'> (0x00000000ea870570) 
thrown [s\src\hotspot\share\interpreter\linkResolver.cpp, line 773]
Event: 90.649 Thread 0x000002fa7f03a100 Exception <a 'java/lang/NoSuchMethodError'{0x00000000e9f00630}: 'void java.lang.invoke.DirectMethodHandle$Holder.invokeStaticInit(java.lang.Object, java.lang.Object, java.lang.Object)'> (0x00000000e9f00630) 
thrown [s\src\hotspot\share\interpreter\linkResolver.cpp, line 773]
Event: 90.705 Thread 0x000002fa7f03a100 Exception <a 'java/lang/NoSuchMethodError'{0x00000000e9f79a88}: 'int java.lang.invoke.DirectMethodHandle$Holder.invokeStaticInit(java.lang.Object, java.lang.Object, java.lang.Object, java.lang.Object)'> (0x00000000e9f79a88) 
thrown [s\src\hotspot\share\interpreter\linkResolver.cpp, line 773]

ZGC Phase Switch (0 events):
No events

VM Operations (20 events):
Event: 88.387 Executing safepoint VM operation: Cleanup done
Event: 88.853 Executing non-safepoint VM operation: HandshakeAllThreads (Deoptimize)
Event: 88.853 Executing non-safepoint VM operation: HandshakeAllThreads (Deoptimize) done
Event: 89.061 Executing non-safepoint VM operation: HandshakeAllThreads (Deoptimize)
Event: 89.061 Executing non-safepoint VM operation: HandshakeAllThreads (Deoptimize) done
Event: 89.954 Executing non-safepoint VM operation: HandshakeAllThreads (Deoptimize)
Event: 89.955 Executing non-safepoint VM operation: HandshakeAllThreads (Deoptimize) done
Event: 89.955 Executing safepoint VM operation: Cleanup
Event: 89.955 Executing safepoint VM operation: Cleanup done
Event: 90.012 Executing non-safepoint VM operation: HandshakeAllThreads (Deoptimize)
Event: 90.012 Executing non-safepoint VM operation: HandshakeAllThreads (Deoptimize) done
Event: 90.015 Executing non-safepoint VM operation: HandshakeAllThreads (Deoptimize)
Event: 90.015 Executing non-safepoint VM operation: HandshakeAllThreads (Deoptimize) done
Event: 90.394 Executing non-safepoint VM operation: HandshakeAllThreads (Deoptimize)
Event: 90.394 Executing non-safepoint VM operation: HandshakeAllThreads (Deoptimize) done
Event: 90.396 Executing non-safepoint VM operation: HandshakeAllThreads (Deoptimize)
Event: 90.396 Executing non-safepoint VM operation: HandshakeAllThreads (Deoptimize) done
Event: 90.479 Executing non-safepoint VM operation: HandshakeAllThreads (Deoptimize)
Event: 90.479 Executing non-safepoint VM operation: HandshakeAllThreads (Deoptimize) done
Event: 91.489 Executing safepoint VM operation: Cleanup

Memory protections (0 events):
No events

Nmethod flushes (0 events):
No events

Events (20 events):
Event: 81.487 Thread 0x000002fa7f03a100 Thread added: 0x000002fa7f05de20
Event: 82.103 Thread 0x000002fa15288680 Thread exited: 0x000002fa15288680
Event: 83.373 Thread 0x000002fa7f03a100 Thread added: 0x000002fa7f060580
Event: 83.489 Thread 0x000002fa7f03a100 Thread added: 0x000002fa7f060c10
Event: 83.705 Thread 0x000002fa7f03a100 Thread added: 0x000002fa7f05d790
Event: 85.012 Thread 0x000002fa150e55f0 Thread exited: 0x000002fa150e55f0
Event: 85.106 Thread 0x000002fa7f060c10 Thread added: 0x000002fa7f05eb40
Event: 85.623 Thread 0x000002fa15287fd0 Thread exited: 0x000002fa15287fd0
Event: 85.624 Thread 0x000002fa7f6b7e80 Thread exited: 0x000002fa7f6b7e80
Event: 87.695 Thread 0x000002fa7f03a100 Thread added: 0x000002fa17fce0b0
Event: 87.748 Thread 0x000002fa7f03a100 Thread added: 0x000002fa17fcedd0
Event: 88.305 Thread 0x000002fa7f03a100 Thread added: 0x000002fa17fcfaf0
Event: 88.327 Thread 0x000002fa7f03a100 Thread added: 0x000002fa17fd0180
Event: 88.708 Thread 0x000002fa7f03a100 Thread added: 0x000002fa17fcf460
Event: 88.899 Thread 0x000002fa7f03a100 Thread added: 0x000002fa17fce740
Event: 89.089 Thread 0x000002fa7a7840a0 Thread added: 0x000002fa17fd6f40
Event: 89.405 Thread 0x000002fa7f03a100 Thread added: 0x000002fa17fd3c90
Event: 89.521 Thread 0x000002fa7f03a100 Thread added: 0x000002fa17fd2f70
Event: 90.217 Thread 0x000002fa7f03a100 Thread added: 0x000002fa17fd0810
Event: 90.367 Thread 0x000002fa7f03a100 Thread added: 0x000002fa17fd2250


Dynamic libraries:
0x00007ff61b4b0000 - 0x00007ff61b4be000 	C:\Users\momos\.vscode\extensions\redhat.java-1.56.0-win32-x64\jre\21.0.12.1-win32-x86_64\bin\java.exe
0x00007ffcc1ea0000 - 0x00007ffcc2107000 	C:\Windows\SYSTEM32\ntdll.dll
0x00007ffcc12d0000 - 0x00007ffcc139b000 	C:\Windows\System32\KERNEL32.DLL
0x00007ffcbf370000 - 0x00007ffcbf772000 	C:\Windows\System32\KERNELBASE.dll
0x00007ffcbf150000 - 0x00007ffcbf29c000 	C:\Windows\System32\ucrtbase.dll
0x00007ffc9be60000 - 0x00007ffc9be7e000 	C:\Users\momos\.vscode\extensions\redhat.java-1.56.0-win32-x64\jre\21.0.12.1-win32-x86_64\bin\VCRUNTIME140.dll
0x00007ffc74ce0000 - 0x00007ffc74cf8000 	C:\Users\momos\.vscode\extensions\redhat.java-1.56.0-win32-x64\jre\21.0.12.1-win32-x86_64\bin\jli.dll
0x00007ffcc0710000 - 0x00007ffcc08df000 	C:\Windows\System32\USER32.dll
0x00007ffcbf2b0000 - 0x00007ffcbf2d7000 	C:\Windows\System32\win32u.dll
0x00007ffcc0950000 - 0x00007ffcc097b000 	C:\Windows\System32\GDI32.dll
0x00007ffcbfa90000 - 0x00007ffcbfbb9000 	C:\Windows\System32\gdi32full.dll
0x00007ffca9d10000 - 0x00007ffca9fa0000 	C:\Windows\WinSxS\amd64_microsoft.windows.common-controls_6595b64144ccf1df_6.0.26100.9278_none_3e0d1ba8e3303201\COMCTL32.dll
0x00007ffcbf0a0000 - 0x00007ffcbf143000 	C:\Windows\System32\msvcp_win.dll
0x00007ffcc1430000 - 0x00007ffcc14d9000 	C:\Windows\System32\msvcrt.dll
0x00007ffcc1d30000 - 0x00007ffcc1d61000 	C:\Windows\System32\IMM32.DLL
0x00007ffcb8a40000 - 0x00007ffcb8a4c000 	C:\Users\momos\.vscode\extensions\redhat.java-1.56.0-win32-x64\jre\21.0.12.1-win32-x86_64\bin\vcruntime140_1.dll
0x00007ffc6b350000 - 0x00007ffc6b3dd000 	C:\Users\momos\.vscode\extensions\redhat.java-1.56.0-win32-x64\jre\21.0.12.1-win32-x86_64\bin\msvcp140.dll
0x00007ffbedb50000 - 0x00007ffbee8f2000 	C:\Users\momos\.vscode\extensions\redhat.java-1.56.0-win32-x64\jre\21.0.12.1-win32-x86_64\bin\server\jvm.dll
0x00007ffcc1d90000 - 0x00007ffcc1e4c000 	C:\Windows\System32\ADVAPI32.dll
0x00007ffcc1680000 - 0x00007ffcc1729000 	C:\Windows\System32\sechost.dll
0x00007ffcc0580000 - 0x00007ffcc0698000 	C:\Windows\System32\RPCRT4.dll
0x00007ffcc1a10000 - 0x00007ffcc1a90000 	C:\Windows\System32\WS2_32.dll
0x00007ffcbed40000 - 0x00007ffcbed9e000 	C:\Windows\SYSTEM32\POWRPROF.dll
0x00007ffcad9d0000 - 0x00007ffcada06000 	C:\Windows\SYSTEM32\WINMM.dll
0x00007ffcb7a10000 - 0x00007ffcb7a1b000 	C:\Windows\SYSTEM32\VERSION.dll
0x00007ffcbed20000 - 0x00007ffcbed35000 	C:\Windows\SYSTEM32\UMPDC.dll
0x00007ffcbdd30000 - 0x00007ffcbdd4b000 	C:\Windows\SYSTEM32\kernel.appcore.dll
0x00007ffc9f2f0000 - 0x00007ffc9f2fa000 	C:\Users\momos\.vscode\extensions\redhat.java-1.56.0-win32-x64\jre\21.0.12.1-win32-x86_64\bin\jimage.dll
0x00007ffcac970000 - 0x00007ffcacbbc000 	C:\Windows\SYSTEM32\DBGHELP.DLL
0x00007ffcc0160000 - 0x00007ffcc04e5000 	C:\Windows\System32\combase.dll
0x00007ffcc1730000 - 0x00007ffcc1809000 	C:\Windows\System32\OLEAUT32.dll
0x00007ffcaa740000 - 0x00007ffcaa77b000 	C:\Windows\SYSTEM32\dbgcore.DLL
0x00007ffcbf780000 - 0x00007ffcbf82c000 	C:\Windows\System32\bcryptPrimitives.dll
0x00007ffc74ba0000 - 0x00007ffc74baf000 	C:\Users\momos\.vscode\extensions\redhat.java-1.56.0-win32-x64\jre\21.0.12.1-win32-x86_64\bin\instrument.dll
0x00007ffc74cc0000 - 0x00007ffc74ce0000 	C:\Users\momos\.vscode\extensions\redhat.java-1.56.0-win32-x64\jre\21.0.12.1-win32-x86_64\bin\java.dll
0x00007ffcc09f0000 - 0x00007ffcc1188000 	C:\Windows\System32\SHELL32.dll
0x00007ffcbcae0000 - 0x00007ffcbd38e000 	C:\Windows\SYSTEM32\windows.storage.dll
0x00007ffcbfbd0000 - 0x00007ffcbfccb000 	C:\Windows\System32\SHCORE.dll
0x00007ffcc06a0000 - 0x00007ffcc0706000 	C:\Windows\System32\shlwapi.dll
0x00007ffcbefc0000 - 0x00007ffcbefe9000 	C:\Windows\SYSTEM32\profapi.dll
0x00007ffc6f490000 - 0x00007ffc6f4a8000 	C:\Users\momos\.vscode\extensions\redhat.java-1.56.0-win32-x64\jre\21.0.12.1-win32-x86_64\bin\zip.dll
0x00007ffc9cd10000 - 0x00007ffc9cd20000 	C:\Users\momos\.vscode\extensions\redhat.java-1.56.0-win32-x64\jre\21.0.12.1-win32-x86_64\bin\net.dll
0x00007ffcb7850000 - 0x00007ffcb797a000 	C:\Windows\SYSTEM32\WINHTTP.dll
0x00007ffcbe2e0000 - 0x00007ffcbe34c000 	C:\Windows\system32\mswsock.dll
0x00007ffc6b330000 - 0x00007ffc6b346000 	C:\Users\momos\.vscode\extensions\redhat.java-1.56.0-win32-x64\jre\21.0.12.1-win32-x86_64\bin\nio.dll
0x00007ffc6b630000 - 0x00007ffc6b640000 	C:\Users\momos\.vscode\extensions\redhat.java-1.56.0-win32-x64\jre\21.0.12.1-win32-x86_64\bin\verify.dll
0x00007ffc6b250000 - 0x00007ffc6b277000 	C:\Users\momos\.gradle\native\660c5614fbf4a5f2a75b1949f50a0caf5cd603558e7d8a26e50b933a0cfb79d1\windows-amd64\native-platform.dll
0x00007ffc458b0000 - 0x00007ffc45927000 	C:\Users\momos\.gradle\native\0.2.8\x86_64-windows-gnu\gradle-fileevents.dll
0x00007ffcb9f90000 - 0x00007ffcb9f9a000 	C:\Users\momos\.vscode\extensions\redhat.java-1.56.0-win32-x64\jre\21.0.12.1-win32-x86_64\bin\management.dll
0x00007ffcb9f80000 - 0x00007ffcb9f8c000 	C:\Users\momos\.vscode\extensions\redhat.java-1.56.0-win32-x64\jre\21.0.12.1-win32-x86_64\bin\management_ext.dll
0x00007ffcc1d80000 - 0x00007ffcc1d88000 	C:\Windows\System32\PSAPI.DLL
0x00007ffcbd6e0000 - 0x00007ffcbd713000 	C:\Windows\SYSTEM32\IPHLPAPI.DLL
0x00007ffcbfbc0000 - 0x00007ffcbfbca000 	C:\Windows\System32\NSI.dll
0x00007ffcb9f60000 - 0x00007ffcb9f69000 	C:\Users\momos\.vscode\extensions\redhat.java-1.56.0-win32-x64\jre\21.0.12.1-win32-x86_64\bin\extnet.dll
0x00007ffcbe600000 - 0x00007ffcbe61b000 	C:\Windows\SYSTEM32\CRYPTSP.dll
0x00007ffcbdc90000 - 0x00007ffcbdcc9000 	C:\Windows\system32\rsaenh.dll
0x00007ffcbe390000 - 0x00007ffcbe3c4000 	C:\Windows\SYSTEM32\USERENV.dll
0x00007ffcbef90000 - 0x00007ffcbefba000 	C:\Windows\SYSTEM32\bcrypt.dll
0x00007ffcbe620000 - 0x00007ffcbe62c000 	C:\Windows\SYSTEM32\CRYPTBASE.dll
0x00007ffc45b10000 - 0x00007ffc45b1e000 	C:\Users\momos\.vscode\extensions\redhat.java-1.56.0-win32-x64\jre\21.0.12.1-win32-x86_64\bin\sunmscapi.dll
0x00007ffcbf900000 - 0x00007ffcbfa7e000 	C:\Windows\System32\CRYPT32.dll
0x00007ffcbe860000 - 0x00007ffcbe890000 	C:\Windows\SYSTEM32\ncrypt.dll
0x00007ffcbe810000 - 0x00007ffcbe84f000 	C:\Windows\SYSTEM32\NTASN1.dll
0x00007ffc703b0000 - 0x00007ffc703b8000 	C:\Windows\system32\wshunix.dll

JVMTI agents:
C:\Users\momos\.gradle\wrapper\dists\gradle-9.6.1-bin\4ticwg1pgcbps2hj28r8so764\gradle-9.6.1\lib\agents\gradle-instrumentation-agent-9.6.1.jar path:C:\Users\momos\.vscode\extensions\redhat.java-1.56.0-win32-x64\jre\21.0.12.1-win32-x86_64\bin\instrument.dll, loaded, initialized, instrumentlib options:none

dbghelp: loaded successfully - version: 4.0.5 - missing functions: none
symbol engine: initialized successfully - sym options: 0x614 - pdb path: .;C:\Users\momos\.vscode\extensions\redhat.java-1.56.0-win32-x64\jre\21.0.12.1-win32-x86_64\bin;C:\Windows\SYSTEM32;C:\Windows\WinSxS\amd64_microsoft.windows.common-controls_6595b64144ccf1df_6.0.26100.9278_none_3e0d1ba8e3303201;C:\Users\momos\.vscode\extensions\redhat.java-1.56.0-win32-x64\jre\21.0.12.1-win32-x86_64\bin\server;C:\Users\momos\.gradle\native\660c5614fbf4a5f2a75b1949f50a0caf5cd603558e7d8a26e50b933a0cfb79d1\windows-amd64;C:\Users\momos\.gradle\native\0.2.8\x86_64-windows-gnu

VM Arguments:
jvm_args: --add-opens=java.base/java.lang=ALL-UNNAMED --add-opens=java.base/java.lang.invoke=ALL-UNNAMED --add-opens=java.base/java.util=ALL-UNNAMED --add-opens=java.prefs/java.util.prefs=ALL-UNNAMED --add-exports=jdk.compiler/com.sun.tools.javac.api=ALL-UNNAMED --add-exports=jdk.compiler/com.sun.tools.javac.util=ALL-UNNAMED --add-opens=java.base/java.nio.charset=ALL-UNNAMED --add-opens=java.base/java.net=ALL-UNNAMED --add-opens=java.base/java.util.concurrent=ALL-UNNAMED --add-opens=java.base/java.util.concurrent.atomic=ALL-UNNAMED --add-opens=java.xml/javax.xml.namespace=ALL-UNNAMED --add-opens=java.base/java.time=ALL-UNNAMED -XX:MaxMetaspaceSize=384m -XX:+HeapDumpOnOutOfMemoryError -Xms256m -Xmx512m -Dfile.encoding=UTF-8 -Duser.country=JP -Duser.language=ja -Duser.variant -javaagent:C:\Users\momos\.gradle\wrapper\dists\gradle-9.6.1-bin\4ticwg1pgcbps2hj28r8so764\gradle-9.6.1\lib\agents\gradle-instrumentation-agent-9.6.1.jar 
java_command: org.gradle.launcher.daemon.bootstrap.GradleDaemon 9.6.1
java_class_path (initial): C:\Users\momos\.gradle\wrapper\dists\gradle-9.6.1-bin\4ticwg1pgcbps2hj28r8so764\gradle-9.6.1\lib\gradle-daemon-main-9.6.1.jar
Launcher Type: SUN_STANDARD

[Global flags]
     intx CICompilerCount                          = 12                                        {product} {ergonomic}
   size_t CompressedClassSpaceSize                 = 335544320                                 {product} {ergonomic}
     uint ConcGCThreads                            = 3                                         {product} {ergonomic}
     uint G1ConcRefinementThreads                  = 13                                        {product} {ergonomic}
   size_t G1HeapRegionSize                         = 1048576                                   {product} {ergonomic}
    uintx GCDrainStackTargetSize                   = 64                                        {product} {ergonomic}
     bool HeapDumpOnOutOfMemoryError               = true                                   {manageable} {command line}
   size_t InitialHeapSize                          = 268435456                                 {product} {command line}
   size_t MarkStackSize                            = 4194304                                   {product} {ergonomic}
   size_t MaxHeapSize                              = 536870912                                 {product} {command line}
   size_t MaxMetaspaceSize                         = 402653184                                 {product} {command line}
   size_t MaxNewSize                               = 321912832                                 {product} {ergonomic}
   size_t MinHeapDeltaBytes                        = 1048576                                   {product} {ergonomic}
   size_t MinHeapSize                              = 268435456                                 {product} {command line}
    uintx NonNMethodCodeHeapSize                   = 7602480                                {pd product} {ergonomic}
    uintx NonProfiledCodeHeapSize                  = 122027880                              {pd product} {ergonomic}
    uintx ProfiledCodeHeapSize                     = 122027880                              {pd product} {ergonomic}
    uintx ReservedCodeCacheSize                    = 251658240                              {pd product} {ergonomic}
     bool SegmentedCodeCache                       = true                                      {product} {ergonomic}
   size_t SoftMaxHeapSize                          = 536870912                              {manageable} {ergonomic}
     bool UseCompressedOops                        = true                           {product lp64_product} {ergonomic}
     bool UseG1GC                                  = true                                      {product} {ergonomic}
     bool UseLargePagesIndividualAllocation        = false                                  {pd product} {ergonomic}

Logging:
Log output configuration:
 #0: stdout all=warning uptime,level,tags foldmultilines=false
 #1: stderr all=off uptime,level,tags foldmultilines=false

Release file:
JAVA_VERSION="21.0.12.1" 
MODULES="java.base java.compiler java.datatransfer java.xml java.prefs java.desktop java.instrument java.logging java.management java.security.sasl java.naming java.rmi java.management.rmi java.net.http java.scripting java.security.jgss java.transaction.xa java.sql java.sql.rowset java.xml.crypto java.se java.smartcardio jdk.accessibility jdk.internal.jvmstat jdk.attach jdk.charsets jdk.internal.opt jdk.zipfs jdk.compiler jdk.crypto.ec jdk.crypto.cryptoki jdk.crypto.mscapi jdk.dynalink jdk.internal.ed jdk.editpad jdk.hotspot.agent jdk.httpserver jdk.internal.le jdk.internal.vm.ci jdk.internal.vm.compiler jdk.internal.vm.compiler.management jdk.jartool jdk.javadoc jdk.jcmd jdk.management jdk.management.agent jdk.jconsole jdk.jdeps jdk.jdwp.agent jdk.jdi jdk.jfr jdk.jshell jdk.jsobject jdk.jstatd jdk.localedata jdk.management.jfr jdk.naming.dns jdk.naming.rmi jdk.net jdk.nio.mapmode jdk.random jdk.sctp jdk.security.auth jdk.security.jgss jdk.unsupported jdk.unsupported.desktop jdk.xml.dom" 

Environment Variables:
JAVA_HOME=C:\Program Files\Eclipse Adoptium\jdk-21.0.12.8-hotspot\
PATH=C:\Program Files\Eclipse Adoptium\jdk-21.0.12.8-hotspot\bin;C:\Program Files (x86)\Common Files\Oracle\Java\javapath;C:\Program Files (x86)\Common Files\Oracle\Java\java8path;C:\Windows\system32;C:\Windows;C:\Windows\System32\Wbem;C:\Windows\System32\WindowsPowerShell\v1.0\;C:\Windows\System32\OpenSSH\;C:\Program Files (x86)\NVIDIA Corporation\PhysX\Common;C:\Program Files\dotnet\;C:\Program Files\NVIDIA Corporation\NVIDIA App\NvDLISR;C:\Program Files\Git\cmd;C:\Gradle\gradle-9.6.1\bin;C:\Users\momos\AppData\Local\Microsoft\WindowsApps;C:\Users\momos\AppData\Local\Programs\Microsoft VS Code\bin;C:\Program Files\OpenSSL-Win64\bin;
USERNAME=momos
OS=Windows_NT
PROCESSOR_IDENTIFIER=AMD64 Family 25 Model 33 Stepping 2, AuthenticAMD
TMP=C:\Users\momos\AppData\Local\Temp
TEMP=C:\Users\momos\AppData\Local\Temp




Periodic native trim disabled

---------------  S Y S T E M  ---------------

OS:
 Windows 11 , 64 bit Build 26100 (10.0.26100.9444)
OS uptime: 0 days 0:23 hours
Hyper-V role detected

CPU: total 16 (initial active 16) (16 cores per cpu, 2 threads per core) family 25 model 33 stepping 2 microcode 0xa201210, cx8, cmov, fxsr, ht, mmx, 3dnowpref, sse, sse2, sse3, ssse3, sse4a, sse4.1, sse4.2, popcnt, lzcnt, tsc, tscinvbit, avx, avx2, aes, clmul, bmi1, bmi2, adx, sha, fma, vzeroupper, clflush, clflushopt, hv, rdtscp, rdpid, f16c, cet_ss
Processor Information for the first 16 processors :
  Max Mhz: 3401, Current Mhz: 3401, Mhz Limit: 3401

Memory: 4k page, system-wide physical 32696M (620M free)
TotalPageFile size 93504M (AvailPageFile size 29M)
current process WorkingSet (physical memory assigned to process): 290M, peak: 290M
current process commit charge ("private bytes"): 460M, peak: 460M

vm_info: OpenJDK 64-Bit Server VM (21.0.12.1+1-LTS) for windows-amd64 JRE (21.0.12.1+1-LTS), built on 2026-08-18T00:00:00Z by "admin" with MS VC++ 17.12 (VS2022)

END.
